{"Time":"","Action":"run","Package":"github.com/myOrg/myProject","Test":"TestFoo1"}
{"Time":"","Action":"output","Package":"github.com/myOrg/myProject","Test":"TestFoo1","Output":"=== RUN   Test1\n"}
{"Time":"","Action":"output","Package":"github.com/myOrg/myProject","Test":"TestFoo1","Output":"--- PASS: Test1 (0.001s)\n"}
{"Time":"","Action":"pass","Package":"github.com/myOrg/myProject","Test":"TestFoo1","Elapsed":0.001}
