kubernetes/vendor/golang.org/x/crypto/poly1305/sum_ref.go: 246:8 249:8 251:8 253:8 255:8 258:8 261:8 264:8
samples/OneStatementPerLine.go: 10:7
