kubernetes/cmd/libs/go2idl/conversion-gen/generators/conversion.go: 353:3
kubernetes/cmd/libs/go2idl/go-to-protobuf/protobuf/generator.go: 309:4 450:3
kubernetes/cmd/libs/go2idl/go-to-protobuf/protobuf/parser.go: 132:3 189:4 199:4 204:7 216:3 229:4 313:4 340:4
kubernetes/federation/pkg/kubefed/init/init_test.go: 1205:5 1260:5
kubernetes/federation/pkg/kubefed/unjoin_test.go: 195:5 246:5
kubernetes/pkg/api/v1/conversion.go: 39:4 44:4 50:4 55:4 61:4 66:4 72:4 77:4 83:4 88:4 94:4 99:4 105:4 110:4 116:4 121:4
kubernetes/pkg/apis/rbac/helpers.go: 231:5
kubernetes/pkg/client/conditions/conditions.go: 46:3 65:3 83:3 102:3 122:4
kubernetes/pkg/client/unversioned/conditions.go: 163:3 182:3 200:3 219:3 239:4
kubernetes/pkg/controller/daemon/daemoncontroller.go: 1131:4
kubernetes/pkg/controller/garbagecollector/garbagecollector.go: 380:3
kubernetes/pkg/controller/serviceaccount/tokens_controller.go: 301:3
kubernetes/pkg/kubectl/cmd/annotate_test.go: 435:5 443:5 486:5 494:5 568:5 576:5
kubernetes/pkg/kubectl/cmd/delete_test.go: 282:5
kubernetes/pkg/kubectl/cmd/label_test.go: 357:5 365:5 442:5 450:5
kubernetes/pkg/kubectl/cmd/util/helpers.go: 154:3 156:4 212:3 226:3
kubernetes/pkg/kubectl/sorting_printer.go: 212:3
kubernetes/pkg/kubelet/kubelet_pods.go: 1012:3
kubernetes/pkg/kubelet/pleg/generic.go: 155:3
kubernetes/pkg/printers/internalversion/describe.go: 244:5
kubernetes/pkg/printers/jsonpath.go: 49:4
kubernetes/pkg/registry/rbac/reconciliation/reconcile_rolebindings.go: 127:3
kubernetes/pkg/serviceaccount/jwt.go: 148:3
kubernetes/pkg/volume/util.go: 108:4
kubernetes/plugin/pkg/admission/noderestriction/admission.go: 101:3
kubernetes/staging/src/k8s.io/apimachinery/pkg/api/errors/errors.go: 463:4
kubernetes/staging/src/k8s.io/apimachinery/pkg/api/meta/help.go: 134:4
kubernetes/staging/src/k8s.io/apimachinery/pkg/api/resource/amount.go: 122:4 138:4
kubernetes/staging/src/k8s.io/apimachinery/pkg/api/resource/quantity.go: 302:3
kubernetes/staging/src/k8s.io/apimachinery/pkg/api/testing/valuefuzz.go: 72:3
kubernetes/staging/src/k8s.io/apimachinery/pkg/api/validation/objectmeta.go: 336:3
kubernetes/staging/src/k8s.io/apimachinery/pkg/conversion/converter.go: 642:3
kubernetes/staging/src/k8s.io/apimachinery/pkg/conversion/unstructured/converter.go: 158:4 160:5 166:5 173:5 180:5
kubernetes/staging/src/k8s.io/apimachinery/pkg/labels/selector.go: 574:4 705:4
kubernetes/staging/src/k8s.io/apimachinery/pkg/util/diff/diff.go: 154:4
kubernetes/staging/src/k8s.io/apimachinery/pkg/util/jsonmergepatch/patch.go: 117:4
kubernetes/staging/src/k8s.io/apimachinery/pkg/util/mergepatch/util.go: 95:3 112:3
kubernetes/staging/src/k8s.io/apimachinery/pkg/util/strategicpatch/patch.go: 2084:3 2091:3
kubernetes/staging/src/k8s.io/apimachinery/pkg/util/validation/field/errors.go: 63:3
kubernetes/staging/src/k8s.io/apiserver/pkg/endpoints/handlers/response.go: 125:5
kubernetes/staging/src/k8s.io/apiserver/pkg/endpoints/handlers/responsewriters/status.go: 42:4 53:3
kubernetes/staging/src/k8s.io/apiserver/pkg/endpoints/handlers/rest.go: 671:4
kubernetes/staging/src/k8s.io/apiserver/pkg/endpoints/installer.go: 634:4 905:4
kubernetes/staging/src/k8s.io/apiserver/pkg/storage/etcd3/watcher.go: 301:3
kubernetes/staging/src/k8s.io/client-go/pkg/api/v1/conversion.go: 39:4 44:4 50:4 55:4 61:4 66:4 72:4 77:4 83:4 88:4 94:4 99:4 105:4 110:4 116:4 121:4
kubernetes/staging/src/k8s.io/client-go/pkg/apis/rbac/helpers.go: 230:5
kubernetes/staging/src/k8s.io/client-go/third_party/forked/golang/template/funcs.go: 122:4
kubernetes/third_party/forked/etcd221/wal/repair.go: 47:4
kubernetes/third_party/forked/etcd237/wal/repair.go: 47:4
kubernetes/third_party/forked/golang/template/funcs.go: 122:4
kubernetes/vendor/github.com/Azure/go-ansiterm/csi_entry_state.go: 35:3
kubernetes/vendor/github.com/PuerkitoBio/urlesc/urlesc.go: 43:3
kubernetes/vendor/github.com/appc/spec/schema/types/resource/amount.go: 121:4 137:4
kubernetes/vendor/github.com/appc/spec/schema/types/resource/quantity.go: 300:3
kubernetes/vendor/github.com/asaskevich/govalidator/validator.go: 729:7 759:5
kubernetes/vendor/github.com/aws/aws-sdk-go/aws/awsutil/prettify.go: 105:3
kubernetes/vendor/github.com/aws/aws-sdk-go/aws/awsutil/string_value.go: 83:3
kubernetes/vendor/github.com/aws/aws-sdk-go/private/protocol/json/jsonutil/build.go: 196:3
kubernetes/vendor/github.com/aws/aws-sdk-go/private/protocol/json/jsonutil/unmarshal.go: 177:3 190:3 203:3
kubernetes/vendor/github.com/aws/aws-sdk-go/private/protocol/rest/unmarshal.go: 72:7
kubernetes/vendor/github.com/cloudflare/cfssl/csr/csr.go: 83:3 104:3 115:3
kubernetes/vendor/github.com/cloudflare/cfssl/errors/error.go: 221:3 230:3 253:3 277:3 291:3 305:3 321:3 329:3 345:3 360:3 369:3 403:4
kubernetes/vendor/github.com/cloudflare/cfssl/helpers/helpers.go: 454:3 465:3
kubernetes/vendor/github.com/cloudflare/cfssl/signer/signer.go: 131:3 142:3
kubernetes/vendor/github.com/coreos/etcd/etcdserver/api/v2http/client.go: 209:3 238:3 259:3 284:3 648:3
kubernetes/vendor/github.com/coreos/etcd/etcdserver/api/v2http/http.go: 62:3
kubernetes/vendor/github.com/coreos/etcd/etcdserver/apply.go: 552:3 570:3
kubernetes/vendor/github.com/coreos/etcd/etcdserver/server.go: 1568:3
kubernetes/vendor/github.com/coreos/etcd/raft/raft.go: 698:3 834:4 879:5 1014:3
kubernetes/vendor/github.com/coreos/etcd/rafthttp/stream.go: 474:3
kubernetes/vendor/github.com/coreos/etcd/rafthttp/util.go: 112:3
kubernetes/vendor/github.com/coreos/etcd/wal/repair.go: 43:4
kubernetes/vendor/github.com/evanphx/json-patch/merge.go: 287:4
kubernetes/vendor/github.com/exponent-io/jsonpath/decoder.go: 108:3 133:3 143:3
kubernetes/vendor/github.com/garyburd/redigo/redis/conn.go: 423:3
kubernetes/vendor/github.com/garyburd/redigo/redis/scan.go: 144:3 165:3 187:3 194:3 282:6 294:4
kubernetes/vendor/github.com/ghodss/yaml/yaml.go: 133:4 148:5 253:4
kubernetes/vendor/github.com/go-ini/ini/struct.go: 149:4
kubernetes/vendor/github.com/go-openapi/validate/type.go: 90:3
kubernetes/vendor/github.com/godbus/dbus/auth.go: 148:4
kubernetes/vendor/github.com/godbus/dbus/decoder.go: 79:3
kubernetes/vendor/github.com/godbus/dbus/encoder.go: 152:3
kubernetes/vendor/github.com/gogo/protobuf/plugin/marshalto/marshalto.go: 879:4 909:4
kubernetes/vendor/github.com/gogo/protobuf/plugin/size/size.go: 367:4 391:4
kubernetes/vendor/github.com/gogo/protobuf/proto/clone.go: 156:4 200:3
kubernetes/vendor/github.com/gogo/protobuf/proto/lib.go: 751:3
kubernetes/vendor/github.com/gogo/protobuf/proto/properties.go: 468:3 516:3 570:4 602:4 621:4
kubernetes/vendor/github.com/gogo/protobuf/proto/text_parser.go: 918:3 974:3
kubernetes/vendor/github.com/gogo/protobuf/protoc-gen-gogo/generator/generator.go: 2336:4
kubernetes/vendor/github.com/golang/protobuf/proto/clone.go: 151:4 195:3
kubernetes/vendor/github.com/golang/protobuf/proto/lib.go: 751:3
kubernetes/vendor/github.com/golang/protobuf/proto/properties.go: 383:3 431:3 485:4 517:4 536:4
kubernetes/vendor/github.com/golang/protobuf/proto/text_parser.go: 800:3 856:3
kubernetes/vendor/github.com/google/cadvisor/api/versions.go: 214:3
kubernetes/vendor/github.com/google/cadvisor/manager/manager.go: 1083:6
kubernetes/vendor/github.com/google/certificate-transparency/go/asn1/asn1.go: 616:6 853:3
kubernetes/vendor/github.com/google/certificate-transparency/go/asn1/marshal.go: 455:3
kubernetes/vendor/github.com/google/certificate-transparency/go/x509/x509.go: 953:6 961:7 1460:3
kubernetes/vendor/github.com/gophercloud/gophercloud/openstack/compute/v2/flavors/results.go: 70:3
kubernetes/vendor/github.com/gophercloud/gophercloud/openstack/compute/v2/servers/results.go: 194:3
kubernetes/vendor/github.com/gophercloud/gophercloud/openstack/networking/v2/extensions/lbaas_v2/monitors/requests.go: 132:3 136:3
kubernetes/vendor/github.com/gophercloud/gophercloud/params.go: 322:7
kubernetes/vendor/github.com/gophercloud/gophercloud/provider_client.go: 225:6
kubernetes/vendor/github.com/gorilla/websocket/conn.go: 676:3
kubernetes/vendor/github.com/hashicorp/hcl/decoder.go: 160:3 253:3 461:3
kubernetes/vendor/github.com/hashicorp/hcl/hcl/scanner/scanner.go: 161:3
kubernetes/vendor/github.com/hashicorp/hcl/hcl/strconv/quote.go: 177:3
kubernetes/vendor/github.com/hashicorp/hcl/json/scanner/scanner.go: 161:3
kubernetes/vendor/github.com/imdario/mergo/merge.go: 49:4
kubernetes/vendor/github.com/jmespath/go-jmespath/interpreter.go: 42:3 56:3
kubernetes/vendor/github.com/miekg/dns/clientconfig.go: 73:5
kubernetes/vendor/github.com/miekg/dns/dnssec.go: 339:3
kubernetes/vendor/github.com/miekg/dns/dnssec_keygen.go: 66:3
kubernetes/vendor/github.com/miekg/dns/dnssec_keyscan.go: 105:4
kubernetes/vendor/github.com/miekg/dns/dnssec_privkey.go: 56:3
kubernetes/vendor/github.com/miekg/dns/format.go: 31:3
kubernetes/vendor/github.com/miekg/dns/msg.go: 333:5
kubernetes/vendor/github.com/miekg/dns/msg_generate.go: 150:5 259:5
kubernetes/vendor/github.com/miekg/dns/scan.go: 214:4 282:4 392:4 425:4 437:4 548:5 773:4
kubernetes/vendor/github.com/miekg/dns/scan_rr.go: 85:4 990:4
kubernetes/vendor/github.com/miekg/dns/tlsa.go: 18:3 26:3 36:3
kubernetes/vendor/github.com/miekg/dns/types_generate.go: 198:5
kubernetes/vendor/github.com/mitchellh/mapstructure/decode_hooks.go: 131:3
kubernetes/vendor/github.com/mitchellh/mapstructure/mapstructure.go: 293:3
kubernetes/vendor/github.com/onsi/ginkgo/ginkgo/nodot/nodot.go: 184:4
kubernetes/vendor/github.com/onsi/ginkgo/reporters/stenographer/support/go-colorable/colorable_windows.go: 486:4 504:4 527:6
kubernetes/vendor/github.com/pelletier/go-toml/queryparser.go: 111:3 125:3
kubernetes/vendor/github.com/pkg/errors/stack.go: 54:3 85:3 106:3
kubernetes/vendor/github.com/pkg/sftp/client.go: 825:6 1062:3
kubernetes/vendor/github.com/pkg/sftp/packet.go: 55:3
kubernetes/vendor/github.com/prometheus/common/expfmt/text_parse.go: 409:3 428:3
kubernetes/vendor/github.com/rackspace/gophercloud/params.go: 148:7
kubernetes/vendor/github.com/russross/blackfriday/inline.go: 291:4 316:5 391:6 431:5
kubernetes/vendor/github.com/samuel/go-zookeeper/zk/structs.go: 445:3 536:3
kubernetes/vendor/github.com/spf13/pflag/flag.go: 440:3
kubernetes/vendor/github.com/square/go-jose/json/decode.go: 392:3 790:3 797:3 823:3 857:3 1117:4
kubernetes/vendor/github.com/stretchr/objx/accessors.go: 107:3
kubernetes/vendor/github.com/stretchr/testify/assert/assertions.go: 371:4
kubernetes/vendor/github.com/ugorji/go/codec/binc.go: 686:4 802:3
kubernetes/vendor/github.com/ugorji/go/codec/cbor.go: 490:3
kubernetes/vendor/github.com/ugorji/go/codec/gen.go: 623:3 1732:3
kubernetes/vendor/github.com/ugorji/go/codec/json.go: 695:4 707:4 721:4 729:4 738:4 1092:3 1098:4 1111:4
kubernetes/vendor/github.com/ugorji/go/codec/msgpack.go: 337:3 405:3 469:3
kubernetes/vendor/github.com/vishvananda/netlink/filter_linux.go: 114:5 121:5 167:5 180:7
kubernetes/vendor/github.com/vishvananda/netlink/link_linux.go: 490:5 493:6 520:6
kubernetes/vendor/github.com/vishvananda/netlink/qdisc_linux.go: 117:5 130:5
kubernetes/vendor/github.com/vmware/govmomi/vim25/mo/retrieve.go: 31:3
kubernetes/vendor/github.com/vmware/govmomi/vim25/xml/marshal.go: 758:4 792:4 822:4
kubernetes/vendor/github.com/vmware/govmomi/vim25/xml/read.go: 489:4 655:4
kubernetes/vendor/github.com/vmware/govmomi/vim25/xml/xml.go: 604:3 666:4
kubernetes/vendor/golang.org/x/crypto/pkcs12/pkcs12.go: 153:3
kubernetes/vendor/golang.org/x/crypto/ssh/keys.go: 705:3
kubernetes/vendor/golang.org/x/crypto/ssh/messages.go: 375:4 462:4
kubernetes/vendor/golang.org/x/crypto/ssh/terminal/terminal.go: 486:3
kubernetes/vendor/golang.org/x/net/html/foreign.go: 51:3
kubernetes/vendor/golang.org/x/net/html/parse.go: 501:3 530:3 540:3 577:3 595:3 639:3 660:3 705:3 728:3 759:4 779:5 797:5 892:5 982:3 1214:3 1222:3 1272:4 1283:3 1316:3 1334:3 1381:3 1391:3 1415:3 1433:3 1467:3 1483:3 1518:3 1536:3 1572:3 1604:3 1639:3 1712:3 1725:3 1762:3 1769:3 1831:3 1866:5 1883:3
kubernetes/vendor/golang.org/x/net/html/render.go: 105:5
kubernetes/vendor/golang.org/x/net/html/token.go: 936:4
kubernetes/vendor/golang.org/x/net/http2/gotrack.go: 96:3
kubernetes/vendor/golang.org/x/net/http2/server.go: 949:4
kubernetes/vendor/golang.org/x/net/trace/trace.go: 216:4
kubernetes/vendor/golang.org/x/text/cases/map.go: 358:4 488:7
kubernetes/vendor/golang.org/x/text/unicode/bidi/core.go: 331:5
kubernetes/vendor/google.golang.org/grpc/rpc_util.go: 401:3
kubernetes/vendor/gopkg.in/gcfg.v1/scanner/scanner.go: 311:3
kubernetes/vendor/gopkg.in/yaml.v2/decode.go: 382:3 413:3 436:3 442:3
kubernetes/vendor/gopkg.in/yaml.v2/readerc.go: 171:5 198:5 227:5
kubernetes/vendor/k8s.io/gengo/parser/parse.go: 725:3
