kubernetes/pkg/credentialprovider/gcp/metadata_test.go: 48:2 121:2
kubernetes/pkg/credentialprovider/keyring_test.go: 198:3 266:3 294:2 320:2 361:2 402:2
kubernetes/pkg/kubectl/cmd/config/config_test.go: 139:2 394:2 414:2
kubernetes/staging/src/k8s.io/client-go/tools/clientcmd/client_config_test.go: 164:2
