kubernetes/test/integration/master/master_test.go: 662:10
kubernetes/vendor/github.com/coreos/etcd/etcdserver/api/v3rpc/util.go: 67:7
kubernetes/vendor/github.com/stretchr/objx/value.go: 33:7
samples/NoIdenticalConditions.go: 6:12
