kubernetes/cmd/libs/go2idl/client-gen/test_apis/testgroup/v1/types.generated.go: 569:24 847:26
kubernetes/federation/apis/federation/v1beta1/generated.pb.go: 143:28 193:23 231:38 272:23 312:25 361:37
kubernetes/federation/apis/federation/v1beta1/types.generated.go: 391:23 752:28 1171:25 1512:19 1894:23 2255:38 2558:26 2677:26 2796:26
kubernetes/federation/apis/federation/v1beta1/zz_generated.conversion.go: 204:6
kubernetes/federation/client/clientset_generated/federation_clientset/clientset.go: 71:21 88:21 105:21 122:21 139:21
kubernetes/pkg/api/endpoints/util.go: 221:23
kubernetes/pkg/api/v1/conversion.go: 327:6
kubernetes/pkg/api/v1/defaults.go: 45:6
kubernetes/pkg/api/v1/endpoints/util.go: 221:23
kubernetes/pkg/api/v1/zz_generated.conversion.go: 399:6 520:6 626:6 723:6 1022:6 1048:6 1075:6 1138:6 1545:6 1566:6 1645:6 1669:6 1694:6 1718:6 1769:6 1815:6 1836:6 1896:6 2127:6 2168:6 2178:6 2188:6 2210:6 2476:6 2486:6 2681:6 2711:6 2747:6 2788:6 2961:6 3143:6 3210:6 3222:6 3233:6 3258:6 3395:6 3422:6 3432:6 3442:6 3483:6 3721:6 3733:6 3755:6 3895:6 4155:6 4304:6 4375:6 4388:6 4401:6 4415:6 4471:6 4485:6 4733:6 4743:6 4873:6 4884:6 4906:6 5010:6 5132:6
kubernetes/pkg/api/validation/validation.go: 1746:6
kubernetes/pkg/apis/abac/v1beta1/zz_generated.conversion.go: 84:6
kubernetes/pkg/apis/admission/types.generated.go: 631:31 1118:33
kubernetes/pkg/apis/admission/v1alpha1/generated.pb.go: 109:31 183:33
kubernetes/pkg/apis/admission/v1alpha1/types.generated.go: 704:31 1206:33
kubernetes/pkg/apis/admission/v1alpha1/zz_generated.conversion.go: 140:6
kubernetes/pkg/apis/admissionregistration/v1alpha1/generated.pb.go: 157:33 205:46 243:50 281:23 321:36 359:40 397:16 460:30 501:28 646:40
kubernetes/pkg/apis/admissionregistration/v1alpha1/types.generated.go: 595:40 933:23 1256:16 1621:46 1989:50 2338:33 2719:30 2937:24 2950:25 3040:37 3257:28 3526:26 3645:26 3764:26 3883:26 4002:26
kubernetes/pkg/apis/admissionregistration/v1alpha1/zz_generated.conversion.go: 253:6 302:6
kubernetes/pkg/apis/apps/v1beta1/generated.pb.go: 223:34 261:22 303:31 353:26 391:30 443:26 523:28 576:30 608:26 629:35 667:44 690:17 732:21 753:23 800:23 842:27 880:27 954:29 997:37 1111:26 1235:17 1271:23 1283:27 1344:37
kubernetes/pkg/apis/apps/v1beta1/types.generated.go: 379:23 720:17 954:23 1111:23 1450:37 1588:40 1601:41 1689:44 2058:27 2632:29 3108:27 3328:22 3485:22 4007:26 4562:30 4869:26 4985:30 5064:30 5202:33 5215:34 5347:35 5790:28 6152:34 6165:35 6365:31 6799:26 7193:30 7601:34 7940:26 8059:26 8178:26 8297:26
kubernetes/pkg/apis/apps/v1beta1/zz_generated.conversion.go: 280:6
kubernetes/pkg/apis/authentication/v1/generated.pb.go: 118:23 160:27 182:29 220:20
kubernetes/pkg/apis/authentication/v1/zz_generated.conversion.go: 91:6
kubernetes/pkg/apis/authentication/v1beta1/generated.pb.go: 118:23 160:27 182:29 220:20
kubernetes/pkg/apis/authentication/v1beta1/types.generated.go: 521:27 746:29 1079:20
kubernetes/pkg/apis/authentication/v1beta1/zz_generated.conversion.go: 91:6
kubernetes/pkg/apis/authorization/v1/generated.pb.go: 148:36 190:33 216:30 262:35 304:39 342:31 384:35 472:37 587:35 613:31
kubernetes/pkg/apis/authorization/v1/types.generated.go: 456:35 606:35 840:36 990:36 1020:36 1100:36 1445:30 1856:33 2187:35 2552:39 2808:37
kubernetes/pkg/apis/authorization/v1/zz_generated.conversion.go: 100:6 127:6 197:6 213:6 269:6
kubernetes/pkg/apis/authorization/v1beta1/generated.pb.go: 148:36 190:33 216:30 262:35 304:39 342:31 384:35 472:37 587:35 613:31
kubernetes/pkg/apis/authorization/v1beta1/types.generated.go: 456:35 606:35 840:36 990:36 1020:36 1100:36 1445:30 1856:33 2187:35 2552:39 2808:37
kubernetes/pkg/apis/authorization/v1beta1/zz_generated.conversion.go: 100:6 127:6 197:6 213:6 269:6
kubernetes/pkg/apis/autoscaling/v1/generated.pb.go: 200:35 242:44 284:39 322:39 361:41 405:22 457:24 509:30 547:30 585:28 615:28 645:32 682:32 717:17 759:21 780:23 939:24 1031:17
kubernetes/pkg/apis/autoscaling/v1/types.generated.go: 504:39 921:41 1364:35 1746:39 1966:17 2123:17 2422:21 2622:23 2918:22 3216:30 3481:28 3763:32 3959:24 4079:24 4281:47 4294:48 4456:44 4794:30 5059:28 5328:32
kubernetes/pkg/apis/autoscaling/v1/zz_generated.conversion.go: 91:6 224:6 353:6 375:6 476:6 497:6
kubernetes/pkg/apis/autoscaling/v2alpha1/generated.pb.go: 182:35 224:44 266:39 304:39 350:41 413:22 465:24 517:30 555:30 593:28 623:28 653:32 690:32 871:24
kubernetes/pkg/apis/autoscaling/v2alpha1/types.generated.go: 502:39 864:22 1162:30 1427:28 1709:32 2116:41 2428:47 2441:48 2603:44 2845:24 2965:24 3263:30 3528:28 3797:32 4142:35 4524:39 4863:26 4982:26 5101:26
kubernetes/pkg/apis/autoscaling/v2alpha1/zz_generated.conversion.go: 85:6 370:6 392:6
kubernetes/pkg/apis/batch/v1/generated.pb.go: 129:24 179:19 217:19 278:21
kubernetes/pkg/apis/batch/v1/types.generated.go: 617:19 1067:19 1624:21 2159:24 2564:26
kubernetes/pkg/apis/batch/v2alpha1/generated.pb.go: 135:23 173:23 232:25 272:23 306:27
kubernetes/pkg/apis/batch/v2alpha1/types.generated.go: 516:27 815:19 1197:23 1646:23 2121:25 2408:26
kubernetes/pkg/apis/certificates/v1beta1/generated.pb.go: 143:46 181:41 219:41 312:43 348:21
kubernetes/pkg/apis/certificates/v1beta1/types.generated.go: 683:41 1106:43 1420:46 1786:41 2006:19 2019:20 2507:26
kubernetes/pkg/apis/componentconfig/v1alpha1/zz_generated.conversion.go: 84:6 174:6 201:6 751:6 772:6
kubernetes/pkg/apis/extensions/v1beta1/conversion.go: 370:6
kubernetes/pkg/apis/extensions/v1beta1/generated.pb.go: 446:37 476:41 506:30 536:34 546:34 566:21 608:25 646:25 701:27 748:35 780:22 822:31 872:26 910:30 962:26 1042:28 1095:30 1127:34 1161:27 1191:32 1221:25 1245:19 1255:19 1269:19 1311:26 1341:23 1379:23 1409:28 1437:23 1489:25 1515:22 1552:25 1586:36 1628:29 1666:29 1704:29 1738:29 1776:29 1810:33 1848:33 2010:22 2052:31 2094:26 2132:26 2176:28 2221:38 2239:26 2260:34 2288:35 2326:36 2336:36 2360:34 2392:17 2434:21 2455:23 2502:45 2512:45 2536:30 2578:34 2610:38 2648:34 2753:34 2839:22 2869:26 2951:30 3007:19 3015:19 3037:23 3143:29 3199:29 3209:33 3272:22 3300:26 3384:36 3410:17 3446:45 3488:38 3502:34
kubernetes/pkg/apis/extensions/v1beta1/types.generated.go: 377:23 718:17 1043:38 1278:30 1500:34 1701:37 1923:41 2220:30 2622:34 2907:22 3178:34 3398:22 3555:22 4077:26 4632:30 4939:26 5134:30 5417:35 5860:28 6222:34 6235:35 6435:31 6869:26 7089:35 7168:35 7306:38 7319:39 7411:34 7733:25 8272:27 8668:21 8825:21 9207:25 9575:38 9795:19 9952:19 10334:23 10685:23 10966:22 11173:25 11382:23 11599:28 11779:32 11971:27 12196:26 12352:22 12509:22 12891:26 13266:26 13688:28 13974:34 13987:35 14149:31 14530:29 15123:33 15641:17 15654:18 15744:25 15966:34 16104:26 16117:27 16212:36 16352:19 16429:19 16579:28 16592:29 16694:34 16724:34 16772:34 16834:30 16847:31 16860:45 16949:45 16979:45 17027:45 17089:41 17102:42 17263:33 17483:25 17622:25 17928:29 18187:36 18444:29 18717:29 19035:29 19374:26 19493:26 19612:26 19731:26 19850:26 19969:26 20088:26 20207:26 20326:26 20445:26 20564:26 20683:26 20802:26 21148:26 21267:26 21386:26 21505:26 21624:26 21743:26 21862:26
kubernetes/pkg/apis/extensions/v1beta1/zz_generated.conversion.go: 169:6 190:6 236:6 401:6 826:6 946:6 970:6 1066:6 1455:6 1573:6 1583:6 1590:6 1653:6
kubernetes/pkg/apis/imagepolicy/v1alpha1/generated.pb.go: 123:36 145:27 201:29
kubernetes/pkg/apis/imagepolicy/v1alpha1/types.generated.go: 589:27 838:36 1038:29
kubernetes/pkg/apis/imagepolicy/v1alpha1/zz_generated.conversion.go: 91:6 136:6
kubernetes/pkg/apis/networking/v1/conversion.go: 137:6
kubernetes/pkg/apis/networking/v1/generated.pb.go: 131:36 173:29 211:29 249:29 283:29
kubernetes/pkg/apis/networking/v1/types.generated.go: 521:29 780:36 1037:29 1310:29 1628:29 1967:26 2086:26 2205:26
kubernetes/pkg/apis/networking/v1/zz_generated.conversion.go: 142:6
kubernetes/pkg/apis/policy/v1beta1/generated.pb.go: 127:31 169:35 207:35 255:37
kubernetes/pkg/apis/policy/v1beta1/types.generated.go: 619:37 1062:31 1444:35 1821:20
kubernetes/pkg/apis/policy/v1beta1/zz_generated.conversion.go: 64:6 145:6 172:6
kubernetes/pkg/apis/rbac/v1alpha1/generated.pb.go: 171:30 217:37 243:34 281:27 319:22 412:29 438:16 476:23 522:27 560:20 598:19 628:19 741:27 799:16 813:23 829:27 843:20
kubernetes/pkg/apis/rbac/v1alpha1/types.generated.go: 655:19 969:19 1301:16 1680:23 2072:27 2440:20 2660:23 2808:23 2838:23 2916:23 3028:30 3187:30 3217:30 3302:30 3579:34 3947:27 4286:26 4405:26 4524:26 4643:26 4762:26
kubernetes/pkg/apis/rbac/v1alpha1/zz_generated.conversion.go: 289:6 300:6 315:6 339:6 443:6 463:6
kubernetes/pkg/apis/rbac/v1beta1/generated.pb.go: 171:30 217:37 243:34 281:27 319:22 412:29 438:16 476:23 522:27 560:20 598:19 628:19 741:27 799:16 813:23 829:27 843:20
kubernetes/pkg/apis/rbac/v1beta1/types.generated.go: 655:19 969:19 1301:16 1680:23 2072:27 2440:20 2660:23 2808:23 2838:23 2916:23 3028:30 3187:30 3217:30 3302:30 3579:34 3947:27 4286:26 4405:26 4524:26 4643:26 4762:26
kubernetes/pkg/apis/rbac/v1beta1/zz_generated.conversion.go: 257:6 268:6 283:6 297:6 379:6 404:6
kubernetes/pkg/apis/settings/v1alpha1/generated.pb.go: 107:25 145:25
kubernetes/pkg/apis/storage/v1/generated.pb.go: 119:28
kubernetes/pkg/apis/storage/v1/zz_generated.conversion.go: 57:6
kubernetes/pkg/apis/storage/v1beta1/generated.pb.go: 119:28
kubernetes/pkg/apis/storage/v1beta1/types.generated.go: 648:28
kubernetes/pkg/apis/storage/v1beta1/zz_generated.conversion.go: 57:6
kubernetes/pkg/client/clientset_generated/clientset/clientset.go: 134:21 151:21 168:21 185:21 210:21 235:21 260:21 285:21 302:21 319:21 336:21 353:21 378:21 403:21
kubernetes/pkg/cloudprovider/providers/aws/aws.go: 2005:6
kubernetes/pkg/cloudprovider/providers/aws/aws_loadbalancer.go: 370:6
kubernetes/pkg/cloudprovider/providers/azure/azure_loadbalancer.go: 862:6
kubernetes/pkg/cloudprovider/providers/rackspace/rackspace.go: 427:21
kubernetes/pkg/controller/controller_utils.go: 855:41
kubernetes/pkg/controller/daemon/daemoncontroller.go: 1258:33
kubernetes/pkg/controller/deployment/util/deployment_util.go: 134:6
kubernetes/pkg/controller/garbagecollector/metaonly/types.generated.go: 527:34
kubernetes/pkg/controller/volume/attachdetach/cache/actual_state_of_world_test.go: 468:6
kubernetes/pkg/kubectl/cmd/util/cached_discovery_test.go: 159:31
kubernetes/pkg/kubelet/apis/cri/v1alpha1/runtime/api.pb.go: 4308:27 4350:21 4413:23 4452:17 4502:27 4550:22 4573:39 4659:33 4710:30 4751:28 4857:32 4885:33 4909:33 4919:33 4933:34 4951:35 4961:35 4975:36 4985:36 4993:35 5003:35 5017:35 5041:21 5069:33 5097:28 5195:36 5223:32 5246:28 5297:33 5325:22 5403:34 5433:21 5457:20 5487:35 5530:25 5572:22 5620:41 5728:32 5766:29 5795:18 5831:27 6021:34 6065:35 6089:33 6099:33 6113:34 6123:34 6131:32 6160:33 6170:33 6178:34 6188:34 6202:35 6212:35 6220:31 6230:31 6243:27 6300:33 6328:21 6428:34 6458:34 6468:34 6482:27 6621:35 6649:27 6693:28 6728:23 6787:24 6811:25 6855:26 6865:26 6879:30 6921:31 6931:31 6945:23 6973:29 7001:17 7076:30 7106:30 7134:31 7162:22 7216:28 7264:29 7288:30 7316:31 7326:31 7334:25 7358:25 7386:38 7414:39 7424:39 7432:28 7478:25 7508:25 7518:25 7526:26 7554:30 7564:30 7572:23 7582:23 7595:29 7619:27 7672:31 7702:33 7712:33 7726:34 7754:37 7782:32 7829:38 7859:31 7927:26 7985:20 8018:23 8339:33 8355:35 8365:36 8371:35 8836:33 8846:34 8865:33 8871:34 8881:35 8887:31 8922:33 8992:34 9073:35 9167:26 9194:31 9214:29 9269:30 9279:31 9347:30 9357:31 9393:39 9432:25 9438:26 9448:30 9454:23 9506:33 9526:37
kubernetes/pkg/kubelet/cadvisor/testing/cadvisor_mock.go: 77:16
kubernetes/pkg/kubelet/container/helpers.go: 128:6
kubernetes/pkg/kubelet/container/testing/os.go: 76:18
kubernetes/pkg/kubelet/container/testing/runtime_mock.go: 53:16
kubernetes/pkg/kubelet/dockershim/libdocker/fake_client.go: 481:28
kubernetes/pkg/kubelet/eviction/helpers.go: 941:6
kubernetes/pkg/kubelet/network/cni/testing/mock_cni.go: 41:19 46:19
kubernetes/pkg/kubelet/rkt/rkt_test.go: 60:6
kubernetes/pkg/kubelet/server/stats/mocks_test.go: 187:30
kubernetes/pkg/kubelet/volumemanager/cache/desired_state_of_world_test.go: 77:6
kubernetes/pkg/printers/internalversion/printers.go: 1887:6
kubernetes/pkg/quota/resources.go: 50:6
kubernetes/pkg/registry/authorization/rest/storage_authorization.go: 77:30
kubernetes/pkg/registry/core/pod/storage/storage_test.go: 619:6
kubernetes/pkg/util/util.go: 119:6 135:6
kubernetes/pkg/volume/azure_dd/azure_common.go: 372:6
kubernetes/pkg/volume/util/nestedpendingoperations/nestedpendingoperations_test.go: 292:6
kubernetes/plugin/pkg/admission/limitranger/admission_test.go: 552:6
kubernetes/plugin/pkg/admission/resourcequota/apis/resourcequota/v1alpha1/zz_generated.conversion.go: 81:6
kubernetes/staging/src/k8s.io/apiextensions-apiserver/pkg/apis/apiextensions/v1beta1/generated.pb.go: 143:45 185:40 223:41 272:40 310:42
kubernetes/staging/src/k8s.io/apiextensions-apiserver/pkg/apis/apiextensions/v1beta1/zz_generated.conversion.go: 153:6
kubernetes/staging/src/k8s.io/apiextensions-apiserver/pkg/client/clientset/clientset/clientset.go: 51:21
kubernetes/staging/src/k8s.io/apimachinery/pkg/apis/meta/v1/conversion.go: 172:6 178:6 219:6 228:6
kubernetes/staging/src/k8s.io/apimachinery/pkg/apis/meta/v1/generated.pb.go: 329:24 359:23 437:27 471:23 516:25 565:20 586:25 620:22 650:21 676:25 702:24 728:36 754:28 784:32 814:23 836:24 876:25 928:36 969:20 995:23 1046:22 1201:26 1255:25 1279:21 1312:37 1338:18 1389:23 1419:25 1468:21 1492:20 1518:16 1551:22
kubernetes/staging/src/k8s.io/apimachinery/pkg/apis/meta/v1alpha1/generated.pb.go: 99:37 129:24
kubernetes/staging/src/k8s.io/apimachinery/pkg/runtime/generated.pb.go: 95:20 121:19
kubernetes/staging/src/k8s.io/apimachinery/pkg/util/net/interface_test.go: 212:44 235:38 246:40
kubernetes/staging/src/k8s.io/apimachinery/pkg/util/validation/validation_test.go: 165:6
kubernetes/staging/src/k8s.io/apiserver/pkg/apis/audit/v1alpha1/generated.pb.go: 229:21 267:26 304:27 350:18 388:22 426:22 672:22
kubernetes/staging/src/k8s.io/apiserver/pkg/apis/audit/v1alpha1/types.generated.go: 102:16 115:17 1406:21 1774:18 2142:22 2614:22 3023:26 3396:27 3837:26 3956:26 4075:26
kubernetes/staging/src/k8s.io/apiserver/pkg/apis/audit/v1alpha1/zz_generated.conversion.go: 147:6 174:6
kubernetes/staging/src/k8s.io/apiserver/pkg/apis/example/v1/generated.pb.go: 129:24 179:19 217:19 325:21
kubernetes/staging/src/k8s.io/apiserver/pkg/apis/example/v1/types.generated.go: 98:27 111:28 124:19 137:20 150:24 163:25 804:21 1317:24 1998:19 2676:19 3015:26
kubernetes/staging/src/k8s.io/apiserver/pkg/endpoints/testing/types.generated.go: 500:22 674:22 704:22 794:22 1076:28 1476:22
kubernetes/staging/src/k8s.io/apiserver/pkg/server/openapi/openapi_aggregator.go: 314:6
kubernetes/staging/src/k8s.io/client-go/kubernetes/clientset.go: 134:21 151:21 168:21 185:21 210:21 235:21 260:21 285:21 302:21 319:21 336:21 353:21 378:21 403:21
kubernetes/staging/src/k8s.io/client-go/pkg/api/v1/conversion.go: 327:6
kubernetes/staging/src/k8s.io/client-go/pkg/api/v1/defaults.go: 45:6
kubernetes/staging/src/k8s.io/client-go/pkg/api/v1/zz_generated.conversion.go: 399:6 520:6 626:6 723:6 1022:6 1048:6 1075:6 1138:6 1545:6 1566:6 1645:6 1669:6 1694:6 1718:6 1769:6 1815:6 1836:6 1896:6 2127:6 2168:6 2178:6 2188:6 2210:6 2476:6 2486:6 2681:6 2711:6 2747:6 2788:6 2961:6 3143:6 3210:6 3222:6 3233:6 3258:6 3395:6 3422:6 3432:6 3442:6 3483:6 3721:6 3733:6 3755:6 3895:6 4155:6 4304:6 4375:6 4388:6 4401:6 4415:6 4471:6 4485:6 4733:6 4743:6 4873:6 4884:6 4906:6 5010:6 5132:6
kubernetes/staging/src/k8s.io/client-go/pkg/apis/admissionregistration/v1alpha1/generated.pb.go: 157:33 205:46 243:50 281:23 321:36 359:40 397:16 460:30 501:28 646:40
kubernetes/staging/src/k8s.io/client-go/pkg/apis/admissionregistration/v1alpha1/types.generated.go: 595:40 933:23 1256:16 1621:46 1989:50 2338:33 2719:30 2937:24 2950:25 3040:37 3257:28 3526:26 3645:26 3764:26 3883:26 4002:26
kubernetes/staging/src/k8s.io/client-go/pkg/apis/admissionregistration/v1alpha1/zz_generated.conversion.go: 253:6 302:6
kubernetes/staging/src/k8s.io/client-go/pkg/apis/apps/v1beta1/generated.pb.go: 223:34 261:22 303:31 353:26 391:30 443:26 523:28 576:30 608:26 629:35 667:44 690:17 732:21 753:23 800:23 842:27 880:27 954:29 997:37 1111:26 1235:17 1271:23 1283:27 1344:37
kubernetes/staging/src/k8s.io/client-go/pkg/apis/apps/v1beta1/types.generated.go: 379:23 720:17 954:23 1111:23 1450:37 1588:40 1601:41 1689:44 2058:27 2632:29 3108:27 3328:22 3485:22 4007:26 4562:30 4869:26 4985:30 5064:30 5202:33 5215:34 5347:35 5790:28 6152:34 6165:35 6365:31 6799:26 7193:30 7601:34 7940:26 8059:26 8178:26 8297:26
kubernetes/staging/src/k8s.io/client-go/pkg/apis/apps/v1beta1/zz_generated.conversion.go: 280:6
kubernetes/staging/src/k8s.io/client-go/pkg/apis/authentication/v1/generated.pb.go: 118:23 160:27 182:29 220:20
kubernetes/staging/src/k8s.io/client-go/pkg/apis/authentication/v1/zz_generated.conversion.go: 91:6
kubernetes/staging/src/k8s.io/client-go/pkg/apis/authentication/v1beta1/generated.pb.go: 118:23 160:27 182:29 220:20
kubernetes/staging/src/k8s.io/client-go/pkg/apis/authentication/v1beta1/types.generated.go: 521:27 746:29 1079:20
kubernetes/staging/src/k8s.io/client-go/pkg/apis/authentication/v1beta1/zz_generated.conversion.go: 91:6
kubernetes/staging/src/k8s.io/client-go/pkg/apis/authorization/v1/generated.pb.go: 148:36 190:33 216:30 262:35 304:39 342:31 384:35 472:37 587:35 613:31
kubernetes/staging/src/k8s.io/client-go/pkg/apis/authorization/v1/types.generated.go: 456:35 606:35 840:36 990:36 1020:36 1100:36 1445:30 1856:33 2187:35 2552:39 2808:37
kubernetes/staging/src/k8s.io/client-go/pkg/apis/authorization/v1/zz_generated.conversion.go: 100:6 127:6 197:6 213:6 269:6
kubernetes/staging/src/k8s.io/client-go/pkg/apis/authorization/v1beta1/generated.pb.go: 148:36 190:33 216:30 262:35 304:39 342:31 384:35 472:37 587:35 613:31
kubernetes/staging/src/k8s.io/client-go/pkg/apis/authorization/v1beta1/types.generated.go: 456:35 606:35 840:36 990:36 1020:36 1100:36 1445:30 1856:33 2187:35 2552:39 2808:37
kubernetes/staging/src/k8s.io/client-go/pkg/apis/authorization/v1beta1/zz_generated.conversion.go: 100:6 127:6 197:6 213:6 269:6
kubernetes/staging/src/k8s.io/client-go/pkg/apis/autoscaling/v1/generated.pb.go: 200:35 242:44 284:39 322:39 361:41 405:22 457:24 509:30 547:30 585:28 615:28 645:32 682:32 717:17 759:21 780:23 939:24 1031:17
kubernetes/staging/src/k8s.io/client-go/pkg/apis/autoscaling/v1/types.generated.go: 504:39 921:41 1364:35 1746:39 1966:17 2123:17 2422:21 2622:23 2918:22 3216:30 3481:28 3763:32 3959:24 4079:24 4281:47 4294:48 4456:44 4794:30 5059:28 5328:32
kubernetes/staging/src/k8s.io/client-go/pkg/apis/autoscaling/v1/zz_generated.conversion.go: 91:6 224:6 353:6 375:6 476:6 497:6
kubernetes/staging/src/k8s.io/client-go/pkg/apis/autoscaling/v2alpha1/generated.pb.go: 182:35 224:44 266:39 304:39 350:41 413:22 465:24 517:30 555:30 593:28 623:28 653:32 690:32 871:24
kubernetes/staging/src/k8s.io/client-go/pkg/apis/autoscaling/v2alpha1/types.generated.go: 502:39 864:22 1162:30 1427:28 1709:32 2116:41 2428:47 2441:48 2603:44 2845:24 2965:24 3263:30 3528:28 3797:32 4142:35 4524:39 4863:26 4982:26 5101:26
kubernetes/staging/src/k8s.io/client-go/pkg/apis/autoscaling/v2alpha1/zz_generated.conversion.go: 85:6 370:6 392:6
kubernetes/staging/src/k8s.io/client-go/pkg/apis/batch/v1/generated.pb.go: 129:24 179:19 217:19 278:21
kubernetes/staging/src/k8s.io/client-go/pkg/apis/batch/v1/types.generated.go: 617:19 1067:19 1624:21 2159:24 2564:26
kubernetes/staging/src/k8s.io/client-go/pkg/apis/batch/v2alpha1/generated.pb.go: 135:23 173:23 232:25 272:23 306:27
kubernetes/staging/src/k8s.io/client-go/pkg/apis/batch/v2alpha1/types.generated.go: 516:27 815:19 1197:23 1646:23 2121:25 2408:26
kubernetes/staging/src/k8s.io/client-go/pkg/apis/certificates/v1beta1/generated.pb.go: 143:46 181:41 219:41 312:43 348:21
kubernetes/staging/src/k8s.io/client-go/pkg/apis/certificates/v1beta1/types.generated.go: 683:41 1106:43 1420:46 1786:41 2006:19 2019:20 2507:26
kubernetes/staging/src/k8s.io/client-go/pkg/apis/extensions/v1beta1/conversion.go: 370:6
kubernetes/staging/src/k8s.io/client-go/pkg/apis/extensions/v1beta1/generated.pb.go: 446:37 476:41 506:30 536:34 546:34 566:21 608:25 646:25 701:27 748:35 780:22 822:31 872:26 910:30 962:26 1042:28 1095:30 1127:34 1161:27 1191:32 1221:25 1245:19 1255:19 1269:19 1311:26 1341:23 1379:23 1409:28 1437:23 1489:25 1515:22 1552:25 1586:36 1628:29 1666:29 1704:29 1738:29 1776:29 1810:33 1848:33 2010:22 2052:31 2094:26 2132:26 2176:28 2221:38 2239:26 2260:34 2288:35 2326:36 2336:36 2360:34 2392:17 2434:21 2455:23 2502:45 2512:45 2536:30 2578:34 2610:38 2648:34 2753:34 2839:22 2869:26 2951:30 3007:19 3015:19 3037:23 3143:29 3199:29 3209:33 3272:22 3300:26 3384:36 3410:17 3446:45 3488:38 3502:34
kubernetes/staging/src/k8s.io/client-go/pkg/apis/extensions/v1beta1/types.generated.go: 377:23 718:17 1043:38 1278:30 1500:34 1701:37 1923:41 2220:30 2622:34 2907:22 3178:34 3398:22 3555:22 4077:26 4632:30 4939:26 5134:30 5417:35 5860:28 6222:34 6235:35 6435:31 6869:26 7089:35 7168:35 7306:38 7319:39 7411:34 7733:25 8272:27 8668:21 8825:21 9207:25 9575:38 9795:19 9952:19 10334:23 10685:23 10966:22 11173:25 11382:23 11599:28 11779:32 11971:27 12196:26 12352:22 12509:22 12891:26 13266:26 13688:28 13974:34 13987:35 14149:31 14530:29 15123:33 15641:17 15654:18 15744:25 15966:34 16104:26 16117:27 16212:36 16352:19 16429:19 16579:28 16592:29 16694:34 16724:34 16772:34 16834:30 16847:31 16860:45 16949:45 16979:45 17027:45 17089:41 17102:42 17263:33 17483:25 17622:25 17928:29 18187:36 18444:29 18717:29 19035:29 19374:26 19493:26 19612:26 19731:26 19850:26 19969:26 20088:26 20207:26 20326:26 20445:26 20564:26 20683:26 20802:26 21148:26 21267:26 21386:26 21505:26 21624:26 21743:26 21862:26
kubernetes/staging/src/k8s.io/client-go/pkg/apis/extensions/v1beta1/zz_generated.conversion.go: 169:6 190:6 236:6 401:6 826:6 946:6 970:6 1066:6 1455:6 1573:6 1583:6 1590:6 1653:6
kubernetes/staging/src/k8s.io/client-go/pkg/apis/networking/v1/conversion.go: 137:6
kubernetes/staging/src/k8s.io/client-go/pkg/apis/networking/v1/generated.pb.go: 131:36 173:29 211:29 249:29 283:29
kubernetes/staging/src/k8s.io/client-go/pkg/apis/networking/v1/types.generated.go: 521:29 780:36 1037:29 1310:29 1628:29 1967:26 2086:26 2205:26
kubernetes/staging/src/k8s.io/client-go/pkg/apis/networking/v1/zz_generated.conversion.go: 142:6
kubernetes/staging/src/k8s.io/client-go/pkg/apis/policy/v1beta1/generated.pb.go: 127:31 169:35 207:35 255:37
kubernetes/staging/src/k8s.io/client-go/pkg/apis/policy/v1beta1/types.generated.go: 619:37 1062:31 1444:35 1821:20
kubernetes/staging/src/k8s.io/client-go/pkg/apis/policy/v1beta1/zz_generated.conversion.go: 64:6 145:6 172:6
kubernetes/staging/src/k8s.io/client-go/pkg/apis/rbac/v1alpha1/generated.pb.go: 171:30 217:37 243:34 281:27 319:22 412:29 438:16 476:23 522:27 560:20 598:19 628:19 741:27 799:16 813:23 829:27 843:20
kubernetes/staging/src/k8s.io/client-go/pkg/apis/rbac/v1alpha1/types.generated.go: 655:19 969:19 1301:16 1680:23 2072:27 2440:20 2660:23 2808:23 2838:23 2916:23 3028:30 3187:30 3217:30 3302:30 3579:34 3947:27 4286:26 4405:26 4524:26 4643:26 4762:26
kubernetes/staging/src/k8s.io/client-go/pkg/apis/rbac/v1alpha1/zz_generated.conversion.go: 289:6 300:6 315:6 339:6 443:6 463:6
kubernetes/staging/src/k8s.io/client-go/pkg/apis/rbac/v1beta1/generated.pb.go: 171:30 217:37 243:34 281:27 319:22 412:29 438:16 476:23 522:27 560:20 598:19 628:19 741:27 799:16 813:23 829:27 843:20
kubernetes/staging/src/k8s.io/client-go/pkg/apis/rbac/v1beta1/types.generated.go: 655:19 969:19 1301:16 1680:23 2072:27 2440:20 2660:23 2808:23 2838:23 2916:23 3028:30 3187:30 3217:30 3302:30 3579:34 3947:27 4286:26 4405:26 4524:26 4643:26 4762:26
kubernetes/staging/src/k8s.io/client-go/pkg/apis/rbac/v1beta1/zz_generated.conversion.go: 257:6 268:6 283:6 297:6 379:6 404:6
kubernetes/staging/src/k8s.io/client-go/pkg/apis/settings/v1alpha1/generated.pb.go: 107:25 145:25
kubernetes/staging/src/k8s.io/client-go/pkg/apis/storage/v1/generated.pb.go: 119:28
kubernetes/staging/src/k8s.io/client-go/pkg/apis/storage/v1/zz_generated.conversion.go: 57:6
kubernetes/staging/src/k8s.io/client-go/pkg/apis/storage/v1beta1/generated.pb.go: 119:28
kubernetes/staging/src/k8s.io/client-go/pkg/apis/storage/v1beta1/types.generated.go: 648:28
kubernetes/staging/src/k8s.io/client-go/pkg/apis/storage/v1beta1/zz_generated.conversion.go: 57:6
kubernetes/staging/src/k8s.io/client-go/pkg/util/util.go: 119:6 135:6
kubernetes/staging/src/k8s.io/client-go/tools/cache/thread_safe_store.go: 76:25
kubernetes/staging/src/k8s.io/client-go/util/flowcontrol/backoff.go: 133:19
kubernetes/staging/src/k8s.io/client-go/util/integer/integer.go: 33:6 40:6 47:6 54:6
kubernetes/staging/src/k8s.io/client-go/util/jsonpath/jsonpath.go: 178:20 187:20
kubernetes/staging/src/k8s.io/kube-aggregator/pkg/apis/apiregistration/v1beta1/generated.pb.go: 131:31 173:26 211:26 267:28 297:28
kubernetes/staging/src/k8s.io/kube-aggregator/pkg/apis/apiregistration/v1beta1/zz_generated.conversion.go: 206:6
kubernetes/staging/src/k8s.io/kube-aggregator/pkg/client/clientset_generated/clientset/clientset.go: 51:21
kubernetes/staging/src/k8s.io/metrics/pkg/apis/custom_metrics/types.generated.go: 657:23 1165:27
kubernetes/staging/src/k8s.io/metrics/pkg/apis/custom_metrics/v1alpha1/generated.pb.go: 116:27
kubernetes/staging/src/k8s.io/metrics/pkg/apis/custom_metrics/v1alpha1/types.generated.go: 659:23
kubernetes/staging/src/k8s.io/metrics/pkg/apis/custom_metrics/v1alpha1/zz_generated.conversion.go: 62:6
kubernetes/staging/src/k8s.io/metrics/pkg/apis/metrics/types.generated.go: 1820:27 2790:22 3838:26 4165:28 4623:26 4742:26
kubernetes/staging/src/k8s.io/metrics/pkg/apis/metrics/v1alpha1/generated.pb.go: 142:23 215:27 253:22 307:26 442:26
kubernetes/staging/src/k8s.io/metrics/pkg/apis/metrics/v1alpha1/types.generated.go: 716:27 1142:22 1594:26 1891:28 2150:26 2269:26
kubernetes/staging/src/k8s.io/metrics/pkg/client/clientset_generated/clientset/clientset.go: 51:21
kubernetes/test/utils/runners.go: 329:6 396:6 459:6
kubernetes/third_party/forked/etcd221/wal/walpb/record.pb.go: 83:20
kubernetes/third_party/forked/etcd237/wal/walpb/record.pb.go: 90:20
kubernetes/vendor/github.com/Azure/azure-sdk-for-go/arm/compute/availabilitysets.go: 234:38 298:38 365:38
kubernetes/vendor/github.com/Azure/azure-sdk-for-go/arm/compute/images.go: 342:28 430:28
kubernetes/vendor/github.com/Azure/azure-sdk-for-go/arm/compute/virtualmachineextensionimages.go: 238:51
kubernetes/vendor/github.com/Azure/azure-sdk-for-go/arm/compute/virtualmachineimages.go: 249:42 314:42 382:42
kubernetes/vendor/github.com/Azure/azure-sdk-for-go/arm/compute/virtualmachines.go: 214:37 406:37 625:37 691:37 778:37 869:37 952:37 1034:37 1116:37 1198:37
kubernetes/vendor/github.com/Azure/azure-sdk-for-go/arm/compute/virtualmachinescalesets.go: 383:45 515:45 579:45 667:45 758:45 872:45 954:45 1037:45 1125:45 1213:45 1307:45
kubernetes/vendor/github.com/Azure/azure-sdk-for-go/arm/compute/virtualmachinescalesetvms.go: 339:47 416:47 526:47 610:47 695:47 779:47 863:47
kubernetes/vendor/github.com/Azure/azure-sdk-for-go/arm/containerregistry/registries.go: 367:32 428:32 518:32 617:32 696:32 774:32
kubernetes/vendor/github.com/Azure/azure-sdk-for-go/arm/disk/disks.go: 381:27 442:27 530:27 635:27 719:27
kubernetes/vendor/github.com/Azure/azure-sdk-for-go/arm/disk/snapshots.go: 384:31 445:31 533:31 639:31 724:31
kubernetes/vendor/github.com/Azure/azure-sdk-for-go/arm/network/applicationgateways.go: 431:41 516:41 602:41 765:41
kubernetes/vendor/github.com/Azure/azure-sdk-for-go/arm/network/expressroutecircuitauthorizations.go: 339:55
kubernetes/vendor/github.com/Azure/azure-sdk-for-go/arm/network/expressroutecircuitpeerings.go: 337:49
kubernetes/vendor/github.com/Azure/azure-sdk-for-go/arm/network/expressroutecircuits.go: 333:42 400:42 464:42 549:42 745:42 831:42
kubernetes/vendor/github.com/Azure/azure-sdk-for-go/arm/network/interfaces.go: 423:32 487:32 572:32 678:32 745:32 838:32
kubernetes/vendor/github.com/Azure/azure-sdk-for-go/arm/network/loadbalancers.go: 332:35 417:35
kubernetes/vendor/github.com/Azure/azure-sdk-for-go/arm/network/localnetworkgateways.go: 356:42
kubernetes/vendor/github.com/Azure/azure-sdk-for-go/arm/network/packetcaptures.go: 434:36
kubernetes/vendor/github.com/Azure/azure-sdk-for-go/arm/network/publicipaddresses.go: 347:39 432:39
kubernetes/vendor/github.com/Azure/azure-sdk-for-go/arm/network/routefilterrules.go: 348:38 459:38
kubernetes/vendor/github.com/Azure/azure-sdk-for-go/arm/network/routefilters.go: 329:34 417:34 526:34
kubernetes/vendor/github.com/Azure/azure-sdk-for-go/arm/network/routes.go: 332:28
kubernetes/vendor/github.com/Azure/azure-sdk-for-go/arm/network/routetables.go: 331:33 416:33
kubernetes/vendor/github.com/Azure/azure-sdk-for-go/arm/network/securitygroups.go: 334:36 419:36
kubernetes/vendor/github.com/Azure/azure-sdk-for-go/arm/network/securityrules.go: 350:35
kubernetes/vendor/github.com/Azure/azure-sdk-for-go/arm/network/subnets.go: 336:29
kubernetes/vendor/github.com/Azure/azure-sdk-for-go/arm/network/virtualnetworkgatewayconnections.go: 355:54 420:54
kubernetes/vendor/github.com/Azure/azure-sdk-for-go/arm/network/virtualnetworkgateways.go: 518:44 601:44 665:44
kubernetes/vendor/github.com/Azure/azure-sdk-for-go/arm/network/virtualnetworkpeerings.go: 337:44
kubernetes/vendor/github.com/Azure/azure-sdk-for-go/arm/network/virtualnetworks.go: 339:37 403:37 488:37
kubernetes/vendor/github.com/Azure/azure-sdk-for-go/arm/network/watchers.go: 440:30 515:30 613:30 707:30 801:30 865:30 926:30 1024:30 1122:30
kubernetes/vendor/github.com/Azure/azure-sdk-for-go/arm/storage/accounts.go: 384:30 446:30 531:30 606:30 686:30 773:30 859:30 951:30
kubernetes/vendor/github.com/Azure/go-autorest/autorest/to/convert.go: 84:6 97:6 123:6
kubernetes/vendor/github.com/aws/aws-sdk-go/aws/convert_types.go: 189:6 248:6
kubernetes/vendor/github.com/coreos/etcd/auth/authpb/auth.pb.go: 149:22 184:16
kubernetes/vendor/github.com/coreos/etcd/client/keys.generated.go: 556:16
kubernetes/vendor/github.com/coreos/etcd/etcdserver/api/v3rpc/key.go: 133:6 140:6
kubernetes/vendor/github.com/coreos/etcd/etcdserver/etcdserverpb/etcdserver.pb.go: 287:20
kubernetes/vendor/github.com/coreos/etcd/etcdserver/etcdserverpb/raft_internal.pb.go: 137:31 454:25 472:39
kubernetes/vendor/github.com/coreos/etcd/etcdserver/etcdserverpb/rpc.pb.go: 3747:24 3847:25 3902:22 3947:23 3985:30 4025:31 4070:21 4137:22 4204:19 4276:22 4330:23 4380:29 4413:30 4441:23 4459:24 4492:27 4502:27 4510:28 4549:24 4602:30 4674:30 4697:25 4767:29 4795:30 4839:30 4862:31 4890:33 4900:33 4913:34 4951:34 4984:35 5035:18 5094:28 5127:29 5165:31 5175:31 5188:32 5216:31 5254:32 5282:29 5292:29 5300:30 5340:29 5350:29 5358:30 5386:24 5419:23 5447:25 5487:25 5497:25 5505:26 5559:29 5569:29 5577:30 5587:30 5595:31 5625:30 5635:30 5655:30 5679:33 5689:33 5703:41 5713:41 5733:36 5763:37 5793:30 5803:30 5817:30 5841:31 5851:31 5859:31 5869:31 5877:33 5887:33 5901:42 5935:43 5971:30 5999:31 6027:32 6061:31 6089:31 6132:34 6160:42 6188:37 6216:38 6244:31 6272:31 6312:32 6355:32 6398:34 6426:43 6454:44 6868:27 7026:31 7036:33 7149:31 7158:32 7183:32 7193:29 7215:29 7221:30 7274:25 7306:29 7312:30 7332:30 7356:33 7366:41 7408:30 7428:31 7434:31 7440:33 7482:30 7492:31 7516:31 7542:34 7552:42 7562:37 7572:38 7582:31 7608:32 7640:34 7650:43 7660:44
kubernetes/vendor/github.com/coreos/etcd/lease/leasepb/lease.pb.go: 102:32 130:33
kubernetes/vendor/github.com/coreos/etcd/mvcc/mvccpb/kv.pb.go: 158:17
kubernetes/vendor/github.com/coreos/etcd/raft/raftpb/raft.pb.go: 339:28 374:20 409:19 488:21 518:21 546:22
kubernetes/vendor/github.com/coreos/etcd/wal/walpb/record.pb.go: 98:20
kubernetes/vendor/github.com/docker/engine-api/types/container/host_config.go: 129:18 153:18 159:18 174:18
kubernetes/vendor/github.com/evanphx/json-patch/patch.go: 306:22
kubernetes/vendor/github.com/go-openapi/errors/schema.go: 297:6 322:6 372:6 397:6
kubernetes/vendor/github.com/go-openapi/strfmt/default.go: 484:15 494:16 545:15 555:16 606:14 616:15 667:15 677:16 728:16 738:17 789:16 799:17 850:16 860:17 911:15 921:16 972:17 982:18 1033:17 1043:18 1094:21 1104:22 1155:14 1165:15 1216:19 1226:20 1339:19 1349:20
kubernetes/vendor/github.com/go-openapi/swag/convert_types.go: 191:6 250:6 309:6 368:6 427:6 486:6
kubernetes/vendor/github.com/google/btree/btree.go: 193:20
kubernetes/vendor/github.com/google/cadvisor/http/handlers.go: 113:6
kubernetes/vendor/github.com/google/cadvisor/pages/pages.go: 127:6
kubernetes/vendor/github.com/googleapis/gnostic/OpenAPIv2/OpenAPIv2.go: 5663:39 5695:19 5721:23 5805:20 5818:24 5895:18 5928:36 5961:19 6031:19 6055:23 6066:26 6077:25 6088:25 6099:30 6110:23 6121:40 6132:23 6137:28 6208:37 6227:34 6246:34 6265:24 6342:32 6463:34 6517:27 6550:22 6563:35 6627:31 6806:31 6878:31 6891:23 6915:20 6920:27 6933:15
kubernetes/vendor/github.com/heketi/heketi/pkg/utils/jsonutils.go: 40:6
kubernetes/vendor/github.com/magiconair/properties/properties.go: 420:22
kubernetes/vendor/github.com/mesos/mesos-go/mesosproto/authentication.pb.go: 833:43 869:38 904:37 933:42 954:39 964:39 975:38 1251:39
kubernetes/vendor/github.com/mesos/mesos-go/mesosproto/messages.pb.go: 6435:24 6518:30 6562:34 6591:35 6624:38 6689:38 6754:36 6787:38 6832:38 6877:40 6922:38 6955:38 6988:34 7033:33 7093:30 7162:39 7195:31 7228:26 7289:27 7334:31 7373:46 7438:28 7471:33 7516:33 7545:32 7596:34 7683:34 7726:36 7781:34 7814:33 7840:28 7873:28 7894:36 7927:35 7968:34 8007:38 8040:30 8085:35 8130:37 8211:39 8256:33 8320:36 8353:37 8422:27 8449:19 8482:29 8533:28 8593:24 9636:38 9707:40 9737:38 9838:31 10084:34 10130:36 10298:36 10340:27
kubernetes/vendor/github.com/miekg/dns/zmsg.go: 192:16 218:18 232:19 258:15 414:16 882:16 932:17 1040:16 1186:15 1348:16
kubernetes/vendor/github.com/miekg/dns/ztypes.go: 277:18 425:16 467:16 484:17 550:15 598:16 605:16
kubernetes/vendor/github.com/onsi/ginkgo/ginkgo_dsl.go: 299:6 310:6 316:6 322:6 328:6 356:6 427:6
kubernetes/vendor/github.com/russross/blackfriday/latex.go: 169:23
kubernetes/vendor/github.com/spf13/afero/copyOnWriteFs.go: 240:25
kubernetes/vendor/github.com/ugorji/go/codec/encode.go: 248:26
kubernetes/vendor/github.com/ugorji/go/codec/fast-path.generated.go: 3388:20 3407:20 3441:20 3460:20 3494:20 3513:20 3547:20 3566:20 3653:20 3672:20 3706:20 3725:20 3759:20 3778:20 3812:20 3831:20 4073:20 4126:20 4179:20 4232:20 4285:20 4391:20 4444:20 4497:20 4550:20 4927:20 4982:20 5037:20 5092:20 5147:20 5257:20 5312:20 5367:20 5422:20 5780:20 5826:20 5872:20 5918:20 5964:20 6056:20 6102:20 6148:20 6194:20 6516:20 6562:20 6608:20 6654:20 6700:20 6792:20 6838:20 6884:20 6930:20 7252:20 7298:20 7344:20 7390:20 7436:20 7528:20 7574:20 7620:20 7666:20 7988:20 8034:20 8080:20 8126:20 8172:20 8264:20 8310:20 8356:20 8402:20 8724:20 8770:20 8816:20 8862:20 8908:20 9000:20 9046:20 9092:20 9138:20 9460:20 9506:20 9552:20 9598:20 9644:20 9736:20 9782:20 9828:20 9874:20 10196:20 10242:20 10288:20 10334:20 10380:20 10472:20 10518:20 10564:20 10610:20 10932:20 10978:20 11024:20 11070:20 11116:20 11208:20 11254:20 11300:20 11346:20 11668:20 11714:20 11760:20 11806:20 11852:20 11944:20 11990:20 12036:20 12082:20 12404:20 12450:20 12496:20 12542:20 12588:20 12680:20 12726:20 12772:20 12818:20 13140:20 13186:20 13232:20 13278:20 13324:20 13416:20 13462:20 13508:20 13554:20 13876:20 13922:20 13968:20 14014:20 14060:20 14152:20 14198:20 14244:20 14290:20 14612:20 14658:20 14704:20 14750:20 14796:20 14888:20 14934:20 14980:20 15026:20 15348:20 15394:20 15440:20 15486:20 15532:20 15624:20 15670:20 15716:20 15762:20
kubernetes/vendor/github.com/ugorji/go/codec/helper.go: 1106:24
kubernetes/vendor/github.com/ugorji/go/codec/rpc.go: 144:22
kubernetes/vendor/github.com/ugorji/go/codec/simple.go: 322:27
kubernetes/vendor/golang.org/x/crypto/ed25519/internal/edwards25519/edwards25519.go: 706:32
kubernetes/vendor/golang.org/x/text/cases/tables.go: 137:20 199:20
kubernetes/vendor/golang.org/x/text/secure/precis/tables.go: 96:33 158:33
kubernetes/vendor/golang.org/x/text/unicode/bidi/prop.go: 148:6
kubernetes/vendor/golang.org/x/text/unicode/bidi/tables.go: 102:20 164:20
kubernetes/vendor/golang.org/x/text/unicode/norm/composition.go: 364:6
kubernetes/vendor/golang.org/x/text/unicode/norm/tables.go: 2813:19 2875:19 4434:20 4496:20
kubernetes/vendor/golang.org/x/text/width/tables.go: 96:21 158:21
