{
'project:samples/AllBranchesAreIdenticalCheck.go':[
4,
],
}
