{
'project:kubernetes/pkg/client/informers/informers_generated/externalversions/generic.go':[
68,
],
'project:kubernetes/pkg/client/informers/informers_generated/internalversion/generic.go':[
64,
],
'project:kubernetes/staging/src/k8s.io/apiserver/pkg/endpoints/metrics/metrics.go':[
165,
],
'project:kubernetes/staging/src/k8s.io/client-go/informers/generic.go':[
68,
],
'project:kubernetes/vendor/github.com/coreos/etcd/etcdserver/api/v3rpc/util.go':[
29,
],
'project:kubernetes/vendor/github.com/prometheus/client_golang/prometheus/http.go':[
426,
],
'project:kubernetes/vendor/github.com/prometheus/client_golang/prometheus/promhttp/instrument_server.go':[
339,
],
'project:kubernetes/vendor/github.com/syndtr/gocapability/capability/enum_gen.go':[
6,
],
'project:kubernetes/vendor/github.com/ugorji/go/codec/encode.go':[
1089,
],
'project:kubernetes/vendor/golang.org/x/net/html/parse.go':[
728,
],
'project:kubernetes/vendor/k8s.io/apiserver/pkg/endpoints/metrics/metrics.go':[
165,
],
'project:kubernetes/vendor/k8s.io/client-go/informers/generic.go':[
68,
],
}
