{
'project:kubernetes/pkg/controller/service/servicecontroller.go':[
179,
],
'project:kubernetes/vendor/github.com/pkg/sftp/server.go':[
486,
487,
497,
498,
533,
534,
544,
545,
],
'project:kubernetes/vendor/github.com/pkg/sftp/server_unix.go':[
136,
137,
],
'project:kubernetes/vendor/github.com/ugorji/go/codec/cbor.go':[
264,
344,
],
'project:kubernetes/vendor/github.com/ugorji/go/codec/decode.go':[
375,
],
'project:kubernetes/vendor/github.com/ugorji/go/codec/helper.go':[
1012,
],
'project:kubernetes/vendor/github.com/ugorji/go/codec/helper_internal.go':[
78,
],
'project:kubernetes/vendor/github.com/ugorji/go/codec/simple.go':[
308,
],
'project:kubernetes/vendor/golang.org/x/text/encoding/unicode/unicode.go':[
86,
90,
],
'project:kubernetes/vendor/golang.org/x/text/language/parse.go':[
622,
],
'project:samples/NoIdenticalConditions.go':[
4,
6,
],
}
