{
'project:kubernetes/cmd/gendocs/gen_kubectl_docs.go':[
33,
],
'project:kubernetes/cmd/genyaml/gen_kubectl_yaml.go':[
52,
],
'project:kubernetes/cmd/kubeadm/app/phases/certs/certs.go':[
281,
],
'project:kubernetes/cmd/kubeadm/app/preflight/checks.go':[
599,
],
'project:kubernetes/cmd/kubeadm/app/util/version.go':[
54,
],
'project:kubernetes/cmd/kubelet/app/server.go':[
473,
503,
],
'project:kubernetes/federation/cmd/federation-controller-manager/app/controllermanager.go':[
200,
],
'project:kubernetes/federation/pkg/federation-controller/ingress/ingress_controller.go':[
558,
],
'project:kubernetes/federation/pkg/federation-controller/service/dns/dns.go':[
257,
],
'project:kubernetes/federation/pkg/federation-controller/service/servicecontroller.go':[
417,
541,
],
'project:kubernetes/federation/pkg/federation-controller/sync/controller.go':[
548,
],
'project:kubernetes/federation/pkg/kubefed/init/init.go':[
395,
],
'project:kubernetes/federation/pkg/kubefed/join.go':[
160,
],
'project:kubernetes/federation/pkg/kubefed/unjoin.go':[
116,
192,
],
'project:kubernetes/hack/cmd/teststale/teststale.go':[
96,
],
'project:kubernetes/hack/e2e.go':[
133,
],
'project:kubernetes/pkg/api/testing/compat/compatibility_tester.go':[
78,
],
'project:kubernetes/pkg/api/v1/defaults.go':[
117,
],
'project:kubernetes/pkg/api/v1/resource/helpers.go':[
94,
],
'project:kubernetes/pkg/api/v1/validation/validation.go':[
50,
],
'project:kubernetes/pkg/api/validation/validation.go':[
1551,
1607,
1629,
1642,
1673,
1770,
2606,
2690,
2854,
2878,
2959,
2974,
3009,
3765,
4113,
4121,
],
'project:kubernetes/pkg/apis/componentconfig/v1alpha1/defaults.go':[
60,
65,
413,
],
'project:kubernetes/pkg/apis/extensions/validation/validation.go':[
116,
472,
979,
],
'project:kubernetes/pkg/apis/networking/validation/validation.go':[
73,
],
'project:kubernetes/pkg/cloudprovider/providers/aws/aws.go':[
1514,
2586,
],
'project:kubernetes/pkg/cloudprovider/providers/aws/aws_loadbalancer.go':[
52,
],
'project:kubernetes/pkg/cloudprovider/providers/aws/instances.go':[
69,
],
'project:kubernetes/pkg/cloudprovider/providers/azure/azure_controllerCommon.go':[
76,
203,
225,
252,
],
'project:kubernetes/pkg/cloudprovider/providers/azure/azure_instances.go':[
69,
104,
],
'project:kubernetes/pkg/cloudprovider/providers/azure/azure_loadbalancer.go':[
597,
],
'project:kubernetes/pkg/cloudprovider/providers/gce/gce_clusterid.go':[
168,
],
'project:kubernetes/pkg/cloudprovider/providers/gce/gce_disks.go':[
244,
],
'project:kubernetes/pkg/cloudprovider/providers/gce/gce_loadbalancer_external.go':[
413,
434,
],
'project:kubernetes/pkg/cloudprovider/providers/gce/gce_loadbalancer_internal.go':[
157,
],
'project:kubernetes/pkg/cloudprovider/providers/openstack/openstack.go':[
400,
],
'project:kubernetes/pkg/cloudprovider/providers/openstack/openstack_loadbalancer.go':[
155,
190,
225,
260,
332,
1231,
],
'project:kubernetes/pkg/cloudprovider/providers/rackspace/rackspace.go':[
282,
320,
],
'project:kubernetes/pkg/cloudprovider/providers/vsphere/vsphere.go':[
324,
1766,
],
'project:kubernetes/pkg/controller/cloud/nodecontroller.go':[
303,
],
'project:kubernetes/pkg/controller/cronjob/cronjob_controller.go':[
150,
211,
],
'project:kubernetes/pkg/controller/deployment/sync.go':[
81,
],
'project:kubernetes/pkg/controller/deployment/util/deployment_util.go':[
208,
222,
],
'project:kubernetes/pkg/controller/disruption/disruption.go':[
544,
559,
610,
],
'project:kubernetes/pkg/controller/job/jobcontroller.go':[
564,
],
'project:kubernetes/pkg/controller/node/nodecontroller.go':[
598,
625,
876,
],
'project:kubernetes/pkg/controller/node/taint_controller.go':[
141,
],
'project:kubernetes/pkg/controller/podautoscaler/replica_calculator.go':[
118,
],
'project:kubernetes/pkg/controller/replicaset/replica_set.go':[
441,
],
'project:kubernetes/pkg/controller/replicaset/replica_set_utils.go':[
109,
111,
],
'project:kubernetes/pkg/controller/replication/replication_controller_utils.go':[
119,
121,
],
'project:kubernetes/pkg/controller/service/servicecontroller.go':[
497,
685,
753,
],
'project:kubernetes/pkg/controller/serviceaccount/tokens_controller.go':[
359,
435,
],
'project:kubernetes/pkg/controller/statefulset/stateful_set_control.go':[
284,
291,
365,
384,
471,
],
'project:kubernetes/pkg/controller/statefulset/stateful_set_utils.go':[
218,
],
'project:kubernetes/pkg/controller/volume/attachdetach/reconciler/reconciler.go':[
109,
],
'project:kubernetes/pkg/controller/volume/attachdetach/statusupdater/node_status_updater.go':[
69,
],
'project:kubernetes/pkg/controller/volume/attachdetach/util/util.go':[
194,
],
'project:kubernetes/pkg/controller/volume/persistentvolume/index.go':[
135,
],
'project:kubernetes/pkg/controller/volume/persistentvolume/pv_controller.go':[
316,
],
'project:kubernetes/pkg/credentialprovider/keyring.go':[
312,
],
'project:kubernetes/pkg/credentialprovider/provider.go':[
86,
],
'project:kubernetes/pkg/kubeapiserver/default_storage_factory_builder.go':[
75,
],
'project:kubernetes/pkg/kubectl/cmd/attach.go':[
225,
],
'project:kubernetes/pkg/kubectl/cmd/config/view.go':[
116,
],
'project:kubernetes/pkg/kubectl/cmd/get.go':[
395,
504,
],
'project:kubernetes/pkg/kubectl/cmd/proxy.go':[
118,
],
'project:kubernetes/pkg/kubectl/cmd/rollingupdate.go':[
124,
],
'project:kubernetes/pkg/kubectl/cmd/set/set_image.go':[
164,
],
'project:kubernetes/pkg/kubectl/cmd/taint.go':[
132,
],
'project:kubernetes/pkg/kubectl/cmd/top_node.go':[
101,
],
'project:kubernetes/pkg/kubectl/cmd/top_pod.go':[
105,
],
'project:kubernetes/pkg/kubectl/cmd/util/clientcache.go':[
101,
],
'project:kubernetes/pkg/kubectl/cmd/util/helpers.go':[
733,
],
'project:kubernetes/pkg/kubectl/cmd/util/openapi/openapi.go':[
220,
],
'project:kubernetes/pkg/kubectl/deployment.go':[
75,
163,
],
'project:kubernetes/pkg/kubectl/explain.go':[
88,
159,
],
'project:kubernetes/pkg/kubectl/rolling_updater.go':[
294,
],
'project:kubernetes/pkg/kubelet/certificate/certificate_store.go':[
89,
98,
116,
265,
],
'project:kubernetes/pkg/kubelet/cm/container_manager_linux.go':[
679,
],
'project:kubernetes/pkg/kubelet/config/config.go':[
242,
],
'project:kubernetes/pkg/kubelet/container/testing/fake_runtime.go':[
104,
],
'project:kubernetes/pkg/kubelet/kubelet.go':[
517,
1732,
1740,
],
'project:kubernetes/pkg/kubelet/kubelet_getters.go':[
249,
],
'project:kubernetes/pkg/kubelet/kubelet_network.go':[
60,
],
'project:kubernetes/pkg/kubelet/kubelet_pods.go':[
159,
537,
],
'project:kubernetes/pkg/kubelet/kuberuntime/labels.go':[
202,
209,
],
'project:kubernetes/pkg/kubelet/network/hostport/fake_iptables.go':[
268,
],
'project:kubernetes/pkg/kubelet/network/kubenet/kubenet_linux.go':[
506,
],
'project:kubernetes/pkg/kubelet/network/plugins.go':[
365,
],
'project:kubernetes/pkg/kubelet/pleg/generic.go':[
240,
318,
],
'project:kubernetes/pkg/kubelet/pod_workers.go':[
293,
],
'project:kubernetes/pkg/kubelet/preemption/preemption.go':[
258,
],
'project:kubernetes/pkg/kubelet/rkt/rkt.go':[
2485,
],
'project:kubernetes/pkg/kubelet/rkt/systemd.go':[
39,
],
'project:kubernetes/pkg/kubelet/server/portforward/httpstream.go':[
225,
],
'project:kubernetes/pkg/kubelet/status/status_manager.go':[
313,
396,
],
'project:kubernetes/pkg/kubelet/volumemanager/reconciler/reconciler.go':[
195,
452,
],
'project:kubernetes/pkg/master/tunneler/ssh.go':[
120,
209,
],
'project:kubernetes/pkg/printers/common.go':[
27,
],
'project:kubernetes/pkg/printers/internalversion/describe.go':[
1286,
3058,
],
'project:kubernetes/pkg/printers/internalversion/printers.go':[
322,
338,
690,
],
'project:kubernetes/pkg/proxy/iptables/proxier.go':[
1181,
1203,
1220,
],
'project:kubernetes/pkg/proxy/userspace/proxier.go':[
576,
754,
],
'project:kubernetes/pkg/proxy/userspace/roundrobin.go':[
98,
],
'project:kubernetes/pkg/proxy/winuserspace/proxier.go':[
242,
],
'project:kubernetes/pkg/proxy/winuserspace/roundrobin.go':[
98,
],
'project:kubernetes/pkg/registry/core/namespace/storage/storage.go':[
131,
],
'project:kubernetes/pkg/registry/core/pod/storage/eviction.go':[
90,
],
'project:kubernetes/pkg/registry/core/service/rest.go':[
101,
130,
135,
],
'project:kubernetes/pkg/registry/extensions/thirdpartyresourcedata/codec.go':[
337,
351,
],
'project:kubernetes/pkg/security/podsecuritypolicy/provider.go':[
296,
],
'project:kubernetes/pkg/security/podsecuritypolicy/sysctl/mustmatchpatterns.go':[
83,
],
'project:kubernetes/pkg/util/iptables/save_restore.go':[
50,
],
'project:kubernetes/pkg/util/mount/mount_linux.go':[
227,
],
'project:kubernetes/pkg/util/util.go':[
79,
88,
],
'project:kubernetes/pkg/util/version/version.go':[
202,
],
'project:kubernetes/pkg/version/verflag/verflag.go':[
95,
],
'project:kubernetes/pkg/volume/aws_ebs/attacher.go':[
173,
],
'project:kubernetes/pkg/volume/aws_ebs/aws_ebs.go':[
191,
],
'project:kubernetes/pkg/volume/aws_ebs/aws_util.go':[
151,
],
'project:kubernetes/pkg/volume/azure_dd/azure_mounter.go':[
165,
],
'project:kubernetes/pkg/volume/azure_file/azure_file.go':[
265,
],
'project:kubernetes/pkg/volume/cephfs/cephfs.go':[
305,
],
'project:kubernetes/pkg/volume/cinder/cinder.go':[
399,
525,
],
'project:kubernetes/pkg/volume/downwardapi/downwardapi.go':[
236,
],
'project:kubernetes/pkg/volume/empty_dir/empty_dir.go':[
212,
311,
],
'project:kubernetes/pkg/volume/fc/fc.go':[
234,
244,
],
'project:kubernetes/pkg/volume/flexvolume/attacher.go':[
41,
56,
108,
],
'project:kubernetes/pkg/volume/flexvolume/detacher.go':[
65,
92,
],
'project:kubernetes/pkg/volume/flexvolume/driver-call.go':[
224,
],
'project:kubernetes/pkg/volume/flexvolume/plugin.go':[
129,
],
'project:kubernetes/pkg/volume/flexvolume/unmounter.go':[
47,
65,
],
'project:kubernetes/pkg/volume/flexvolume/util.go':[
56,
],
'project:kubernetes/pkg/volume/flocker/flocker.go':[
405,
],
'project:kubernetes/pkg/volume/gce_pd/attacher.go':[
162,
],
'project:kubernetes/pkg/volume/gce_pd/gce_pd.go':[
108,
],
'project:kubernetes/pkg/volume/gce_pd/gce_util.go':[
163,
],
'project:kubernetes/pkg/volume/glusterfs/glusterfs.go':[
378,
518,
619,
],
'project:kubernetes/pkg/volume/host_path/host_path.go':[
308,
],
'project:kubernetes/pkg/volume/iscsi/iscsi.go':[
266,
283,
],
'project:kubernetes/pkg/volume/nfs/nfs.go':[
298,
],
'project:kubernetes/pkg/volume/photon_pd/attacher.go':[
142,
273,
],
'project:kubernetes/pkg/volume/photon_pd/photon_pd.go':[
390,
],
'project:kubernetes/pkg/volume/photon_pd/photon_util.go':[
72,
],
'project:kubernetes/pkg/volume/portworx/portworx.go':[
192,
],
'project:kubernetes/pkg/volume/projected/projected.go':[
236,
],
'project:kubernetes/pkg/volume/quobyte/quobyte.go':[
135,
246,
],
'project:kubernetes/pkg/volume/rbd/rbd.go':[
433,
449,
],
'project:kubernetes/pkg/volume/util.go':[
369,
],
'project:kubernetes/pkg/volume/util/atomic_writer.go':[
327,
],
'project:kubernetes/pkg/volume/util/util.go':[
84,
],
'project:kubernetes/pkg/volume/vsphere_volume/attacher.go':[
142,
],
'project:kubernetes/pkg/volume/vsphere_volume/vsphere_volume.go':[
394,
],
'project:kubernetes/pkg/volume/vsphere_volume/vsphere_volume_util.go':[
76,
],
'project:kubernetes/plugin/pkg/admission/initialresources/gcm.go':[
89,
],
'project:kubernetes/plugin/pkg/admission/initialresources/influxdb.go':[
50,
],
'project:kubernetes/plugin/pkg/admission/podnodeselector/admission.go':[
120,
],
'project:kubernetes/plugin/pkg/admission/podtolerationrestriction/admission.go':[
98,
],
'project:kubernetes/plugin/pkg/scheduler/algorithm/predicates/predicates.go':[
230,
602,
],
'project:kubernetes/plugin/pkg/scheduler/core/extender.go':[
139,
],
'project:kubernetes/plugin/pkg/scheduler/factory/factory.go':[
529,
],
'project:kubernetes/plugin/pkg/scheduler/factory/plugins.go':[
121,
122,
221,
222,
],
'project:kubernetes/plugin/pkg/scheduler/schedulercache/reconcile_affinity.go':[
39,
],
'project:kubernetes/staging/src/k8s.io/apiextensions-apiserver/pkg/apis/apiextensions/validation/validation.go':[
65,
73,
],
'project:kubernetes/staging/src/k8s.io/apiextensions-apiserver/pkg/registry/customresourcedefinition/etcd.go':[
85,
],
'project:kubernetes/staging/src/k8s.io/apimachinery/pkg/api/resource/quantity.go':[
351,
547,
],
'project:kubernetes/staging/src/k8s.io/apimachinery/pkg/apis/meta/v1/watch.go':[
59,
],
'project:kubernetes/staging/src/k8s.io/apimachinery/pkg/labels/selector.go':[
458,
],
'project:kubernetes/staging/src/k8s.io/apimachinery/pkg/util/strategicpatch/patch.go':[
1558,
1586,
],
'project:kubernetes/staging/src/k8s.io/apimachinery/pkg/util/validation/field/errors.go':[
54,
],
'project:kubernetes/staging/src/k8s.io/apimachinery/pkg/util/validation/validation.go':[
49,
59,
294,
],
'project:kubernetes/staging/src/k8s.io/apimachinery/third_party/forked/golang/json/fields.go':[
376,
],
'project:kubernetes/staging/src/k8s.io/apiserver/pkg/admission/errors.go':[
37,
],
'project:kubernetes/staging/src/k8s.io/apiserver/pkg/endpoints/handlers/namer.go':[
95,
],
'project:kubernetes/staging/src/k8s.io/apiserver/pkg/endpoints/handlers/rest.go':[
647,
],
'project:kubernetes/staging/src/k8s.io/apiserver/pkg/endpoints/openapi/openapi.go':[
76,
],
'project:kubernetes/staging/src/k8s.io/apiserver/pkg/registry/rest/resttest/resttest.go':[
414,
515,
685,
715,
777,
823,
],
'project:kubernetes/staging/src/k8s.io/apiserver/pkg/server/httplog/log.go':[
189,
],
'project:kubernetes/staging/src/k8s.io/apiserver/pkg/storage/cacher.go':[
524,
],
'project:kubernetes/staging/src/k8s.io/apiserver/pkg/storage/etcd/etcd_helper.go':[
209,
302,
512,
],
'project:kubernetes/staging/src/k8s.io/apiserver/pkg/util/proxy/dial.go':[
57,
],
'project:kubernetes/staging/src/k8s.io/apiserver/plugin/pkg/authenticator/token/oidc/oidc.go':[
269,
],
'project:kubernetes/staging/src/k8s.io/client-go/pkg/api/v1/defaults.go':[
117,
],
'project:kubernetes/staging/src/k8s.io/client-go/pkg/api/v1/resource/helpers.go':[
94,
],
'project:kubernetes/staging/src/k8s.io/client-go/pkg/util/util.go':[
79,
88,
],
'project:kubernetes/staging/src/k8s.io/client-go/rest/client.go':[
114,
],
'project:kubernetes/staging/src/k8s.io/client-go/rest/urlbackoff.go':[
88,
],
'project:kubernetes/staging/src/k8s.io/client-go/tools/cache/delta_fifo.go':[
330,
516,
560,
],
'project:kubernetes/staging/src/k8s.io/client-go/tools/cache/expiration_cache.go':[
130,
],
'project:kubernetes/staging/src/k8s.io/client-go/tools/cache/testing/fake_controller_source.go':[
237,
],
'project:kubernetes/staging/src/k8s.io/client-go/tools/clientcmd/client_config.go':[
214,
402,
418,
435,
],
'project:kubernetes/staging/src/k8s.io/client-go/tools/clientcmd/config.go':[
355,
413,
],
'project:kubernetes/staging/src/k8s.io/client-go/tools/clientcmd/loader.go':[
245,
256,
],
'project:kubernetes/staging/src/k8s.io/client-go/tools/clientcmd/validation.go':[
256,
262,
],
'project:kubernetes/staging/src/k8s.io/client-go/util/jsonpath/jsonpath.go':[
342,
379,
407,
],
'project:kubernetes/staging/src/k8s.io/client-go/util/jsonpath/parser.go':[
410,
],
'project:kubernetes/staging/src/k8s.io/kube-aggregator/pkg/apiserver/apiserver.go':[
425,
],
'project:kubernetes/staging/src/k8s.io/kube-aggregator/pkg/controllers/status/available_controller.go':[
135,
153,
],
'project:kubernetes/test/e2e/cluster-logging/utils.go':[
289,
],
'project:kubernetes/test/e2e/cronjob.go':[
455,
],
'project:kubernetes/test/e2e/daemon_restart.go':[
98,
],
'project:kubernetes/test/e2e/daemon_set.go':[
613,
],
'project:kubernetes/test/e2e/dashboard.go':[
74,
],
'project:kubernetes/test/e2e/dns.go':[
206,
],
'project:kubernetes/test/e2e/framework/google_compute.go':[
130,
138,
],
'project:kubernetes/test/e2e/framework/pv_util.go':[
195,
237,
],
'project:kubernetes/test/e2e/framework/util.go':[
2311,
5090,
],
'project:kubernetes/test/e2e/logging_soak.go':[
133,
],
'project:kubernetes/test/e2e/perf/density.go':[
86,
],
'project:kubernetes/test/e2e/ssh.go':[
71,
],
'project:kubernetes/test/e2e/statefulset.go':[
839,
1098,
],
'project:kubernetes/test/e2e/storage/vsphere_volume_diskformat.go':[
200,
],
'project:kubernetes/test/e2e_federation/deployment.go':[
172,
],
'project:kubernetes/test/e2e_federation/framework/cluster.go':[
124,
],
'project:kubernetes/test/e2e_federation/ingress.go':[
312,
],
'project:kubernetes/test/e2e_federation/namespace.go':[
219,
247,
258,
],
'project:kubernetes/test/e2e_federation/replicaset.go':[
266,
],
'project:kubernetes/test/e2e_federation/service.go':[
350,
],
'project:kubernetes/test/e2e_federation/util.go':[
228,
],
'project:kubernetes/test/e2e_node/remote/ssh.go':[
95,
],
'project:kubernetes/test/e2e_node/runner/remote/run_remote.go':[
553,
],
'project:kubernetes/test/images/netexec/netexec.go':[
374,
],
'project:kubernetes/test/utils/conditions.go':[
67,
],
'project:kubernetes/test/utils/runners.go':[
645,
1245,
],
'project:samples/NoIdenticalConditions.go':[
4,
],
}
