{
'project:kubernetes/cmd/cloud-controller-manager/app/options/options.go':[
50,
],
'project:kubernetes/cmd/kube-apiserver/app/server.go':[
222,
],
'project:kubernetes/cmd/kube-controller-manager/app/options/options.go':[
61,
],
'project:kubernetes/cmd/kube-proxy/app/server.go':[
480,
],
'project:kubernetes/cmd/kubeadm/app/apis/kubeadm/v1alpha1/defaults.go':[
28,
],
'project:kubernetes/cmd/kubeadm/app/master/manifests.go':[
279,
373,
402,
403,
422,
468,
],
'project:kubernetes/federation/cmd/federation-controller-manager/app/options/options.go':[
95,
],
'project:kubernetes/federation/pkg/dnsprovider/tests/commontests.go':[
32,
37,
55,
59,
80,
],
'project:kubernetes/federation/pkg/kubefed/init/init.go':[
690,
],
'project:kubernetes/federation/pkg/kubefed/join.go':[
52,
],
'project:kubernetes/federation/pkg/kubefed/testing/testing.go':[
84,
125,
],
'project:kubernetes/pkg/api/service/util.go':[
31,
37,
],
'project:kubernetes/pkg/api/v1/service/util.go':[
31,
37,
],
'project:kubernetes/pkg/apis/componentconfig/v1alpha1/defaults.go':[
58,
144,
215,
258,
307,
],
'project:kubernetes/pkg/cloudprovider/providers/aws/aws.go':[
2819,
],
'project:kubernetes/pkg/cloudprovider/providers/azure/azure_zones.go':[
29,
],
'project:kubernetes/pkg/cloudprovider/providers/gce/gce_loadbalancer.go':[
59,
59,
59,
59,
],
'project:kubernetes/pkg/cloudprovider/providers/openstack/metadata.go':[
39,
],
'project:kubernetes/pkg/cloudprovider/providers/openstack/openstack_loadbalancer.go':[
909,
],
'project:kubernetes/pkg/kubeapiserver/options/serving.go':[
38,
79,
],
'project:kubernetes/pkg/kubectl/cluster.go':[
110,
],
'project:kubernetes/pkg/kubectl/cmd/proxy.go':[
91,
],
'project:kubernetes/pkg/kubelet/apis/cri/testing/fake_runtime_service.go':[
32,
],
'project:kubernetes/pkg/kubelet/dockershim/libdocker/fake_client.go':[
560,
],
'project:kubernetes/pkg/kubelet/kubelet.go':[
1404,
],
'project:kubernetes/pkg/kubelet/network/hostport/hostport.go':[
195,
],
'project:kubernetes/pkg/kubelet/network/kubenet/kubenet_linux.go':[
123,
182,
],
'project:kubernetes/pkg/kubemark/hollow_kubelet.go':[
129,
],
'project:kubernetes/pkg/kubemark/hollow_proxy.go':[
90,
],
'project:kubernetes/pkg/master/services.go':[
34,
],
'project:kubernetes/pkg/proxy/iptables/proxier.go':[
484,
],
'project:kubernetes/pkg/proxy/userspace/proxier.go':[
946,
947,
],
'project:kubernetes/pkg/proxy/winuserspace/proxier.go':[
131,
],
'project:kubernetes/pkg/registry/core/rest/storage_core.go':[
247,
248,
],
'project:kubernetes/staging/src/k8s.io/apiextensions-apiserver/pkg/cmd/server/start.go':[
90,
],
'project:kubernetes/staging/src/k8s.io/apiextensions-apiserver/test/integration/testserver/start.go':[
48,
51,
63,
],
'project:kubernetes/staging/src/k8s.io/apiserver/pkg/endpoints/discovery/addresses.go':[
51,
],
'project:kubernetes/staging/src/k8s.io/apiserver/pkg/server/config_selfclient.go':[
67,
],
'project:kubernetes/staging/src/k8s.io/apiserver/pkg/server/options/serving.go':[
72,
263,
],
'project:kubernetes/staging/src/k8s.io/apiserver/pkg/storage/etcd/testing/utils.go':[
72,
83,
],
'project:kubernetes/staging/src/k8s.io/client-go/tools/portforward/portforward.go':[
187,
],
'project:kubernetes/staging/src/k8s.io/sample-apiserver/pkg/cmd/server/start.go':[
89,
],
'project:kubernetes/test/e2e/dns_configmap.go':[
148,
149,
150,
165,
170,
175,
],
'project:kubernetes/test/e2e/firewall.go':[
53,
53,
],
'project:kubernetes/test/e2e/framework/firewall_util.go':[
62,
162,
184,
202,
227,
263,
278,
],
'project:kubernetes/test/e2e/framework/test_context.go':[
32,
224,
],
'project:kubernetes/test/e2e/framework/util.go':[
183,
],
'project:kubernetes/test/e2e/networking.go':[
51,
],
'project:kubernetes/test/e2e/portforward.go':[
478,
481,
487,
492,
],
'project:kubernetes/test/e2e/service.go':[
1300,
],
'project:kubernetes/test/e2e_federation/util.go':[
66,
],
'project:kubernetes/test/e2e_node/services/apiserver.go':[
28,
],
'project:kubernetes/test/e2e_node/services/kubelet.go':[
132,
145,
],
'project:kubernetes/test/e2e_node/util.go':[
48,
190,
],
'project:kubernetes/test/integration/federation/framework/federation.go':[
101,
],
'project:kubernetes/test/integration/framework/master_utils.go':[
329,
410,
],
}
