{
'project:samples/EmptyStatements.go':[
9,
11,
],
}
