{
'project:kubernetes/pkg/kubectl/cmd/set/set_subject.go':[
250,
],
'project:kubernetes/pkg/kubectl/cmd/util/editor/editoptions.go':[
488,
],
'project:kubernetes/pkg/kubectl/cmd/util/factory_client_access.go':[
266,
],
'project:kubernetes/pkg/kubectl/cmd/util/factory_object_mapping.go':[
262,
269,
276,
375,
382,
],
'project:kubernetes/plugin/pkg/scheduler/factory/factory.go':[
532,
535,
],
'project:kubernetes/staging/src/k8s.io/apimachinery/pkg/api/meta/meta.go':[
53,
],
'project:kubernetes/staging/src/k8s.io/apimachinery/third_party/forked/golang/reflect/deep_equal.go':[
330,
],
'project:kubernetes/test/e2e/framework/util.go':[
2910,
2915,
],
'project:kubernetes/third_party/forked/golang/reflect/deep_equal.go':[
330,
],
}
