{
'project:kubernetes/cmd/genswaggertypedocs/swagger_type_docs.go':[
57,
],
'project:kubernetes/cmd/kubelet/app/server.go':[
397,
],
'project:kubernetes/cmd/libs/go2idl/client-gen/generators/client_generator.go':[
127,
300,
],
'project:kubernetes/cmd/libs/go2idl/client-gen/generators/fake/fake_client_generator.go':[
81,
],
'project:kubernetes/cmd/libs/go2idl/client-gen/generators/fake/generator_fake_for_type.go':[
80,
151,
153,
],
'project:kubernetes/cmd/libs/go2idl/client-gen/generators/generator_for_type.go':[
103,
105,
],
'project:kubernetes/cmd/libs/go2idl/go-to-protobuf/protobuf/generator.go':[
140,
],
'project:kubernetes/cmd/libs/go2idl/informer-gen/generators/packages.go':[
73,
163,
167,
296,
337,
],
'project:kubernetes/cmd/libs/go2idl/lister-gen/generators/lister.go':[
119,
158,
171,
],
'project:kubernetes/federation/pkg/federatedtypes/crudtester/crudtester.go':[
134,
],
'project:kubernetes/federation/pkg/federation-controller/util/cluster_util.go':[
58,
],
'project:kubernetes/federation/pkg/federation-controller/util/planner/planner.go':[
118,
],
'project:kubernetes/pkg/api/validation/validation.go':[
2409,
3236,
],
'project:kubernetes/pkg/cloudprovider/providers/aws/aws.go':[
2040,
2485,
],
'project:kubernetes/pkg/cloudprovider/providers/azure/azure_blobDiskController.go':[
397,
],
'project:kubernetes/pkg/cloudprovider/providers/photon/photon.go':[
221,
448,
],
'project:kubernetes/pkg/cloudprovider/providers/vsphere/vsphere.go':[
625,
654,
1559,
],
'project:kubernetes/pkg/controller/controller_ref_manager.go':[
40,
],
'project:kubernetes/pkg/controller/controller_utils.go':[
506,
509,
],
'project:kubernetes/pkg/kubectl/history.go':[
213,
],
'project:kubernetes/pkg/kubelet/rkt/rkt.go':[
988,
],
'project:kubernetes/pkg/proxy/winuserspace/proxier.go':[
196,
],
'project:kubernetes/pkg/proxy/winuserspace/proxysocket.go':[
427,
474,
],
'project:kubernetes/pkg/registry/batch/job/strategy.go':[
75,
],
'project:kubernetes/pkg/registry/core/namespace/storage/storage.go':[
172,
],
'project:kubernetes/pkg/security/podsecuritypolicy/user/nonroot.go':[
54,
],
'project:kubernetes/pkg/util/mount/mount.go':[
229,
],
'project:kubernetes/pkg/util/netsh/netsh.go':[
118,
],
'project:kubernetes/pkg/volume/cinder/cinder_util.go':[
214,
],
'project:kubernetes/pkg/volume/iscsi/iscsi_util.go':[
225,
],
'project:kubernetes/plugin/pkg/admission/gc/gc_admission.go':[
199,
246,
],
'project:kubernetes/staging/src/k8s.io/apimachinery/pkg/util/uuid/uuid.go':[
38,
],
'project:kubernetes/staging/src/k8s.io/apiserver/pkg/endpoints/handlers/rest.go':[
1028,
],
'project:kubernetes/staging/src/k8s.io/apiserver/pkg/registry/rest/resttest/resttest.go':[
975,
],
'project:kubernetes/staging/src/k8s.io/apiserver/pkg/server/options/encryptionconfig/config.go':[
121,
129,
137,
152,
],
'project:kubernetes/staging/src/k8s.io/client-go/util/cert/io.go':[
33,
33,
37,
41,
],
'project:kubernetes/test/e2e/examples.go':[
258,
328,
],
'project:kubernetes/test/e2e/framework/util.go':[
2839,
],
'project:kubernetes/test/e2e/no-snat.go':[
121,
],
'project:kubernetes/test/e2e/storage/vsphere_volume_diskformat.go':[
201,
201,
205,
205,
209,
209,
],
'project:kubernetes/test/e2e_federation/deployment.go':[
168,
],
'project:kubernetes/test/e2e_federation/ingress.go':[
308,
],
'project:kubernetes/test/e2e_federation/namespace.go':[
215,
],
'project:kubernetes/test/e2e_federation/replicaset.go':[
266,
268,
],
'project:kubernetes/test/e2e_federation/service.go':[
346,
],
'project:samples/RedundantBooleanLiteral.go':[
4,
],
}
