{
'project:samples/OneStatementPerLine.go':[
10,
],
}
