{
'project:kubernetes/cmd/libs/go2idl/client-gen/generators/client_generator.go':[
289,
],
'project:kubernetes/cmd/libs/go2idl/go-to-protobuf/protobuf/generator.go':[
312,
322,
],
'project:kubernetes/cmd/libs/go2idl/go-to-protobuf/protobuf/parser.go':[
203,
232,
],
'project:kubernetes/cmd/linkcheck/links.go':[
146,
149,
],
'project:kubernetes/cmd/mungedocs/links.go':[
228,
],
'project:kubernetes/federation/cmd/federation-controller-manager/app/controllermanager.go':[
227,
],
'project:kubernetes/federation/pkg/dnsprovider/providers/coredns/rrchangeset.go':[
99,
],
'project:kubernetes/federation/pkg/federation-controller/cluster/clustercontroller.go':[
199,
],
'project:kubernetes/federation/pkg/federation-controller/ingress/ingress_controller.go':[
834,
841,
],
'project:kubernetes/federation/pkg/federation-controller/service/dns/dns.go':[
268,
424,
429,
],
'project:kubernetes/federation/pkg/federation-controller/util/podanalyzer/pod_helper.go':[
65,
69,
],
'project:kubernetes/federation/pkg/kubefed/util/util.go':[
312,
315,
],
'project:kubernetes/pkg/api/pod/util.go':[
68,
138,
],
'project:kubernetes/pkg/api/v1/pod/util.go':[
156,
226,
],
'project:kubernetes/pkg/api/validation/validation.go':[
888,
911,
930,
],
'project:kubernetes/pkg/apis/extensions/validation/validation.go':[
957,
961,
],
'project:kubernetes/pkg/apis/networking/validation/validation.go':[
51,
55,
],
'project:kubernetes/pkg/cloudprovider/providers/aws/aws.go':[
1514,
3186,
],
'project:kubernetes/pkg/cloudprovider/providers/azure/azure_loadbalancer.go':[
361,
384,
402,
422,
],
'project:kubernetes/pkg/cloudprovider/providers/gce/gce_instances.go':[
556,
],
'project:kubernetes/pkg/cloudprovider/providers/gce/gce_loadbalancer_external.go':[
144,
437,
],
'project:kubernetes/pkg/cloudprovider/providers/openstack/openstack_loadbalancer.go':[
799,
],
'project:kubernetes/pkg/cloudprovider/providers/photon/photon.go':[
196,
327,
389,
],
'project:kubernetes/pkg/cloudprovider/providers/vsphere/vsphere.go':[
487,
],
'project:kubernetes/pkg/controller/cloud/nodecontroller.go':[
242,
],
'project:kubernetes/pkg/controller/daemon/daemoncontroller.go':[
930,
],
'project:kubernetes/pkg/controller/disruption/disruption.go':[
564,
570,
],
'project:kubernetes/pkg/controller/node/nodecontroller.go':[
598,
610,
625,
637,
652,
655,
659,
689,
747,
902,
909,
],
'project:kubernetes/pkg/controller/podautoscaler/horizontal.go':[
421,
433,
438,
441,
449,
482,
498,
],
'project:kubernetes/pkg/controller/volume/attachdetach/reconciler/reconciler.go':[
261,
],
'project:kubernetes/pkg/controller/volume/persistentvolume/pv_controller.go':[
321,
324,
337,
345,
529,
537,
],
'project:kubernetes/pkg/kubectl/cmd/config/set.go':[
224,
],
'project:kubernetes/pkg/kubectl/cmd/create_role.go':[
254,
],
'project:kubernetes/pkg/kubectl/cmd/drain.go':[
500,
641,
],
'project:kubernetes/pkg/kubectl/cmd/get.go':[
506,
],
'project:kubernetes/pkg/kubectl/cmd/help.go':[
61,
],
'project:kubernetes/pkg/kubectl/cmd/set/set_image.go':[
189,
],
'project:kubernetes/pkg/kubectl/cmd/util/shortcut_restmapper.go':[
88,
],
'project:kubernetes/pkg/kubectl/configmap.go':[
193,
],
'project:kubernetes/pkg/kubectl/secret.go':[
192,
],
'project:kubernetes/pkg/kubelet/config/config.go':[
246,
],
'project:kubernetes/pkg/kubelet/dockershim/docker_sandbox.go':[
203,
],
'project:kubernetes/pkg/kubelet/kubelet.go':[
343,
],
'project:kubernetes/pkg/kubelet/kubelet_node_status.go':[
444,
488,
495,
],
'project:kubernetes/pkg/kubelet/kubelet_pods.go':[
166,
173,
461,
496,
545,
550,
554,
563,
578,
590,
605,
],
'project:kubernetes/pkg/kubelet/network/hostport/fake_iptables.go':[
272,
279,
285,
288,
],
'project:kubernetes/pkg/kubelet/volumemanager/reconciler/reconciler.go':[
256,
296,
303,
],
'project:kubernetes/pkg/master/controller.go':[
372,
],
'project:kubernetes/pkg/printers/common.go':[
35,
],
'project:kubernetes/pkg/printers/humanreadable.go':[
329,
338,
352,
],
'project:kubernetes/pkg/printers/internalversion/printers.go':[
221,
225,
326,
],
'project:kubernetes/pkg/proxy/iptables/proxier.go':[
1229,
1332,
1343,
],
'project:kubernetes/pkg/proxy/userspace/proxier.go':[
273,
],
'project:kubernetes/pkg/registry/core/service/rest.go':[
146,
160,
378,
498,
],
'project:kubernetes/pkg/registry/rbac/validation/policy_comparator.go':[
64,
],
'project:kubernetes/pkg/registry/rbac/validation/rule.go':[
157,
163,
],
'project:kubernetes/pkg/util/ipconfig/ipconfig.go':[
80,
83,
],
'project:kubernetes/pkg/util/iptables/save_restore.go':[
97,
],
'project:kubernetes/pkg/util/oom/oom_linux.go':[
106,
],
'project:kubernetes/pkg/volume/azure_dd/azure_common.go':[
292,
299,
],
'project:kubernetes/pkg/volume/downwardapi/downwardapi.go':[
249,
],
'project:kubernetes/pkg/volume/projected/projected.go':[
265,
288,
292,
],
'project:kubernetes/pkg/volume/rbd/rbd_util.go':[
159,
],
'project:kubernetes/pkg/volume/util.go':[
115,
],
'project:kubernetes/plugin/pkg/admission/limitranger/admission.go':[
472,
477,
482,
490,
495,
500,
521,
530,
],
'project:kubernetes/plugin/pkg/admission/resourcequota/controller.go':[
356,
],
'project:kubernetes/plugin/pkg/scheduler/algorithm/predicates/predicates.go':[
553,
],
'project:kubernetes/staging/src/k8s.io/apimachinery/pkg/api/resource/quantity.go':[
332,
336,
],
'project:kubernetes/staging/src/k8s.io/apimachinery/pkg/api/resource/quantity_proto.go':[
245,
248,
254,
],
'project:kubernetes/staging/src/k8s.io/apimachinery/pkg/util/net/interface.go':[
175,
],
'project:kubernetes/staging/src/k8s.io/apimachinery/pkg/util/strategicpatch/patch.go':[
1430,
1572,
1575,
],
'project:kubernetes/staging/src/k8s.io/apimachinery/third_party/forked/golang/json/fields.go':[
194,
205,
406,
],
'project:kubernetes/staging/src/k8s.io/apiserver/pkg/endpoints/handlers/response.go':[
128,
135,
],
'project:kubernetes/staging/src/k8s.io/apiserver/pkg/endpoints/installer.go':[
811,
],
'project:kubernetes/staging/src/k8s.io/apiserver/pkg/registry/generic/registry/store.go':[
371,
],
'project:kubernetes/staging/src/k8s.io/apiserver/pkg/util/proxy/dial.go':[
68,
],
'project:kubernetes/staging/src/k8s.io/apiserver/pkg/util/proxy/transport.go':[
180,
],
'project:kubernetes/staging/src/k8s.io/client-go/tools/cache/reflector.go':[
312,
],
'project:kubernetes/staging/src/k8s.io/client-go/util/jsonpath/jsonpath.go':[
388,
416,
],
'project:kubernetes/test/e2e/framework/resource_usage_gatherer.go':[
332,
342,
],
'project:kubernetes/test/e2e/framework/service_util.go':[
1039,
],
'project:kubernetes/test/e2e/framework/util.go':[
3981,
3987,
4005,
4008,
4173,
],
'project:kubernetes/test/e2e/perf/density.go':[
107,
580,
587,
681,
698,
],
'project:kubernetes/test/e2e/stackdriver_monitoring.go':[
130,
],
'project:kubernetes/test/e2e_node/services/server.go':[
241,
],
'project:kubernetes/test/images/netexec/netexec.go':[
391,
],
'project:kubernetes/test/utils/runners.go':[
671,
],
'project:kubernetes/vendor/github.com/appc/spec/schema/types/labels.go':[
67,
],
'project:kubernetes/vendor/github.com/appc/spec/schema/types/resource/quantity.go':[
330,
334,
],
'project:kubernetes/vendor/github.com/asaskevich/govalidator/validator.go':[
728,
762,
],
'project:kubernetes/vendor/github.com/aws/aws-sdk-go/aws/awsutil/path_value.go':[
63,
116,
128,
133,
139,
],
'project:kubernetes/vendor/github.com/aws/aws-sdk-go/private/protocol/json/jsonutil/build.go':[
234,
],
'project:kubernetes/vendor/github.com/aws/aws-sdk-go/private/protocol/rest/build.go':[
130,
],
'project:kubernetes/vendor/github.com/aws/aws-sdk-go/private/protocol/rest/unmarshal.go':[
53,
],
'project:kubernetes/vendor/github.com/aws/aws-sdk-go/private/protocol/xml/xmlutil/unmarshal.go':[
28,
],
'project:kubernetes/vendor/github.com/aws/aws-sdk-go/private/waiter/waiter.go':[
65,
74,
],
'project:kubernetes/vendor/github.com/blang/semver/range.go':[
364,
],
'project:kubernetes/vendor/github.com/blang/semver/semver.go':[
375,
383,
],
'project:kubernetes/vendor/github.com/boltdb/bolt/bucket.go':[
287,
],
'project:kubernetes/vendor/github.com/cloudflare/cfssl/config/config.go':[
185,
396,
],
'project:kubernetes/vendor/github.com/coreos/etcd/raft/raft.go':[
891,
],
'project:kubernetes/vendor/github.com/coreos/go-systemd/unit/escape.go':[
50,
],
'project:kubernetes/vendor/github.com/docker/distribution/digest/set.go':[
202,
],
'project:kubernetes/vendor/github.com/docker/engine-api/types/container/hostconfig_unix.go':[
32,
],
'project:kubernetes/vendor/github.com/docker/go-units/duration.go':[
21,
],
'project:kubernetes/vendor/github.com/emicklei/go-restful-swagger12/swagger_webservice.go':[
36,
],
'project:kubernetes/vendor/github.com/emicklei/go-restful/container.go':[
349,
],
'project:kubernetes/vendor/github.com/fsnotify/fsnotify/inotify_poller.go':[
134,
],
'project:kubernetes/vendor/github.com/fsnotify/fsnotify/kqueue.go':[
334,
345,
],
'project:kubernetes/vendor/github.com/garyburd/redigo/redis/scan.go':[
282,
300,
],
'project:kubernetes/vendor/github.com/ghodss/yaml/fields.go':[
178,
189,
390,
],
'project:kubernetes/vendor/github.com/ghodss/yaml/yaml.go':[
180,
191,
201,
],
'project:kubernetes/vendor/github.com/go-openapi/validate/object_validator.go':[
95,
],
'project:kubernetes/vendor/github.com/go-openapi/validate/schema_props.go':[
170,
],
'project:kubernetes/vendor/github.com/go-openapi/validate/spec.go':[
285,
296,
314,
319,
546,
571,
579,
681,
688,
694,
718,
721,
728,
731,
],
'project:kubernetes/vendor/github.com/godbus/dbus/auth.go':[
96,
115,
152,
],
'project:kubernetes/vendor/github.com/godbus/dbus/conn.go':[
270,
287,
307,
],
'project:kubernetes/vendor/github.com/godbus/dbus/dbus.go':[
72,
90,
103,
],
'project:kubernetes/vendor/github.com/gogo/protobuf/plugin/compare/compare.go':[
192,
288,
311,
341,
354,
],
'project:kubernetes/vendor/github.com/gogo/protobuf/plugin/defaultcheck/defaultcheck.go':[
103,
],
'project:kubernetes/vendor/github.com/gogo/protobuf/plugin/equal/equal.go':[
355,
360,
405,
411,
],
'project:kubernetes/vendor/github.com/gogo/protobuf/plugin/gostring/gostring.go':[
202,
214,
227,
],
'project:kubernetes/vendor/github.com/gogo/protobuf/plugin/marshalto/marshalto.go':[
449,
479,
513,
543,
604,
629,
663,
696,
730,
795,
936,
942,
949,
968,
974,
982,
1005,
1026,
1031,
1056,
1061,
1178,
1224,
],
'project:kubernetes/vendor/github.com/gogo/protobuf/plugin/populate/populate.go':[
291,
331,
340,
350,
364,
463,
563,
578,
584,
593,
617,
630,
],
'project:kubernetes/vendor/github.com/gogo/protobuf/plugin/size/size.go':[
256,
274,
304,
320,
418,
424,
431,
452,
464,
555,
],
'project:kubernetes/vendor/github.com/gogo/protobuf/plugin/stringer/stringer.go':[
206,
],
'project:kubernetes/vendor/github.com/gogo/protobuf/plugin/unmarshal/unmarshal.go':[
463,
478,
495,
510,
579,
596,
614,
631,
708,
782,
787,
801,
823,
842,
934,
996,
1013,
1031,
1048,
],
'project:kubernetes/vendor/github.com/gogo/protobuf/proto/decode.go':[
495,
502,
],
'project:kubernetes/vendor/github.com/gogo/protobuf/proto/encode.go':[
1238,
1241,
],
'project:kubernetes/vendor/github.com/gogo/protobuf/proto/skip_gogo.go':[
88,
94,
],
'project:kubernetes/vendor/github.com/gogo/protobuf/proto/text.go':[
310,
318,
324,
327,
346,
355,
365,
378,
381,
386,
389,
540,
],
'project:kubernetes/vendor/github.com/gogo/protobuf/proto/text_parser.go':[
437,
440,
499,
650,
653,
656,
660,
663,
666,
771,
],
'project:kubernetes/vendor/github.com/gogo/protobuf/protoc-gen-gogo/generator/generator.go':[
2173,
2179,
2185,
2573,
2605,
2609,
2741,
2887,
2980,
2999,
],
'project:kubernetes/vendor/github.com/golang/protobuf/proto/decode.go':[
495,
],
'project:kubernetes/vendor/github.com/golang/protobuf/proto/encode.go':[
1231,
1234,
],
'project:kubernetes/vendor/github.com/golang/protobuf/proto/text.go':[
303,
311,
335,
344,
354,
367,
370,
375,
378,
],
'project:kubernetes/vendor/github.com/golang/protobuf/proto/text_parser.go':[
431,
434,
493,
644,
647,
650,
654,
657,
660,
],
'project:kubernetes/vendor/github.com/google/cadvisor/api/versions.go':[
390,
],
'project:kubernetes/vendor/github.com/google/cadvisor/collector/generic_collector.go':[
168,
],
'project:kubernetes/vendor/github.com/google/cadvisor/fs/fs.go':[
164,
],
'project:kubernetes/vendor/github.com/google/cadvisor/manager/container.go':[
372,
375,
439,
],
'project:kubernetes/vendor/github.com/google/certificate-transparency/go/asn1/asn1.go':[
616,
],
'project:kubernetes/vendor/github.com/google/certificate-transparency/go/asn1/marshal.go':[
514,
],
'project:kubernetes/vendor/github.com/google/certificate-transparency/go/x509/verify.go':[
456,
],
'project:kubernetes/vendor/github.com/google/certificate-transparency/go/x509/x509.go':[
899,
950,
953,
1007,
1042,
1046,
1078,
1117,
1120,
],
'project:kubernetes/vendor/github.com/googleapis/gnostic/OpenAPIv2/OpenAPIv2.go':[
149,
229,
336,
413,
456,
466,
653,
678,
706,
749,
759,
821,
966,
1247,
1289,
1525,
1576,
1848,
1890,
2029,
2164,
2723,
2836,
2949,
3062,
3209,
3260,
3279,
3505,
3524,
3802,
3844,
3894,
3925,
4143,
4185,
4495,
4537,
4629,
4747,
4766,
5040,
5083,
5156,
5447,
5515,
5525,
5608,
6376,
6661,
],
'project:kubernetes/vendor/github.com/googleapis/gnostic/compiler/helpers.go':[
126,
],
'project:kubernetes/vendor/github.com/googleapis/gnostic/compiler/reader.go':[
148,
],
'project:kubernetes/vendor/github.com/gophercloud/gophercloud/params.go':[
64,
83,
91,
103,
311,
335,
401,
411,
],
'project:kubernetes/vendor/github.com/gophercloud/gophercloud/provider_client.go':[
219,
225,
],
'project:kubernetes/vendor/github.com/gorilla/mux/mux.go':[
355,
],
'project:kubernetes/vendor/github.com/gorilla/mux/regexp.go':[
238,
],
'project:kubernetes/vendor/github.com/hashicorp/hcl/decoder.go':[
541,
],
'project:kubernetes/vendor/github.com/hashicorp/hcl/hcl/strconv/quote.go':[
68,
],
'project:kubernetes/vendor/github.com/howeyc/gopass/pass.go':[
77,
],
'project:kubernetes/vendor/github.com/imdario/mergo/map.go':[
82,
97,
],
'project:kubernetes/vendor/github.com/influxdata/influxdb/models/points.go':[
955,
],
'project:kubernetes/vendor/github.com/jmespath/go-jmespath/interpreter.go':[
136,
],
'project:kubernetes/vendor/github.com/jmespath/go-jmespath/lexer.go':[
167,
],
'project:kubernetes/vendor/github.com/jmespath/go-jmespath/parser.go':[
552,
],
'project:kubernetes/vendor/github.com/jteeuwen/go-bindata/convert.go':[
187,
],
'project:kubernetes/vendor/github.com/magiconair/properties/properties.go':[
582,
590,
598,
],
'project:kubernetes/vendor/github.com/miekg/dns/clientconfig.go':[
76,
82,
88,
],
'project:kubernetes/vendor/github.com/miekg/dns/generate.go':[
95,
104,
108,
],
'project:kubernetes/vendor/github.com/miekg/dns/msg.go':[
208,
253,
263,
343,
436,
],
'project:kubernetes/vendor/github.com/miekg/dns/scan.go':[
286,
291,
548,
565,
687,
],
'project:kubernetes/vendor/github.com/miekg/dns/scan_rr.go':[
92,
],
'project:kubernetes/vendor/github.com/miekg/dns/types.go':[
437,
],
'project:kubernetes/vendor/github.com/mitchellh/mapstructure/mapstructure.go':[
502,
596,
],
'project:kubernetes/vendor/github.com/mreiferson/go-httpclient/httpclient.go':[
131,
136,
],
'project:kubernetes/vendor/github.com/mxk/go-flowrate/flowrate/flowrate.go':[
145,
],
'project:kubernetes/vendor/github.com/onsi/ginkgo/ginkgo/notifications.go':[
87,
],
'project:kubernetes/vendor/github.com/onsi/ginkgo/reporters/stenographer/stenographer.go':[
342,
],
'project:kubernetes/vendor/github.com/onsi/ginkgo/reporters/stenographer/support/go-colorable/colorable_windows.go':[
527,
],
'project:kubernetes/vendor/github.com/onsi/gomega/gomega_dsl.go':[
328,
],
'project:kubernetes/vendor/github.com/onsi/gomega/matchers/support/goraph/bipartitegraph/bipartitegraphmatching.go':[
117,
122,
129,
137,
142,
],
'project:kubernetes/vendor/github.com/opencontainers/runc/libcontainer/cgroups/systemd/apply_systemd.go':[
124,
179,
],
'project:kubernetes/vendor/github.com/opencontainers/runc/libcontainer/container_linux.go':[
274,
],
'project:kubernetes/vendor/github.com/opencontainers/runc/libcontainer/process_linux.go':[
311,
333,
],
'project:kubernetes/vendor/github.com/opencontainers/runc/libcontainer/user/user.go':[
350,
357,
],
'project:kubernetes/vendor/github.com/pelletier/go-toml/lexer.go':[
302,
444,
460,
610,
],
'project:kubernetes/vendor/github.com/pelletier/go-toml/querylexer.go':[
240,
],
'project:kubernetes/vendor/github.com/pkg/sftp/client.go':[
834,
838,
],
'project:kubernetes/vendor/github.com/pkg/sftp/packet.go':[
628,
],
'project:kubernetes/vendor/github.com/pkg/sftp/server.go':[
594,
],
'project:kubernetes/vendor/github.com/pkg/sftp/server_unix.go':[
36,
],
'project:kubernetes/vendor/github.com/pmezard/go-difflib/difflib/difflib.go':[
603,
611,
618,
715,
718,
731,
734,
],
'project:kubernetes/vendor/github.com/rackspace/gophercloud/openstack/identity/v3/tokens/requests.go':[
214,
224,
],
'project:kubernetes/vendor/github.com/rackspace/gophercloud/params.go':[
140,
161,
227,
237,
],
'project:kubernetes/vendor/github.com/russross/blackfriday/inline.go':[
391,
981,
994,
1003,
],
'project:kubernetes/vendor/github.com/russross/blackfriday/markdown.go':[
414,
],
'project:kubernetes/vendor/github.com/samuel/go-zookeeper/zk/conn.go':[
595,
608,
614,
619,
763,
],
'project:kubernetes/vendor/github.com/samuel/go-zookeeper/zk/structs.go':[
426,
512,
],
'project:kubernetes/vendor/github.com/samuel/go-zookeeper/zk/tracer.go':[
66,
],
'project:kubernetes/vendor/github.com/square/go-jose/json/decode.go':[
660,
1153,
],
'project:kubernetes/vendor/github.com/square/go-jose/json/encode.go':[
1052,
1065,
1076,
],
'project:kubernetes/vendor/github.com/stretchr/objx/accessors.go':[
130,
],
'project:kubernetes/vendor/github.com/syndtr/gocapability/capability/capability_linux.go':[
458,
],
'project:kubernetes/vendor/github.com/ugorji/go/codec/binc.go':[
171,
367,
485,
546,
676,
],
'project:kubernetes/vendor/github.com/ugorji/go/codec/cbor.go':[
207,
249,
],
'project:kubernetes/vendor/github.com/ugorji/go/codec/codecgen/gen.go':[
187,
203,
],
'project:kubernetes/vendor/github.com/ugorji/go/codec/decode.go':[
750,
772,
798,
801,
816,
922,
933,
940,
961,
985,
1098,
1102,
1144,
1148,
1727,
],
'project:kubernetes/vendor/github.com/ugorji/go/codec/encode.go':[
517,
1286,
1447,
],
'project:kubernetes/vendor/github.com/ugorji/go/codec/gen.go':[
748,
925,
],
'project:kubernetes/vendor/github.com/ugorji/go/codec/helper.go':[
676,
942,
951,
1013,
],
'project:kubernetes/vendor/github.com/ugorji/go/codec/json.go':[
148,
154,
157,
160,
518,
521,
756,
1014,
],
'project:kubernetes/vendor/github.com/ugorji/go/codec/msgpack.go':[
128,
200,
584,
613,
],
'project:kubernetes/vendor/github.com/ugorji/go/codec/simple.go':[
188,
],
'project:kubernetes/vendor/github.com/vishvananda/netlink/filter_linux.go':[
124,
128,
171,
176,
179,
],
'project:kubernetes/vendor/github.com/vishvananda/netlink/link_linux.go':[
354,
493,
517,
520,
],
'project:kubernetes/vendor/github.com/vishvananda/netlink/qdisc_linux.go':[
133,
138,
143,
146,
],
'project:kubernetes/vendor/github.com/vishvananda/netlink/xfrm_state_linux.go':[
149,
],
'project:kubernetes/vendor/github.com/vmware/govmomi/vim25/xml/marshal.go':[
750,
773,
837,
],
'project:kubernetes/vendor/github.com/vmware/govmomi/vim25/xml/read.go':[
494,
520,
553,
],
'project:kubernetes/vendor/github.com/vmware/govmomi/vim25/xml/typeinfo.go':[
76,
79,
82,
],
'project:kubernetes/vendor/github.com/vmware/govmomi/vim25/xml/xml.go':[
683,
686,
701,
704,
975,
984,
994,
1002,
1015,
],
'project:kubernetes/vendor/golang.org/x/crypto/ed25519/internal/edwards25519/edwards25519.go':[
852,
],
'project:kubernetes/vendor/golang.org/x/crypto/pkcs12/pbkdf.go':[
144,
148,
],
'project:kubernetes/vendor/golang.org/x/crypto/ssh/messages.go':[
382,
472,
],
'project:kubernetes/vendor/golang.org/x/crypto/ssh/server.go':[
369,
],
'project:kubernetes/vendor/golang.org/x/crypto/ssh/terminal/terminal.go':[
689,
695,
],
'project:kubernetes/vendor/golang.org/x/net/html/atom/gen.go':[
139,
],
'project:kubernetes/vendor/golang.org/x/net/html/doctype.go':[
76,
],
'project:kubernetes/vendor/golang.org/x/net/html/escape.go':[
89,
148,
],
'project:kubernetes/vendor/golang.org/x/net/html/foreign.go':[
44,
],
'project:kubernetes/vendor/golang.org/x/net/html/parse.go':[
197,
785,
803,
860,
],
'project:kubernetes/vendor/golang.org/x/net/html/render.go':[
120,
123,
128,
131,
],
'project:kubernetes/vendor/golang.org/x/net/http2/server.go':[
163,
],
'project:kubernetes/vendor/golang.org/x/net/idna/punycode.go':[
143,
],
'project:kubernetes/vendor/golang.org/x/net/internal/timeseries/timeseries.go':[
429,
440,
],
'project:kubernetes/vendor/golang.org/x/text/cases/gen.go':[
547,
552,
557,
561,
597,
],
'project:kubernetes/vendor/golang.org/x/text/cases/map.go':[
488,
499,
],
'project:kubernetes/vendor/golang.org/x/text/encoding/internal/identifier/gen.go':[
85,
94,
104,
],
'project:kubernetes/vendor/golang.org/x/text/encoding/unicode/unicode.go':[
90,
327,
331,
334,
],
'project:kubernetes/vendor/golang.org/x/text/language/language.go':[
245,
253,
269,
504,
],
'project:kubernetes/vendor/golang.org/x/text/language/maketables.go':[
752,
1276,
1301,
1334,
1341,
1446,
],
'project:kubernetes/vendor/golang.org/x/text/language/match.go':[
151,
157,
595,
],
'project:kubernetes/vendor/golang.org/x/text/language/parse.go':[
527,
],
'project:kubernetes/vendor/golang.org/x/text/runes/runes.go':[
118,
186,
198,
202,
],
'project:kubernetes/vendor/golang.org/x/text/transform/transform.go':[
481,
],
'project:kubernetes/vendor/golang.org/x/text/unicode/bidi/bracket.go':[
157,
],
'project:kubernetes/vendor/golang.org/x/text/unicode/bidi/core.go':[
210,
349,
363,
380,
498,
],
'project:kubernetes/vendor/golang.org/x/text/unicode/norm/iter.go':[
246,
249,
274,
291,
300,
],
'project:kubernetes/vendor/golang.org/x/text/unicode/norm/maketables.go':[
691,
699,
],
'project:kubernetes/vendor/gopkg.in/gcfg.v1/read.go':[
95,
101,
108,
143,
149,
154,
161,
166,
],
'project:kubernetes/vendor/gopkg.in/yaml.v2/emitterc.go':[
1337,
1348,
1393,
1404,
1409,
1500,
1509,
1522,
1525,
1531,
1653,
],
'project:kubernetes/vendor/gopkg.in/yaml.v2/readerc.go':[
189,
216,
279,
303,
317,
364,
],
'project:kubernetes/vendor/gopkg.in/yaml.v2/resolve.go':[
145,
157,
],
'project:kubernetes/vendor/gopkg.in/yaml.v2/scannerc.go':[
2349,
2617,
],
'project:kubernetes/vendor/gopkg.in/yaml.v2/yaml.go':[
273,
277,
],
'project:kubernetes/vendor/k8s.io/apimachinery/pkg/api/resource/quantity.go':[
332,
336,
],
'project:kubernetes/vendor/k8s.io/apimachinery/pkg/api/resource/quantity_proto.go':[
245,
248,
254,
],
'project:kubernetes/vendor/k8s.io/apimachinery/pkg/util/net/interface.go':[
175,
],
'project:kubernetes/vendor/k8s.io/apimachinery/pkg/util/strategicpatch/patch.go':[
1430,
1572,
1575,
],
'project:kubernetes/vendor/k8s.io/apimachinery/third_party/forked/golang/json/fields.go':[
194,
205,
406,
],
'project:kubernetes/vendor/k8s.io/apiserver/pkg/endpoints/handlers/response.go':[
128,
135,
],
'project:kubernetes/vendor/k8s.io/apiserver/pkg/endpoints/installer.go':[
811,
],
'project:kubernetes/vendor/k8s.io/apiserver/pkg/registry/generic/registry/store.go':[
371,
],
'project:kubernetes/vendor/k8s.io/apiserver/pkg/util/proxy/dial.go':[
68,
],
'project:kubernetes/vendor/k8s.io/apiserver/pkg/util/proxy/transport.go':[
180,
],
'project:kubernetes/vendor/k8s.io/client-go/tools/cache/reflector.go':[
312,
],
'project:kubernetes/vendor/k8s.io/client-go/util/jsonpath/jsonpath.go':[
388,
416,
],
'project:kubernetes/vendor/k8s.io/gengo/examples/deepcopy-gen/generators/deepcopy.go':[
176,
621,
],
'project:kubernetes/vendor/k8s.io/gengo/examples/defaulter-gen/generators/defaulter.go':[
168,
275,
],
}
