{
'project:kubernetes/cluster/images/etcd/rollback/rollback.go':[
57,
],
'project:kubernetes/cmd/kube-apiserver/app/server.go':[
652,
],
'project:kubernetes/cmd/kube-proxy/app/server.go':[
420,
605,
],
'project:kubernetes/cmd/kubeadm/app/cmd/completion.go':[
137,
],
'project:kubernetes/cmd/kubeadm/app/cmd/token.go':[
46,
],
'project:kubernetes/cmd/kubeadm/app/phases/certs/certs.go':[
43,
],
'project:kubernetes/cmd/kubelet/app/options/options.go':[
148,
],
'project:kubernetes/cmd/kubelet/app/server.go':[
362,
],
'project:kubernetes/cmd/libs/go2idl/conversion-gen/generators/conversion.go':[
186,
740,
],
'project:kubernetes/cmd/libs/go2idl/go-to-protobuf/protobuf/cmd.go':[
121,
],
'project:kubernetes/federation/cmd/federation-apiserver/app/server.go':[
88,
292,
],
'project:kubernetes/federation/pkg/federation-controller/deployment/deploymentcontroller.go':[
417,
],
'project:kubernetes/federation/pkg/federation-controller/ingress/ingress_controller.go':[
123,
677,
],
'project:kubernetes/federation/pkg/federation-controller/replicaset/replicasetcontroller.go':[
395,
],
'project:kubernetes/federation/pkg/federation-controller/service/servicecontroller.go':[
102,
],
'project:kubernetes/federation/pkg/federation-controller/util/planner/planner.go':[
67,
],
'project:kubernetes/federation/pkg/kubefed/init/init.go':[
257,
684,
],
'project:kubernetes/federation/pkg/kubefed/join.go':[
177,
],
'project:kubernetes/pkg/api/testapi/testapi.go':[
103,
],
'project:kubernetes/pkg/api/testing/fuzzer.go':[
96,
],
'project:kubernetes/pkg/api/v1/conversion.go':[
131,
],
'project:kubernetes/pkg/api/validation/validation.go':[
396,
1193,
2805,
],
'project:kubernetes/pkg/apis/componentconfig/v1alpha1/defaults.go':[
194,
],
'project:kubernetes/pkg/client/informers/informers_generated/externalversions/generic.go':[
67,
],
'project:kubernetes/pkg/cloudprovider/providers/aws/aws.go':[
2610,
2989,
],
'project:kubernetes/pkg/cloudprovider/providers/aws/aws_loadbalancer.go':[
65,
],
'project:kubernetes/pkg/cloudprovider/providers/azure/azure.go':[
204,
],
'project:kubernetes/pkg/cloudprovider/providers/azure/azure_loadbalancer.go':[
115,
501,
],
'project:kubernetes/pkg/cloudprovider/providers/gce/gce_loadbalancer_external.go':[
45,
],
'project:kubernetes/pkg/cloudprovider/providers/openstack/openstack_loadbalancer.go':[
598,
1068,
1227,
],
'project:kubernetes/pkg/cloudprovider/providers/vsphere/vsphere.go':[
750,
1287,
],
'project:kubernetes/pkg/controller/cronjob/cronjob_controller.go':[
204,
],
'project:kubernetes/pkg/controller/daemon/daemoncontroller.go':[
1037,
],
'project:kubernetes/pkg/controller/deployment/deployment_controller.go':[
560,
],
'project:kubernetes/pkg/controller/deployment/sync.go':[
230,
],
'project:kubernetes/pkg/controller/endpoint/endpoints_controller.go':[
299,
],
'project:kubernetes/pkg/controller/job/jobcontroller.go':[
386,
],
'project:kubernetes/pkg/controller/node/nodecontroller.go':[
199,
516,
829,
],
'project:kubernetes/pkg/controller/podautoscaler/horizontal.go':[
213,
359,
],
'project:kubernetes/pkg/controller/statefulset/stateful_set_control.go':[
242,
],
'project:kubernetes/pkg/controller/volume/persistentvolume/pv_controller.go':[
432,
1244,
],
'project:kubernetes/pkg/kubeapiserver/authenticator/config.go':[
75,
],
'project:kubernetes/pkg/kubectl/cmd/apply.go':[
184,
],
'project:kubernetes/pkg/kubectl/cmd/clusterinfo_dump.go':[
91,
],
'project:kubernetes/pkg/kubectl/cmd/cmd.go':[
255,
],
'project:kubernetes/pkg/kubectl/cmd/completion.go':[
142,
],
'project:kubernetes/pkg/kubectl/cmd/expose.go':[
123,
],
'project:kubernetes/pkg/kubectl/cmd/get.go':[
148,
],
'project:kubernetes/pkg/kubectl/cmd/patch.go':[
122,
],
'project:kubernetes/pkg/kubectl/cmd/replace.go':[
173,
],
'project:kubernetes/pkg/kubectl/cmd/rollingupdate.go':[
142,
],
'project:kubernetes/pkg/kubectl/cmd/run.go':[
139,
],
'project:kubernetes/pkg/kubectl/cmd/util/editor/editoptions.go':[
153,
],
'project:kubernetes/pkg/kubectl/rolling_updater.go':[
169,
],
'project:kubernetes/pkg/kubectl/service.go':[
79,
],
'project:kubernetes/pkg/kubelet/eviction/eviction_manager.go':[
214,
],
'project:kubernetes/pkg/kubelet/kubelet.go':[
295,
1447,
],
'project:kubernetes/pkg/kubelet/kubelet_node_status.go':[
195,
],
'project:kubernetes/pkg/kubelet/kubelet_pods.go':[
424,
1274,
],
'project:kubernetes/pkg/kubelet/kuberuntime/kuberuntime_manager.go':[
554,
],
'project:kubernetes/pkg/kubelet/server/server.go':[
309,
],
'project:kubernetes/pkg/kubelet/volumemanager/reconciler/reconciler.go':[
165,
],
'project:kubernetes/pkg/printers/humanreadable.go':[
281,
],
'project:kubernetes/pkg/proxy/iptables/proxier.go':[
986,
],
'project:kubernetes/pkg/registry/core/rest/storage_core.go':[
91,
],
'project:kubernetes/pkg/registry/rbac/rest/storage_rbac.go':[
134,
],
'project:kubernetes/pkg/volume/azure_dd/azure_provision.go':[
68,
],
'project:kubernetes/pkg/volume/glusterfs/glusterfs.go':[
910,
],
'project:kubernetes/pkg/volume/util/operationexecutor/operation_generator.go':[
358,
],
'project:kubernetes/plugin/pkg/admission/resourcequota/controller.go':[
369,
],
'project:kubernetes/plugin/pkg/auth/authorizer/rbac/bootstrappolicy/controller_policy.go':[
60,
],
'project:kubernetes/plugin/pkg/auth/authorizer/rbac/bootstrappolicy/policy.go':[
137,
],
'project:kubernetes/plugin/pkg/scheduler/core/generic_scheduler.go':[
285,
],
'project:kubernetes/staging/src/k8s.io/apimachinery/third_party/forked/golang/reflect/deep_equal.go':[
246,
],
'project:kubernetes/staging/src/k8s.io/apiserver/pkg/endpoints/handlers/proxy.go':[
55,
],
'project:kubernetes/staging/src/k8s.io/apiserver/pkg/endpoints/handlers/response.go':[
36,
],
'project:kubernetes/staging/src/k8s.io/apiserver/pkg/endpoints/handlers/rest.go':[
613,
],
'project:kubernetes/staging/src/k8s.io/apiserver/pkg/endpoints/installer.go':[
191,
],
'project:kubernetes/staging/src/k8s.io/apiserver/pkg/registry/generic/registry/store.go':[
463,
],
'project:kubernetes/staging/src/k8s.io/client-go/informers/generic.go':[
67,
],
'project:kubernetes/staging/src/k8s.io/client-go/pkg/api/v1/conversion.go':[
131,
],
'project:kubernetes/staging/src/k8s.io/client-go/tools/clientcmd/api/v1/conversion.go':[
27,
],
'project:kubernetes/staging/src/k8s.io/client-go/tools/clientcmd/config.go':[
156,
],
'project:kubernetes/test/e2e/deployment.go':[
729,
964,
],
'project:kubernetes/test/e2e/framework/firewall_util.go':[
154,
],
'project:kubernetes/test/e2e/pre_stop.go':[
39,
],
'project:kubernetes/test/e2e_node/runner/remote/run_remote.go':[
161,
],
'project:kubernetes/test/e2e_node/services/server.go':[
146,
],
'project:kubernetes/test/integration/framework/master_utils.go':[
181,
],
'project:kubernetes/test/soak/cauldron/cauldron.go':[
59,
],
'project:kubernetes/test/soak/serve_hostnames/serve_hostnames.go':[
64,
],
'project:kubernetes/third_party/forked/golang/reflect/deep_equal.go':[
246,
],
'project:kubernetes/vendor/github.com/asaskevich/govalidator/validator.go':[
663,
],
'project:kubernetes/vendor/github.com/aws/aws-sdk-go/aws/awsutil/path_value.go':[
16,
],
'project:kubernetes/vendor/github.com/cloudflare/cfssl/config/config.go':[
149,
],
'project:kubernetes/vendor/github.com/cloudflare/cfssl/errors/error.go':[
216,
],
'project:kubernetes/vendor/github.com/cloudflare/cfssl/signer/local/local.go':[
195,
],
'project:kubernetes/vendor/github.com/coreos/etcd/clientv3/watch.go':[
384,
],
'project:kubernetes/vendor/github.com/coreos/etcd/etcdserver/api/v2http/client.go':[
424,
],
'project:kubernetes/vendor/github.com/coreos/etcd/etcdserver/etcdserverpb/rpc.pb.gw.go':[
598,
1194,
1391,
],
'project:kubernetes/vendor/github.com/coreos/etcd/etcdserver/server.go':[
245,
610,
],
'project:kubernetes/vendor/github.com/coreos/etcd/raft/raft.go':[
785,
],
'project:kubernetes/vendor/github.com/davecgh/go-spew/spew/dump.go':[
251,
],
'project:kubernetes/vendor/github.com/davecgh/go-spew/spew/format.go':[
201,
],
'project:kubernetes/vendor/github.com/elazarl/goproxy/https.go':[
67,
],
'project:kubernetes/vendor/github.com/fsnotify/fsnotify/windows.go':[
373,
],
'project:kubernetes/vendor/github.com/ghodss/yaml/yaml.go':[
98,
],
'project:kubernetes/vendor/github.com/go-ini/ini/ini.go':[
925,
],
'project:kubernetes/vendor/github.com/godbus/dbus/decoder.go':[
67,
],
'project:kubernetes/vendor/github.com/godbus/dbus/encoder.go':[
77,
],
'project:kubernetes/vendor/github.com/gogo/protobuf/plugin/compare/compare.go':[
145,
400,
],
'project:kubernetes/vendor/github.com/gogo/protobuf/plugin/equal/equal.go':[
303,
480,
],
'project:kubernetes/vendor/github.com/gogo/protobuf/plugin/gostring/gostring.go':[
132,
],
'project:kubernetes/vendor/github.com/gogo/protobuf/plugin/marshalto/marshalto.go':[
398,
1240,
],
'project:kubernetes/vendor/github.com/gogo/protobuf/plugin/populate/populate.go':[
226,
501,
],
'project:kubernetes/vendor/github.com/gogo/protobuf/plugin/size/size.go':[
222,
],
'project:kubernetes/vendor/github.com/gogo/protobuf/plugin/stringer/stringer.go':[
120,
],
'project:kubernetes/vendor/github.com/gogo/protobuf/plugin/testgen/testgen.go':[
268,
],
'project:kubernetes/vendor/github.com/gogo/protobuf/plugin/unmarshal/unmarshal.go':[
294,
448,
1088,
],
'project:kubernetes/vendor/github.com/gogo/protobuf/proto/decode.go':[
462,
],
'project:kubernetes/vendor/github.com/gogo/protobuf/proto/lib.go':[
557,
],
'project:kubernetes/vendor/github.com/gogo/protobuf/proto/properties.go':[
359,
747,
],
'project:kubernetes/vendor/github.com/gogo/protobuf/proto/text.go':[
266,
],
'project:kubernetes/vendor/github.com/gogo/protobuf/proto/text_parser.go':[
455,
754,
],
'project:kubernetes/vendor/github.com/gogo/protobuf/protoc-gen-gogo/generator/generator.go':[
397,
1630,
2043,
],
'project:kubernetes/vendor/github.com/golang/protobuf/jsonpb/jsonpb.go':[
102,
373,
563,
],
'project:kubernetes/vendor/github.com/golang/protobuf/proto/lib.go':[
557,
],
'project:kubernetes/vendor/github.com/golang/protobuf/proto/properties.go':[
342,
],
'project:kubernetes/vendor/github.com/golang/protobuf/proto/text.go':[
259,
],
'project:kubernetes/vendor/github.com/golang/protobuf/proto/text_parser.go':[
449,
748,
],
'project:kubernetes/vendor/github.com/google/cadvisor/api/versions.go':[
315,
],
'project:kubernetes/vendor/github.com/google/cadvisor/container/docker/handler.go':[
142,
],
'project:kubernetes/vendor/github.com/google/cadvisor/metrics/prometheus.go':[
117,
],
'project:kubernetes/vendor/github.com/google/certificate-transparency/go/asn1/asn1.go':[
564,
],
'project:kubernetes/vendor/github.com/google/certificate-transparency/go/x509/x509.go':[
840,
1239,
],
'project:kubernetes/vendor/github.com/googleapis/gnostic/OpenAPIv2/OpenAPIv2.go':[
506,
844,
989,
1312,
1599,
3110,
3409,
3547,
3936,
4237,
4789,
],
'project:kubernetes/vendor/github.com/gophercloud/gophercloud/auth_options.go':[
97,
],
'project:kubernetes/vendor/github.com/gophercloud/gophercloud/params.go':[
17,
],
'project:kubernetes/vendor/github.com/gophercloud/gophercloud/provider_client.go':[
111,
],
'project:kubernetes/vendor/github.com/gorilla/websocket/conn.go':[
553,
],
'project:kubernetes/vendor/github.com/hashicorp/hcl/decoder.go':[
477,
],
'project:kubernetes/vendor/github.com/jmespath/go-jmespath/functions.go':[
124,
],
'project:kubernetes/vendor/github.com/jmespath/go-jmespath/interpreter.go':[
31,
],
'project:kubernetes/vendor/github.com/magiconair/properties/decode.go':[
105,
],
'project:kubernetes/vendor/github.com/miekg/dns/msg.go':[
156,
],
'project:kubernetes/vendor/github.com/miekg/dns/msg_generate.go':[
48,
],
'project:kubernetes/vendor/github.com/miekg/dns/scan.go':[
169,
487,
],
'project:kubernetes/vendor/github.com/miekg/dns/scan_rr.go':[
886,
],
'project:kubernetes/vendor/github.com/miekg/dns/sig0.go':[
83,
],
'project:kubernetes/vendor/github.com/miekg/dns/types_generate.go':[
85,
],
'project:kubernetes/vendor/github.com/mitchellh/mapstructure/mapstructure.go':[
645,
],
'project:kubernetes/vendor/github.com/onsi/ginkgo/reporters/stenographer/support/go-colorable/colorable_windows.go':[
353,
],
'project:kubernetes/vendor/github.com/opencontainers/runc/libcontainer/container_linux.go':[
838,
],
'project:kubernetes/vendor/github.com/opencontainers/runc/libcontainer/process_linux.go':[
231,
],
'project:kubernetes/vendor/github.com/opencontainers/runc/libcontainer/rootfs_linux.go':[
127,
],
'project:kubernetes/vendor/github.com/opencontainers/runc/libcontainer/standard_init_linux.go':[
47,
],
'project:kubernetes/vendor/github.com/opencontainers/runc/libcontainer/user/user.go':[
240,
],
'project:kubernetes/vendor/github.com/pkg/sftp/server.go':[
213,
],
'project:kubernetes/vendor/github.com/prometheus/client_golang/prometheus/go_collector.go':[
21,
],
'project:kubernetes/vendor/github.com/prometheus/client_golang/prometheus/registry.go':[
359,
],
'project:kubernetes/vendor/github.com/prometheus/common/expfmt/text_create.go':[
35,
],
'project:kubernetes/vendor/github.com/rackspace/gophercloud/openstack/identity/v3/tokens/requests.go':[
37,
],
'project:kubernetes/vendor/github.com/rackspace/gophercloud/testhelper/convenience.go':[
53,
],
'project:kubernetes/vendor/github.com/russross/blackfriday/block.go':[
25,
1074,
],
'project:kubernetes/vendor/github.com/russross/blackfriday/inline.go':[
202,
674,
],
'project:kubernetes/vendor/github.com/spf13/cobra/bash_completions.go':[
20,
],
'project:kubernetes/vendor/github.com/square/go-jose/json/decode.go':[
555,
746,
],
'project:kubernetes/vendor/github.com/square/go-jose/json/encode.go':[
1000,
],
'project:kubernetes/vendor/github.com/storageos/go-api/event.go':[
48,
],
'project:kubernetes/vendor/github.com/ugorji/go/codec/codecgen/gen.go':[
85,
],
'project:kubernetes/vendor/github.com/ugorji/go/codec/decode.go':[
831,
1031,
1489,
1667,
],
'project:kubernetes/vendor/github.com/ugorji/go/codec/encode.go':[
734,
1241,
],
'project:kubernetes/vendor/github.com/ugorji/go/codec/gen.go':[
167,
647,
836,
1097,
],
'project:kubernetes/vendor/github.com/ugorji/go/codec/json.go':[
649,
],
'project:kubernetes/vendor/github.com/vmware/govmomi/vim25/xml/marshal.go':[
352,
719,
],
'project:kubernetes/vendor/github.com/vmware/govmomi/vim25/xml/read.go':[
315,
],
'project:kubernetes/vendor/github.com/vmware/govmomi/vim25/xml/xml.go':[
503,
912,
],
'project:kubernetes/vendor/golang.org/x/crypto/curve25519/curve25519.go':[
282,
520,
],
'project:kubernetes/vendor/golang.org/x/crypto/ed25519/internal/edwards25519/edwards25519.go':[
1024,
1455,
],
'project:kubernetes/vendor/golang.org/x/crypto/pkcs12/pbkdf.go':[
33,
],
'project:kubernetes/vendor/golang.org/x/crypto/poly1305/sum_ref.go':[
37,
],
'project:kubernetes/vendor/golang.org/x/crypto/salsa20/salsa/hsalsa20.go':[
14,
],
'project:kubernetes/vendor/golang.org/x/crypto/salsa20/salsa/salsa208.go':[
9,
],
'project:kubernetes/vendor/golang.org/x/crypto/salsa20/salsa/salsa20_ref.go':[
13,
],
'project:kubernetes/vendor/golang.org/x/crypto/ssh/server.go':[
262,
],
'project:kubernetes/vendor/golang.org/x/crypto/ssh/terminal/terminal.go':[
430,
],
'project:kubernetes/vendor/golang.org/x/net/html/atom/gen.go':[
45,
],
'project:kubernetes/vendor/golang.org/x/net/html/parse.go':[
701,
1038,
],
'project:kubernetes/vendor/golang.org/x/net/html/render.go':[
68,
],
'project:kubernetes/vendor/golang.org/x/net/html/token.go':[
393,
],
'project:kubernetes/vendor/golang.org/x/net/http2/transport.go':[
706,
],
'project:kubernetes/vendor/golang.org/x/net/proxy/socks5.go':[
64,
],
'project:kubernetes/vendor/golang.org/x/text/cases/gen.go':[
627,
],
'project:kubernetes/vendor/golang.org/x/text/language/maketables.go':[
714,
887,
1201,
],
'project:kubernetes/vendor/golang.org/x/text/unicode/norm/maketables.go':[
576,
],
'project:kubernetes/vendor/google.golang.org/api/cloudmonitoring/v2beta2/cloudmonitoring-gen.go':[
1628,
2099,
],
'project:kubernetes/vendor/google.golang.org/api/monitoring/v3/monitoring-gen.go':[
4340,
],
'project:kubernetes/vendor/google.golang.org/grpc/server.go':[
553,
],
'project:kubernetes/vendor/google.golang.org/grpc/transport/http2_client.go':[
271,
],
'project:kubernetes/vendor/gopkg.in/gcfg.v1/read.go':[
51,
],
'project:kubernetes/vendor/gopkg.in/yaml.v2/decode.go':[
332,
],
'project:kubernetes/vendor/gopkg.in/yaml.v2/emitterc.go':[
984,
],
'project:kubernetes/vendor/gopkg.in/yaml.v2/parserc.go':[
360,
],
'project:kubernetes/vendor/gopkg.in/yaml.v2/readerc.go':[
91,
],
'project:kubernetes/vendor/gopkg.in/yaml.v2/scannerc.go':[
665,
2062,
2304,
2560,
],
'project:kubernetes/vendor/k8s.io/apimachinery/third_party/forked/golang/reflect/deep_equal.go':[
246,
],
'project:kubernetes/vendor/k8s.io/apiserver/pkg/endpoints/handlers/proxy.go':[
55,
],
'project:kubernetes/vendor/k8s.io/apiserver/pkg/endpoints/handlers/response.go':[
36,
],
'project:kubernetes/vendor/k8s.io/apiserver/pkg/endpoints/handlers/rest.go':[
613,
],
'project:kubernetes/vendor/k8s.io/apiserver/pkg/endpoints/installer.go':[
191,
],
'project:kubernetes/vendor/k8s.io/apiserver/pkg/registry/generic/registry/store.go':[
463,
],
'project:kubernetes/vendor/k8s.io/client-go/informers/generic.go':[
67,
],
'project:kubernetes/vendor/k8s.io/client-go/pkg/api/v1/conversion.go':[
131,
],
'project:kubernetes/vendor/k8s.io/client-go/tools/clientcmd/api/v1/conversion.go':[
27,
],
'project:kubernetes/vendor/k8s.io/client-go/tools/clientcmd/config.go':[
156,
],
'project:kubernetes/vendor/k8s.io/gengo/examples/defaulter-gen/generators/defaulter.go':[
198,
],
'project:kubernetes/vendor/k8s.io/gengo/parser/parse.go':[
620,
],
}
