{
'project:kubernetes/cluster/images/etcd/rollback/rollback.go':[
279,
],
'project:kubernetes/cmd/kube-controller-manager/app/plugins.go':[
131,
],
'project:kubernetes/cmd/kube-proxy/app/server.go':[
88,
],
'project:kubernetes/cmd/kubeadm/app/preflight/checks.go':[
529,
],
'project:kubernetes/cmd/libs/go2idl/client-gen/types/helpers.go':[
57,
],
'project:kubernetes/cmd/libs/go2idl/conversion-gen/generators/conversion.go':[
349,
353,
785,
],
'project:kubernetes/cmd/libs/go2idl/go-to-protobuf/protobuf/cmd.go':[
154,
],
'project:kubernetes/cmd/libs/go2idl/go-to-protobuf/protobuf/generator.go':[
224,
306,
444,
450,
597,
],
'project:kubernetes/cmd/libs/go2idl/go-to-protobuf/protobuf/package.go':[
110,
],
'project:kubernetes/cmd/libs/go2idl/go-to-protobuf/protobuf/parser.go':[
115,
132,
154,
182,
199,
204,
216,
229,
290,
306,
313,
333,
340,
],
'project:kubernetes/cmd/libs/go2idl/openapi-gen/generators/openapi.go':[
339,
],
'project:kubernetes/cmd/mungedocs/kubectl_dash_f.go':[
57,
],
'project:kubernetes/cmd/mungedocs/util.go':[
150,
],
'project:kubernetes/federation/pkg/dnsprovider/providers/aws/route53/stubs/route53api.go':[
82,
],
'project:kubernetes/federation/pkg/dnsprovider/providers/coredns/rrchangeset.go':[
82,
],
'project:kubernetes/federation/pkg/federatedtypes/crudtester/crudtester.go':[
161,
184,
],
'project:kubernetes/federation/pkg/federation-controller/ingress/ingress_controller.go':[
775,
],
'project:kubernetes/federation/pkg/federation-controller/service/servicecontroller.go':[
289,
552,
],
'project:kubernetes/federation/pkg/federation-controller/sync/controller.go':[
264,
],
'project:kubernetes/federation/pkg/federation-controller/util/clusterselector/clusterselector.go':[
65,
],
'project:kubernetes/federation/pkg/federation-controller/util/federated_updater.go':[
110,
],
'project:kubernetes/pkg/api/helper/helpers.go':[
323,
],
'project:kubernetes/pkg/api/persistentvolume/util.go':[
35,
],
'project:kubernetes/pkg/api/pod/util.go':[
52,
134,
],
'project:kubernetes/pkg/api/resource/helpers.go':[
86,
],
'project:kubernetes/pkg/api/testing/fuzzer.go':[
484,
694,
],
'project:kubernetes/pkg/api/v1/conversion.go':[
37,
39,
44,
50,
55,
61,
66,
72,
77,
83,
88,
94,
99,
105,
110,
116,
121,
],
'project:kubernetes/pkg/api/v1/helper/helpers.go':[
140,
],
'project:kubernetes/pkg/api/v1/pod/util.go':[
35,
140,
222,
],
'project:kubernetes/pkg/api/v1/resource/helpers.go':[
151,
],
'project:kubernetes/pkg/api/v1/validation/validation.go':[
127,
],
'project:kubernetes/pkg/api/validation/schema.go':[
102,
],
'project:kubernetes/pkg/api/validation/validation.go':[
1715,
2813,
4167,
],
'project:kubernetes/pkg/apis/rbac/helpers.go':[
231,
],
'project:kubernetes/pkg/apis/rbac/v1alpha1/defaults.go':[
39,
],
'project:kubernetes/pkg/apis/rbac/v1beta1/defaults.go':[
39,
],
'project:kubernetes/pkg/client/conditions/conditions.go':[
40,
44,
46,
59,
63,
65,
77,
81,
83,
96,
100,
116,
120,
156,
160,
],
'project:kubernetes/pkg/client/informers/informers_generated/externalversions/generic.go':[
68,
],
'project:kubernetes/pkg/client/informers/informers_generated/internalversion/generic.go':[
64,
],
'project:kubernetes/pkg/client/unversioned/conditions.go':[
157,
161,
163,
176,
180,
182,
194,
198,
200,
213,
217,
233,
237,
273,
277,
],
'project:kubernetes/pkg/cloudprovider/providers/aws/aws.go':[
2315,
],
'project:kubernetes/pkg/cloudprovider/providers/vsphere/vsphere.go':[
973,
],
'project:kubernetes/pkg/controller/daemon/daemoncontroller.go':[
737,
1007,
1125,
],
'project:kubernetes/pkg/controller/deployment/deployment_controller.go':[
684,
],
'project:kubernetes/pkg/controller/deployment/progress.go':[
96,
],
'project:kubernetes/pkg/controller/deployment/sync.go':[
325,
440,
],
'project:kubernetes/pkg/controller/garbagecollector/garbagecollector.go':[
222,
298,
],
'project:kubernetes/pkg/controller/garbagecollector/graph_builder.go':[
474,
],
'project:kubernetes/pkg/controller/namespace/deletion/namespaced_resources_deleter.go':[
539,
],
'project:kubernetes/pkg/controller/node/nodecontroller.go':[
801,
],
'project:kubernetes/pkg/controller/serviceaccount/serviceaccounts_controller.go':[
202,
],
'project:kubernetes/pkg/controller/statefulset/stateful_pod_control.go':[
188,
],
'project:kubernetes/pkg/fieldpath/fieldpath.go':[
45,
],
'project:kubernetes/pkg/kubeapiserver/authenticator/config.go':[
202,
],
'project:kubernetes/pkg/kubectl/cmd/apply.go':[
575,
],
'project:kubernetes/pkg/kubectl/cmd/apply_set_last_applied.go':[
225,
],
'project:kubernetes/pkg/kubectl/cmd/apply_view_last_applied.go':[
138,
],
'project:kubernetes/pkg/kubectl/cmd/attach.go':[
149,
],
'project:kubernetes/pkg/kubectl/cmd/config/navigation_step_parser.go':[
45,
],
'project:kubernetes/pkg/kubectl/cmd/config/set.go':[
138,
],
'project:kubernetes/pkg/kubectl/cmd/drain.go':[
270,
],
'project:kubernetes/pkg/kubectl/cmd/patch.go':[
123,
],
'project:kubernetes/pkg/kubectl/cmd/rollingupdate.go':[
401,
],
'project:kubernetes/pkg/kubectl/cmd/run.go':[
215,
],
'project:kubernetes/pkg/kubectl/cmd/taint.go':[
226,
],
'project:kubernetes/pkg/kubectl/cmd/testdata/edit/record.go':[
77,
],
'project:kubernetes/pkg/kubectl/cmd/testing/fake.go':[
419,
],
'project:kubernetes/pkg/kubectl/cmd/util/factory_client_access.go':[
494,
587,
],
'project:kubernetes/pkg/kubectl/cmd/util/helpers.go':[
210,
223,
226,
265,
628,
749,
],
'project:kubernetes/pkg/kubectl/history.go':[
55,
],
'project:kubernetes/pkg/kubectl/proxy_server.go':[
222,
],
'project:kubernetes/pkg/kubectl/resource/result.go':[
270,
],
'project:kubernetes/pkg/kubectl/resource_filter.go':[
48,
75,
],
'project:kubernetes/pkg/kubectl/rolebinding.go':[
119,
],
'project:kubernetes/pkg/kubectl/rollback.go':[
56,
],
'project:kubernetes/pkg/kubectl/rolling_updater.go':[
436,
],
'project:kubernetes/pkg/kubectl/rollout_status.go':[
38,
],
'project:kubernetes/pkg/kubectl/scale.go':[
54,
128,
],
'project:kubernetes/pkg/kubectl/service.go':[
157,
],
'project:kubernetes/pkg/kubectl/sorting_printer.go':[
85,
100,
],
'project:kubernetes/pkg/kubectl/stop.go':[
71,
],
'project:kubernetes/pkg/kubelet/cm/cgroup_manager_linux.go':[
123,
],
'project:kubernetes/pkg/kubelet/cm/container_manager_linux.go':[
334,
],
'project:kubernetes/pkg/kubelet/cm/node_container_manager.go':[
215,
],
'project:kubernetes/pkg/kubelet/cm/pod_container_manager_linux.go':[
99,
],
'project:kubernetes/pkg/kubelet/cm/qos_container_manager_linux.go':[
273,
294,
],
'project:kubernetes/pkg/kubelet/config/file_linux.go':[
111,
],
'project:kubernetes/pkg/kubelet/container/helpers.go':[
259,
],
'project:kubernetes/pkg/kubelet/dockershim/docker_sandbox.go':[
649,
],
'project:kubernetes/pkg/kubelet/dockershim/docker_service.go':[
467,
],
'project:kubernetes/pkg/kubelet/dockershim/libdocker/fake_client.go':[
138,
],
'project:kubernetes/pkg/kubelet/eviction/helpers.go':[
804,
],
'project:kubernetes/pkg/kubelet/kubelet.go':[
340,
1178,
1880,
],
'project:kubernetes/pkg/kubelet/kubelet_node_status.go':[
1000,
],
'project:kubernetes/pkg/kubelet/kubelet_pods.go':[
396,
449,
542,
650,
],
'project:kubernetes/pkg/kubelet/kuberuntime/helpers.go':[
75,
91,
],
'project:kubernetes/pkg/kubelet/kuberuntime/kuberuntime_container.go':[
551,
],
'project:kubernetes/pkg/kubelet/network/cni/cni.go':[
100,
],
'project:kubernetes/pkg/kubelet/prober/worker.go':[
85,
],
'project:kubernetes/pkg/kubelet/qos/policy.go':[
44,
],
'project:kubernetes/pkg/kubelet/rkt/rkt.go':[
701,
1672,
1903,
2307,
],
'project:kubernetes/pkg/kubelet/server/auth.go':[
68,
99,
],
'project:kubernetes/pkg/kubelet/server/portforward/httpstream.go':[
193,
282,
],
'project:kubernetes/pkg/kubelet/server/remotecommand/httpstream.go':[
151,
],
'project:kubernetes/pkg/printers/customcolumn.go':[
205,
],
'project:kubernetes/pkg/printers/humanreadable.go':[
405,
833,
],
'project:kubernetes/pkg/printers/internalversion/describe.go':[
1003,
1223,
1248,
1306,
1801,
2852,
],
'project:kubernetes/pkg/printers/internalversion/printers.go':[
281,
704,
],
'project:kubernetes/pkg/printers/json.go':[
40,
84,
],
'project:kubernetes/pkg/proxy/userspace/proxysocket.go':[
54,
],
'project:kubernetes/pkg/proxy/winuserspace/proxysocket.go':[
87,
],
'project:kubernetes/pkg/quota/evaluator/core/pods.go':[
228,
],
'project:kubernetes/pkg/quota/evaluator/core/services.go':[
139,
162,
171,
],
'project:kubernetes/pkg/registry/core/service/allocator/storage/storage.go':[
199,
],
'project:kubernetes/pkg/registry/core/service/rest.go':[
299,
],
'project:kubernetes/pkg/registry/rbac/reconciliation/reconcile_role.go':[
188,
],
'project:kubernetes/pkg/registry/rbac/reconciliation/reconcile_rolebindings.go':[
206,
],
'project:kubernetes/pkg/registry/rbac/rest/storage_rbac.go':[
172,
200,
231,
261,
],
'project:kubernetes/pkg/security/podsecuritypolicy/util/util.go':[
75,
],
'project:kubernetes/pkg/serviceaccount/jwt.go':[
220,
],
'project:kubernetes/pkg/util/iptables/iptables.go':[
604,
],
'project:kubernetes/pkg/util/mount/mount_linux.go':[
344,
],
'project:kubernetes/pkg/util/term/term_writer.go':[
56,
],
'project:kubernetes/pkg/util/version/version.go':[
157,
173,
],
'project:kubernetes/pkg/volume/glusterfs/glusterfs.go':[
245,
],
'project:kubernetes/pkg/volume/nfs/nfs.go':[
196,
],
'project:kubernetes/pkg/volume/quobyte/quobyte.go':[
451,
],
'project:kubernetes/pkg/volume/rbd/rbd.go':[
203,
],
'project:kubernetes/pkg/volume/storageos/storageos.go':[
183,
454,
731,
],
'project:kubernetes/pkg/volume/util.go':[
103,
108,
],
'project:kubernetes/pkg/volume/vsphere_volume/vsphere_volume_util.go':[
203,
],
'project:kubernetes/plugin/pkg/admission/initialization/initialization.go':[
140,
],
'project:kubernetes/plugin/pkg/admission/limitranger/admission.go':[
403,
],
'project:kubernetes/plugin/pkg/auth/authorizer/node/node_authorizer.go':[
82,
],
'project:kubernetes/staging/src/k8s.io/apiextensions-apiserver/examples/client-go/client/cr.go':[
65,
],
'project:kubernetes/staging/src/k8s.io/apiextensions-apiserver/pkg/apiserver/customresource_handler.go':[
303,
],
'project:kubernetes/staging/src/k8s.io/apiextensions-apiserver/pkg/client/informers/externalversions/generic.go':[
53,
],
'project:kubernetes/staging/src/k8s.io/apiextensions-apiserver/pkg/client/informers/internalversion/generic.go':[
53,
],
'project:kubernetes/staging/src/k8s.io/apimachinery/pkg/api/errors/errors.go':[
87,
331,
428,
438,
460,
463,
473,
],
'project:kubernetes/staging/src/k8s.io/apimachinery/pkg/api/meta/errors.go':[
34,
54,
],
'project:kubernetes/staging/src/k8s.io/apimachinery/pkg/api/meta/restmapper.go':[
159,
],
'project:kubernetes/staging/src/k8s.io/apimachinery/pkg/api/resource/amount.go':[
228,
],
'project:kubernetes/staging/src/k8s.io/apimachinery/pkg/api/resource/math.go':[
62,
],
'project:kubernetes/staging/src/k8s.io/apimachinery/pkg/api/resource/quantity.go':[
165,
251,
296,
],
'project:kubernetes/staging/src/k8s.io/apimachinery/pkg/api/resource/suffix.go':[
89,
138,
156,
],
'project:kubernetes/staging/src/k8s.io/apimachinery/pkg/api/validation/objectmeta.go':[
328,
],
'project:kubernetes/staging/src/k8s.io/apimachinery/pkg/conversion/cloner.go':[
140,
],
'project:kubernetes/staging/src/k8s.io/apimachinery/pkg/conversion/converter.go':[
692,
731,
],
'project:kubernetes/staging/src/k8s.io/apimachinery/pkg/conversion/queryparams/convert.go':[
173,
],
'project:kubernetes/staging/src/k8s.io/apimachinery/pkg/conversion/unstructured/converter.go':[
158,
160,
166,
173,
180,
611,
],
'project:kubernetes/staging/src/k8s.io/apimachinery/pkg/fields/selector.go':[
339,
],
'project:kubernetes/staging/src/k8s.io/apimachinery/pkg/labels/selector.go':[
256,
275,
285,
392,
525,
538,
606,
],
'project:kubernetes/staging/src/k8s.io/apimachinery/pkg/runtime/helper.go':[
158,
],
'project:kubernetes/staging/src/k8s.io/apimachinery/pkg/runtime/serializer/protobuf/protobuf.go':[
107,
],
'project:kubernetes/staging/src/k8s.io/apimachinery/pkg/runtime/serializer/recognizer/recognizer.go':[
67,
],
'project:kubernetes/staging/src/k8s.io/apimachinery/pkg/runtime/serializer/versioning/versioning.go':[
183,
],
'project:kubernetes/staging/src/k8s.io/apimachinery/pkg/util/errors/errors.go':[
173,
],
'project:kubernetes/staging/src/k8s.io/apimachinery/pkg/util/httpstream/spdy/roundtripper.go':[
162,
],
'project:kubernetes/staging/src/k8s.io/apimachinery/pkg/util/intstr/intstr.go':[
165,
],
'project:kubernetes/staging/src/k8s.io/apimachinery/pkg/util/json/json.go':[
63,
83,
],
'project:kubernetes/staging/src/k8s.io/apimachinery/pkg/util/jsonmergepatch/patch.go':[
113,
],
'project:kubernetes/staging/src/k8s.io/apimachinery/pkg/util/net/http.go':[
67,
],
'project:kubernetes/staging/src/k8s.io/apimachinery/pkg/util/strategicpatch/patch.go':[
733,
1127,
],
'project:kubernetes/staging/src/k8s.io/apimachinery/third_party/forked/golang/reflect/deep_equal.go':[
117,
260,
],
'project:kubernetes/staging/src/k8s.io/apiserver/pkg/admission/plugin/namespace/lifecycle/admission.go':[
166,
],
'project:kubernetes/staging/src/k8s.io/apiserver/pkg/endpoints/handlers/negotiation/negotiate.go':[
279,
],
'project:kubernetes/staging/src/k8s.io/apiserver/pkg/endpoints/handlers/proxy.go':[
273,
],
'project:kubernetes/staging/src/k8s.io/apiserver/pkg/endpoints/handlers/responsewriters/status.go':[
42,
53,
],
'project:kubernetes/staging/src/k8s.io/apiserver/pkg/endpoints/handlers/rest.go':[
671,
],
'project:kubernetes/staging/src/k8s.io/apiserver/pkg/endpoints/installer.go':[
279,
634,
897,
],
'project:kubernetes/staging/src/k8s.io/apiserver/pkg/endpoints/request/requestinfo.go':[
186,
],
'project:kubernetes/staging/src/k8s.io/apiserver/pkg/registry/generic/registry/decorated_watcher.go':[
52,
],
'project:kubernetes/staging/src/k8s.io/apiserver/pkg/registry/generic/registry/store.go':[
367,
647,
663,
690,
706,
],
'project:kubernetes/staging/src/k8s.io/apiserver/pkg/registry/generic/rest/response_checker.go':[
56,
],
'project:kubernetes/staging/src/k8s.io/apiserver/pkg/server/config.go':[
262,
],
'project:kubernetes/staging/src/k8s.io/apiserver/pkg/server/handler.go':[
134,
],
'project:kubernetes/staging/src/k8s.io/apiserver/pkg/server/openapi/openapi.go':[
226,
],
'project:kubernetes/staging/src/k8s.io/apiserver/pkg/storage/cacher.go':[
861,
],
'project:kubernetes/staging/src/k8s.io/apiserver/pkg/storage/etcd/etcd_watcher.go':[
409,
],
'project:kubernetes/staging/src/k8s.io/apiserver/pkg/storage/etcd3/watcher.go':[
301,
],
'project:kubernetes/staging/src/k8s.io/apiserver/pkg/util/wsstream/conn.go':[
202,
277,
326,
],
'project:kubernetes/staging/src/k8s.io/client-go/informers/generic.go':[
68,
],
'project:kubernetes/staging/src/k8s.io/client-go/pkg/api/helper/helpers.go':[
323,
],
'project:kubernetes/staging/src/k8s.io/client-go/pkg/api/v1/conversion.go':[
37,
39,
44,
50,
55,
61,
66,
72,
77,
83,
88,
94,
99,
105,
110,
116,
121,
],
'project:kubernetes/staging/src/k8s.io/client-go/pkg/api/v1/resource/helpers.go':[
151,
],
'project:kubernetes/staging/src/k8s.io/client-go/pkg/apis/rbac/helpers.go':[
230,
],
'project:kubernetes/staging/src/k8s.io/client-go/pkg/apis/rbac/v1alpha1/defaults.go':[
39,
],
'project:kubernetes/staging/src/k8s.io/client-go/pkg/apis/rbac/v1beta1/defaults.go':[
39,
],
'project:kubernetes/staging/src/k8s.io/client-go/rest/request.go':[
142,
942,
956,
1123,
1161,
1196,
],
'project:kubernetes/staging/src/k8s.io/client-go/third_party/forked/golang/template/exec.go':[
48,
59,
],
'project:kubernetes/staging/src/k8s.io/client-go/third_party/forked/golang/template/funcs.go':[
89,
161,
285,
558,
],
'project:kubernetes/staging/src/k8s.io/client-go/tools/cache/controller.go':[
300,
367,
],
'project:kubernetes/staging/src/k8s.io/client-go/tools/cache/shared_informer.go':[
342,
],
'project:kubernetes/staging/src/k8s.io/client-go/tools/cache/store.go':[
97,
],
'project:kubernetes/staging/src/k8s.io/client-go/tools/cache/testing/fake_controller_source.go':[
137,
],
'project:kubernetes/staging/src/k8s.io/client-go/tools/clientcmd/merged_client_builder.go':[
107,
],
'project:kubernetes/staging/src/k8s.io/client-go/tools/clientcmd/validation.go':[
61,
96,
],
'project:kubernetes/staging/src/k8s.io/client-go/tools/portforward/portforward.go':[
280,
],
'project:kubernetes/staging/src/k8s.io/client-go/tools/record/event.go':[
280,
],
'project:kubernetes/staging/src/k8s.io/client-go/tools/remotecommand/remotecommand.go':[
163,
],
'project:kubernetes/staging/src/k8s.io/client-go/transport/round_trippers.go':[
43,
64,
],
'project:kubernetes/staging/src/k8s.io/client-go/util/cert/pem.go':[
83,
],
'project:kubernetes/staging/src/k8s.io/client-go/util/jsonpath/parser.go':[
254,
339,
377,
424,
],
'project:kubernetes/staging/src/k8s.io/kube-aggregator/pkg/client/informers/externalversions/generic.go':[
53,
],
'project:kubernetes/staging/src/k8s.io/kube-aggregator/pkg/client/informers/internalversion/generic.go':[
53,
],
'project:kubernetes/staging/src/k8s.io/kube-aggregator/pkg/controllers/autoregister/autoregister_controller.go':[
229,
],
'project:kubernetes/test/e2e/audit.go':[
157,
],
'project:kubernetes/test/e2e/common/pods.go':[
242,
],
'project:kubernetes/test/e2e/deployment.go':[
1195,
],
'project:kubernetes/test/e2e/e2e.go':[
67,
141,
],
'project:kubernetes/test/e2e/framework/jobs_util.go':[
89,
],
'project:kubernetes/test/e2e/framework/metrics_util.go':[
263,
318,
466,
],
'project:kubernetes/test/e2e/framework/service_util.go':[
1338,
],
'project:kubernetes/test/e2e/framework/util.go':[
1204,
1243,
1307,
1333,
1351,
1438,
1442,
2157,
],
'project:kubernetes/test/e2e/ha_master.go':[
157,
],
'project:kubernetes/test/e2e/perf/density.go':[
429,
],
'project:kubernetes/test/e2e/resource_quota.go':[
554,
],
'project:kubernetes/test/e2e/stackdriver_monitoring.go':[
123,
],
'project:kubernetes/test/e2e/statefulset.go':[
811,
],
'project:kubernetes/test/e2e/storage/volume_provisioning.go':[
757,
],
'project:kubernetes/test/e2e/upgrades/sysctl.go':[
54,
],
'project:kubernetes/test/e2e_node/image_list.go':[
100,
],
'project:kubernetes/test/e2e_node/remote/node_e2e.go':[
175,
],
'project:kubernetes/test/e2e_node/system/kernel_validator.go':[
122,
],
'project:kubernetes/test/e2e_node/system/package_validator.go':[
258,
297,
],
'project:kubernetes/test/e2e_node/system/validators.go':[
67,
],
'project:kubernetes/test/list/main.go':[
186,
],
'project:kubernetes/third_party/forked/etcd221/wal/repair.go':[
47,
],
'project:kubernetes/third_party/forked/etcd237/wal/repair.go':[
47,
],
'project:kubernetes/third_party/forked/golang/reflect/deep_equal.go':[
117,
260,
],
'project:kubernetes/third_party/forked/golang/template/exec.go':[
48,
59,
],
'project:kubernetes/third_party/forked/golang/template/funcs.go':[
89,
161,
285,
558,
],
}
