{
'project:kubernetes/cmd/hyperkube/kube-proxy.go':[
43,
],
'project:kubernetes/cmd/kube-apiserver/app/server.go':[
541,
],
'project:kubernetes/pkg/kubelet/dockershim/docker_sandbox.go':[
341,
],
'project:kubernetes/pkg/util/mount/mount.go':[
164,
],
'project:kubernetes/pkg/volume/aws_ebs/attacher.go':[
200,
],
'project:kubernetes/pkg/volume/cinder/attacher.go':[
263,
],
'project:kubernetes/plugin/pkg/scheduler/factory/plugins.go':[
61,
191,
],
'project:kubernetes/staging/src/k8s.io/client-go/rest/watch/encoder.go':[
51,
],
'project:kubernetes/vendor/github.com/docker/engine-api/client/image_list.go':[
25,
],
'project:kubernetes/vendor/github.com/docker/engine-api/client/image_pull.go':[
19,
],
'project:kubernetes/vendor/github.com/go-ini/ini/ini.go':[
592,
],
'project:kubernetes/vendor/github.com/google/cadvisor/container/docker/handler.go':[
181,
],
'project:kubernetes/vendor/github.com/google/cadvisor/info/v2/conversion.go':[
84,
],
'project:kubernetes/vendor/github.com/miekg/dns/nsecx.go':[
73,
74,
100,
],
'project:kubernetes/vendor/github.com/pkg/sftp/server.go':[
253,
],
'project:kubernetes/vendor/github.com/pkg/sftp/server_unix.go':[
115,
],
'project:kubernetes/vendor/github.com/spf13/afero/unionFile.go':[
241,
],
'project:kubernetes/vendor/gopkg.in/yaml.v2/encode.go':[
285,
],
'project:kubernetes/vendor/k8s.io/client-go/rest/watch/encoder.go':[
51,
],
}
