{
'project:kubernetes/cmd/kube-apiserver/app/server.go':[
0,
],
'project:kubernetes/cmd/kube-proxy/app/server.go':[
0,
],
'project:kubernetes/cmd/kubelet/app/server.go':[
0,
],
'project:kubernetes/cmd/libs/go2idl/conversion-gen/generators/conversion.go':[
0,
],
'project:kubernetes/cmd/libs/go2idl/go-to-protobuf/protobuf/generator.go':[
0,
],
'project:kubernetes/federation/pkg/federation-controller/ingress/ingress_controller.go':[
0,
],
'project:kubernetes/federation/pkg/kubefed/init/init.go':[
0,
],
'project:kubernetes/pkg/api/testing/fuzzer.go':[
0,
],
'project:kubernetes/pkg/api/types.go':[
0,
],
'project:kubernetes/pkg/api/v1/conversion.go':[
0,
],
'project:kubernetes/pkg/api/v1/types.go':[
0,
],
'project:kubernetes/pkg/api/validation/validation.go':[
0,
],
'project:kubernetes/pkg/apis/componentconfig/types.go':[
0,
],
'project:kubernetes/pkg/apis/extensions/types.go':[
0,
],
'project:kubernetes/pkg/apis/extensions/v1beta1/types.go':[
0,
],
'project:kubernetes/pkg/apis/extensions/validation/validation.go':[
0,
],
'project:kubernetes/pkg/cloudprovider/providers/aws/aws.go':[
0,
],
'project:kubernetes/pkg/cloudprovider/providers/azure/azure_loadbalancer.go':[
0,
],
'project:kubernetes/pkg/cloudprovider/providers/gce/gce_loadbalancer_external.go':[
0,
],
'project:kubernetes/pkg/cloudprovider/providers/openstack/openstack_loadbalancer.go':[
0,
],
'project:kubernetes/pkg/cloudprovider/providers/vsphere/vsphere.go':[
0,
],
'project:kubernetes/pkg/controller/controller_utils.go':[
0,
],
'project:kubernetes/pkg/controller/daemon/daemoncontroller.go':[
0,
],
'project:kubernetes/pkg/controller/deployment/util/deployment_util.go':[
0,
],
'project:kubernetes/pkg/controller/disruption/disruption.go':[
0,
],
'project:kubernetes/pkg/controller/node/nodecontroller.go':[
0,
],
'project:kubernetes/pkg/controller/service/servicecontroller.go':[
0,
],
'project:kubernetes/pkg/controller/serviceaccount/tokens_controller.go':[
0,
],
'project:kubernetes/pkg/controller/volume/persistentvolume/pv_controller.go':[
0,
],
'project:kubernetes/pkg/generated/bindata.go':[
0,
],
'project:kubernetes/pkg/kubectl/cmd/testing/fake.go':[
0,
],
'project:kubernetes/pkg/kubectl/cmd/util/helpers.go':[
0,
],
'project:kubernetes/pkg/kubectl/resource/builder.go':[
0,
],
'project:kubernetes/pkg/kubectl/rolling_updater.go':[
0,
],
'project:kubernetes/pkg/kubectl/run.go':[
0,
],
'project:kubernetes/pkg/kubelet/cm/container_manager_linux.go':[
0,
],
'project:kubernetes/pkg/kubelet/dockershim/libdocker/fake_client.go':[
0,
],
'project:kubernetes/pkg/kubelet/eviction/helpers.go':[
0,
],
'project:kubernetes/pkg/kubelet/kubelet.go':[
0,
],
'project:kubernetes/pkg/kubelet/kubelet_node_status.go':[
0,
],
'project:kubernetes/pkg/kubelet/kubelet_pods.go':[
0,
],
'project:kubernetes/pkg/kubelet/kuberuntime/kuberuntime_container.go':[
0,
],
'project:kubernetes/pkg/kubelet/kuberuntime/kuberuntime_manager.go':[
0,
],
'project:kubernetes/pkg/kubelet/network/kubenet/kubenet_linux.go':[
0,
],
'project:kubernetes/pkg/kubelet/rkt/rkt.go':[
0,
],
'project:kubernetes/pkg/kubelet/server/server.go':[
0,
],
'project:kubernetes/pkg/printers/humanreadable.go':[
0,
],
'project:kubernetes/pkg/printers/internalversion/describe.go':[
0,
],
'project:kubernetes/pkg/printers/internalversion/printers.go':[
0,
],
'project:kubernetes/pkg/proxy/iptables/proxier.go':[
0,
],
'project:kubernetes/pkg/proxy/userspace/proxier.go':[
0,
],
'project:kubernetes/pkg/volume/glusterfs/glusterfs.go':[
0,
],
'project:kubernetes/pkg/volume/testing/testing.go':[
0,
],
'project:kubernetes/pkg/volume/util/operationexecutor/operation_generator.go':[
0,
],
'project:kubernetes/plugin/pkg/scheduler/algorithm/predicates/predicates.go':[
0,
],
'project:kubernetes/staging/src/k8s.io/apimachinery/pkg/api/resource/quantity.go':[
0,
],
'project:kubernetes/staging/src/k8s.io/apimachinery/pkg/apis/meta/v1/types.go':[
0,
],
'project:kubernetes/staging/src/k8s.io/apimachinery/pkg/apis/meta/v1/unstructured/unstructured.go':[
0,
],
'project:kubernetes/staging/src/k8s.io/apimachinery/pkg/conversion/converter.go':[
0,
],
'project:kubernetes/staging/src/k8s.io/apimachinery/pkg/labels/selector.go':[
0,
],
'project:kubernetes/staging/src/k8s.io/apimachinery/pkg/util/strategicpatch/patch.go':[
0,
],
'project:kubernetes/staging/src/k8s.io/apiserver/pkg/endpoints/handlers/rest.go':[
0,
],
'project:kubernetes/staging/src/k8s.io/apiserver/pkg/endpoints/installer.go':[
0,
],
'project:kubernetes/staging/src/k8s.io/apiserver/pkg/registry/generic/registry/store.go':[
0,
],
'project:kubernetes/staging/src/k8s.io/apiserver/pkg/registry/rest/resttest/resttest.go':[
0,
],
'project:kubernetes/staging/src/k8s.io/apiserver/pkg/server/routes/data/swagger/datafile.go':[
0,
],
'project:kubernetes/staging/src/k8s.io/apiserver/pkg/storage/cacher.go':[
0,
],
'project:kubernetes/staging/src/k8s.io/client-go/pkg/api/types.go':[
0,
],
'project:kubernetes/staging/src/k8s.io/client-go/pkg/api/v1/conversion.go':[
0,
],
'project:kubernetes/staging/src/k8s.io/client-go/pkg/api/v1/types.go':[
0,
],
'project:kubernetes/staging/src/k8s.io/client-go/pkg/apis/extensions/types.go':[
0,
],
'project:kubernetes/staging/src/k8s.io/client-go/pkg/apis/extensions/v1beta1/types.go':[
0,
],
'project:kubernetes/staging/src/k8s.io/client-go/rest/request.go':[
0,
],
'project:kubernetes/test/e2e/autoscaling/cluster_size_autoscaling.go':[
0,
],
'project:kubernetes/test/e2e/common/projected.go':[
0,
],
'project:kubernetes/test/e2e/daemon_set.go':[
0,
],
'project:kubernetes/test/e2e/deployment.go':[
0,
],
'project:kubernetes/test/e2e/framework/framework.go':[
0,
],
'project:kubernetes/test/e2e/framework/ingress_utils.go':[
0,
],
'project:kubernetes/test/e2e/framework/kubelet_stats.go':[
0,
],
'project:kubernetes/test/e2e/framework/networking_utils.go':[
0,
],
'project:kubernetes/test/e2e/framework/pv_util.go':[
0,
],
'project:kubernetes/test/e2e/framework/service_util.go':[
0,
],
'project:kubernetes/test/e2e/framework/statefulset_utils.go':[
0,
],
'project:kubernetes/test/e2e/framework/util.go':[
0,
],
'project:kubernetes/test/e2e/kubectl.go':[
0,
],
'project:kubernetes/test/e2e/perf/density.go':[
0,
],
'project:kubernetes/test/e2e/scheduling/predicates.go':[
0,
],
'project:kubernetes/test/e2e/service.go':[
0,
],
'project:kubernetes/test/e2e/statefulset.go':[
0,
],
'project:kubernetes/test/e2e/storage/pd.go':[
0,
],
'project:kubernetes/test/e2e/storage/volume_provisioning.go':[
0,
],
'project:kubernetes/test/utils/runners.go':[
0,
],
}
