{
'project:kubernetes/cmd/kubeadm/app/phases/apiconfig/clusterroles.go':[
69,
],
'project:kubernetes/cmd/kubelet/app/server.go':[
392,
],
'project:kubernetes/cmd/libs/go2idl/go-to-protobuf/protobuf/generator.go':[
311,
],
'project:kubernetes/cmd/libs/go2idl/go-to-protobuf/protobuf/parser.go':[
218,
242,
],
'project:kubernetes/federation/cmd/federation-controller-manager/app/controllermanager.go':[
212,
],
'project:kubernetes/federation/pkg/federation-controller/deployment/deploymentcontroller.go':[
587,
],
'project:kubernetes/federation/pkg/federation-controller/ingress/ingress_controller.go':[
922,
],
'project:kubernetes/federation/pkg/federation-controller/namespace/namespace_controller.go':[
451,
],
'project:kubernetes/federation/pkg/federation-controller/replicaset/replicasetcontroller.go':[
565,
],
'project:kubernetes/federation/pkg/federation-controller/service/dns/dns.go':[
302,
307,
],
'project:kubernetes/federation/pkg/federation-controller/service/servicecontroller.go':[
322,
508,
],
'project:kubernetes/federation/pkg/federation-controller/sync/controller.go':[
415,
],
'project:kubernetes/federation/pkg/federation-controller/util/federated_informer.go':[
236,
],
'project:kubernetes/pkg/api/pod/util.go':[
67,
100,
107,
137,
154,
161,
],
'project:kubernetes/pkg/api/v1/pod/util.go':[
155,
188,
195,
225,
242,
249,
],
'project:kubernetes/pkg/api/v1/validation/validation.go':[
70,
82,
110,
],
'project:kubernetes/pkg/api/validation/validation.go':[
116,
1156,
1218,
2082,
3000,
3110,
3235,
3415,
3429,
3441,
3459,
3868,
3945,
4145,
4151,
],
'project:kubernetes/pkg/apis/autoscaling/v1/conversion.go':[
244,
],
'project:kubernetes/pkg/apis/batch/validation/validation.go':[
68,
],
'project:kubernetes/pkg/auth/authorizer/abac/abac.go':[
117,
211,
212,
213,
],
'project:kubernetes/pkg/client/unversioned/testclient/simple/simple_testclient.go':[
158,
],
'project:kubernetes/pkg/cloudprovider/providers/aws/aws.go':[
1507,
1553,
1931,
3185,
],
'project:kubernetes/pkg/cloudprovider/providers/gce/gce_instances.go':[
139,
160,
179,
],
'project:kubernetes/pkg/cloudprovider/providers/photon/photon.go':[
327,
],
'project:kubernetes/pkg/cloudprovider/providers/vsphere/vsphere.go':[
486,
927,
1904,
],
'project:kubernetes/pkg/controller/cloud/nodecontroller.go':[
237,
296,
],
'project:kubernetes/pkg/controller/cronjob/cronjob_controller.go':[
390,
],
'project:kubernetes/pkg/controller/namespace/deletion/namespaced_resources_deleter.go':[
319,
],
'project:kubernetes/pkg/controller/node/controller_utils.go':[
71,
],
'project:kubernetes/pkg/controller/node/nodecontroller.go':[
610,
637,
],
'project:kubernetes/pkg/controller/route/routecontroller.go':[
175,
],
'project:kubernetes/pkg/controller/serviceaccount/tokens_controller.go':[
622,
],
'project:kubernetes/pkg/controller/volume/attachdetach/reconciler/reconciler.go':[
140,
],
'project:kubernetes/pkg/controller/volume/persistentvolume/index.go':[
146,
],
'project:kubernetes/pkg/kubeapiserver/authenticator/config.go':[
140,
196,
],
'project:kubernetes/pkg/kubectl/cmd/auth/cani.go':[
100,
],
'project:kubernetes/pkg/kubectl/cmd/config/view.go':[
133,
],
'project:kubernetes/pkg/kubectl/cmd/get.go':[
517,
],
'project:kubernetes/pkg/kubectl/cmd/util/editor/editoptions.go':[
92,
],
'project:kubernetes/pkg/kubectl/cmd/util/editor/editor.go':[
129,
],
'project:kubernetes/pkg/kubectl/cmd/util/sanity/cmd_sanity.go':[
86,
],
'project:kubernetes/pkg/kubectl/stop.go':[
383,
],
'project:kubernetes/pkg/kubelet/apis/cri/testing/fake_image_service.go':[
79,
],
'project:kubernetes/pkg/kubelet/container/helpers.go':[
87,
183,
189,
],
'project:kubernetes/pkg/kubelet/dockershim/docker_service.go':[
397,
],
'project:kubernetes/pkg/kubelet/dockershim/libdocker/helpers.go':[
74,
],
'project:kubernetes/pkg/kubelet/eviction/eviction_manager.go':[
515,
],
'project:kubernetes/pkg/kubelet/eviction/helpers.go':[
704,
892,
],
'project:kubernetes/pkg/kubelet/kubelet.go':[
542,
1580,
1596,
],
'project:kubernetes/pkg/kubelet/network/kubenet/kubenet_linux.go':[
203,
],
'project:kubernetes/pkg/kubelet/remote/remote_image.go':[
87,
],
'project:kubernetes/pkg/printers/humanreadable.go':[
758,
],
'project:kubernetes/pkg/proxy/iptables/proxier.go':[
541,
554,
],
'project:kubernetes/pkg/proxy/userspace/proxier.go':[
82,
224,
230,
238,
244,
251,
272,
],
'project:kubernetes/pkg/proxy/userspace/proxysocket.go':[
166,
214,
],
'project:kubernetes/pkg/proxy/winuserspace/proxier.go':[
71,
],
'project:kubernetes/pkg/proxy/winuserspace/proxysocket.go':[
204,
394,
524,
],
'project:kubernetes/pkg/quota/resources.go':[
78,
92,
],
'project:kubernetes/pkg/registry/authentication/rest/storage_authentication.go':[
62,
76,
],
'project:kubernetes/pkg/registry/core/service/rest.go':[
94,
],
'project:kubernetes/pkg/registry/rbac/reconciliation/reconcile_rolebindings.go':[
236,
243,
],
'project:kubernetes/pkg/util/exec/exec.go':[
152,
],
'project:kubernetes/pkg/util/iptables/iptables.go':[
222,
468,
],
'project:kubernetes/pkg/util/netsh/netsh.go':[
77,
96,
140,
158,
],
'project:kubernetes/pkg/util/version/version.go':[
77,
],
'project:kubernetes/pkg/volume/azure_dd/azure_provision.go':[
83,
],
'project:kubernetes/pkg/volume/flexvolume/attacher.go':[
110,
],
'project:kubernetes/pkg/volume/scaleio/sio_mgr.go':[
135,
],
'project:kubernetes/pkg/volume/storageos/storageos_util.go':[
350,
],
'project:kubernetes/plugin/pkg/admission/podnodeselector/admission.go':[
83,
],
'project:kubernetes/plugin/pkg/admission/podtolerationrestriction/admission.go':[
156,
],
'project:kubernetes/plugin/pkg/admission/resourcequota/controller.go':[
445,
],
'project:kubernetes/plugin/pkg/admission/serviceaccount/admission.go':[
328,
338,
],
'project:kubernetes/plugin/pkg/auth/authorizer/node/graph_populator.go':[
60,
],
'project:kubernetes/plugin/pkg/scheduler/algorithm/predicates/predicates.go':[
143,
847,
848,
1035,
1048,
],
'project:kubernetes/plugin/pkg/scheduler/algorithm/priorities/node_prefer_avoid_pods.go':[
36,
],
'project:kubernetes/staging/src/k8s.io/apimachinery/pkg/labels/labels.go':[
94,
],
'project:kubernetes/staging/src/k8s.io/apimachinery/pkg/labels/selector.go':[
636,
],
'project:kubernetes/staging/src/k8s.io/apimachinery/pkg/util/net/http.go':[
166,
],
'project:kubernetes/staging/src/k8s.io/apimachinery/pkg/util/net/interface.go':[
175,
],
'project:kubernetes/staging/src/k8s.io/apimachinery/pkg/util/strategicpatch/patch.go':[
1592,
],
'project:kubernetes/staging/src/k8s.io/apiserver/pkg/apis/audit/validation/validation.go':[
37,
],
'project:kubernetes/staging/src/k8s.io/apiserver/pkg/audit/policy/checker.go':[
62,
79,
135,
],
'project:kubernetes/staging/src/k8s.io/apiserver/pkg/endpoints/handlers/rest.go':[
496,
1195,
1261,
],
'project:kubernetes/staging/src/k8s.io/apiserver/pkg/registry/generic/registry/store.go':[
635,
],
'project:kubernetes/staging/src/k8s.io/apiserver/pkg/server/config.go':[
272,
],
'project:kubernetes/staging/src/k8s.io/apiserver/pkg/server/storage/resource_config.go':[
177,
],
'project:kubernetes/staging/src/k8s.io/apiserver/pkg/storage/cacher.go':[
555,
],
'project:kubernetes/staging/src/k8s.io/apiserver/pkg/storage/etcd/etcd_helper.go':[
189,
219,
],
'project:kubernetes/staging/src/k8s.io/client-go/pkg/apis/autoscaling/v1/conversion.go':[
244,
],
'project:kubernetes/staging/src/k8s.io/client-go/testing/fixture.go':[
222,
],
'project:kubernetes/staging/src/k8s.io/client-go/tools/cache/mutation_cache.go':[
212,
],
'project:kubernetes/staging/src/k8s.io/client-go/tools/clientcmd/api/helpers.go':[
161,
],
'project:kubernetes/staging/src/k8s.io/client-go/tools/clientcmd/loader.go':[
567,
],
'project:kubernetes/staging/src/k8s.io/client-go/tools/clientcmd/validation.go':[
268,
],
'project:kubernetes/staging/src/k8s.io/client-go/util/jsonpath/jsonpath.go':[
313,
],
'project:kubernetes/staging/src/k8s.io/client-go/util/testing/fake_handler.go':[
134,
],
'project:kubernetes/test/e2e/framework/service_util.go':[
387,
974,
984,
],
'project:kubernetes/test/e2e/framework/util.go':[
2576,
4161,
4395,
4542,
4575,
],
'project:kubernetes/test/e2e/perf/density.go':[
581,
],
'project:kubernetes/test/e2e/service_latency.go':[
294,
301,
],
'project:kubernetes/test/e2e/storage/vsphere_volume_diskformat.go':[
208,
],
'project:kubernetes/test/e2e_node/runner/remote/run_remote.go':[
249,
],
'project:kubernetes/test/soak/cauldron/cauldron.go':[
110,
],
'project:kubernetes/test/soak/serve_hostnames/serve_hostnames.go':[
128,
],
'project:kubernetes/third_party/forked/etcd221/wal/wal.go':[
174,
],
'project:kubernetes/third_party/forked/etcd237/wal/wal.go':[
172,
],
'project:kubernetes/third_party/forked/gonum/graph/simple/directed_acyclic.go':[
48,
77,
],
}
