{
'project:kubernetes/pkg/api/testing/fuzzer.go':[
56,
169,
],
'project:kubernetes/staging/src/k8s.io/apimachinery/pkg/api/testing/fuzzer.go':[
80,
],
'project:kubernetes/staging/src/k8s.io/apiserver/pkg/apis/example/fuzzer/fuzzer.go':[
35,
],
}
