{
'project:kubernetes/vendor/github.com/fsnotify/fsnotify/windows.go':[
438,
],
'project:kubernetes/vendor/github.com/miekg/dns/format.go':[
72,
],
'project:kubernetes/vendor/github.com/miekg/dns/labels.go':[
139,
],
'project:kubernetes/vendor/github.com/square/go-jose/json/decode.go':[
477,
],
'project:kubernetes/vendor/github.com/vmware/govmomi/vim25/xml/read.go':[
637,
],
}
