{
'project:kubernetes/cmd/kubeadm/app/apis/kubeadm/v1alpha1/defaults.go':[
42,
76,
],
'project:kubernetes/pkg/api/v1/conversion.go':[
261,
272,
285,
294,
312,
327,
336,
351,
368,
396,
433,
462,
513,
532,
555,
592,
658,
676,
692,
709,
],
'project:kubernetes/pkg/api/v1/defaults.go':[
30,
41,
45,
49,
68,
75,
80,
99,
126,
156,
178,
192,
198,
204,
210,
215,
221,
229,
234,
239,
257,
268,
276,
281,
286,
295,
300,
331,
348,
360,
],
'project:kubernetes/pkg/apis/admissionregistration/v1alpha1/defaults.go':[
27,
34,
],
'project:kubernetes/pkg/apis/apps/v1beta1/conversion.go':[
87,
128,
168,
179,
191,
210,
237,
264,
292,
305,
318,
328,
],
'project:kubernetes/pkg/apis/apps/v1beta1/defaults.go':[
29,
71,
],
'project:kubernetes/pkg/apis/autoscaling/v1/conversion.go':[
45,
116,
191,
212,
236,
255,
],
'project:kubernetes/pkg/apis/autoscaling/v1/defaults.go':[
27,
],
'project:kubernetes/pkg/apis/autoscaling/v2alpha1/defaults.go':[
29,
],
'project:kubernetes/pkg/apis/batch/v1/conversion.go':[
50,
68,
],
'project:kubernetes/pkg/apis/batch/v1/defaults.go':[
27,
],
'project:kubernetes/pkg/apis/batch/v2alpha1/defaults.go':[
27,
],
'project:kubernetes/pkg/apis/certificates/v1beta1/defaults.go':[
24,
],
'project:kubernetes/pkg/apis/componentconfig/v1alpha1/defaults.go':[
56,
139,
178,
194,
],
'project:kubernetes/pkg/apis/extensions/v1beta1/conversion.go':[
85,
104,
131,
159,
186,
199,
212,
228,
238,
248,
255,
266,
278,
283,
288,
301,
314,
332,
350,
370,
390,
401,
412,
423,
],
'project:kubernetes/pkg/apis/extensions/v1beta1/defaults.go':[
30,
65,
105,
125,
],
'project:kubernetes/pkg/apis/networking/v1/conversion.go':[
45,
50,
55,
68,
81,
99,
117,
137,
157,
168,
179,
190,
],
'project:kubernetes/pkg/apis/networking/v1/defaults.go':[
28,
],
'project:kubernetes/pkg/apis/rbac/v1alpha1/conversion.go':[
29,
60,
],
'project:kubernetes/pkg/apis/rbac/v1alpha1/defaults.go':[
27,
32,
37,
],
'project:kubernetes/pkg/apis/rbac/v1beta1/defaults.go':[
27,
32,
37,
],
'project:kubernetes/pkg/generated/bindata.go':[
211,
215,
3671,
3675,
3688,
3692,
7147,
7151,
7164,
7168,
7277,
7281,
7294,
7298,
7403,
7407,
9555,
9559,
9661,
9665,
9678,
9682,
9784,
9788,
9801,
9805,
9846,
9850,
9863,
9867,
9908,
9912,
10138,
],
'project:kubernetes/plugin/pkg/admission/resourcequota/apis/resourcequota/v1alpha1/defaults.go':[
25,
],
'project:kubernetes/plugin/pkg/auth/authorizer/node/graph.go':[
121,
129,
135,
156,
],
'project:kubernetes/staging/src/k8s.io/apiextensions-apiserver/pkg/apis/apiextensions/v1beta1/defaults.go':[
32,
36,
],
'project:kubernetes/staging/src/k8s.io/apimachinery/pkg/apis/meta/internalversion/conversion.go':[
27,
41,
55,
66,
],
'project:kubernetes/staging/src/k8s.io/apimachinery/pkg/apis/meta/v1/conversion.go':[
74,
83,
89,
98,
104,
113,
119,
128,
138,
147,
158,
166,
172,
178,
185,
193,
202,
211,
219,
228,
233,
244,
253,
],
'project:kubernetes/staging/src/k8s.io/apimachinery/pkg/apis/meta/v1/watch.go':[
40,
53,
57,
71,
],
'project:kubernetes/staging/src/k8s.io/apimachinery/pkg/conversion/converter.go':[
125,
],
'project:kubernetes/staging/src/k8s.io/apimachinery/pkg/runtime/conversion.go':[
49,
57,
73,
87,
],
'project:kubernetes/staging/src/k8s.io/apimachinery/pkg/runtime/embedded.go':[
91,
112,
],
'project:kubernetes/staging/src/k8s.io/apiserver/pkg/server/routes/data/swagger/datafile.go':[
117,
121,
158,
162,
300,
304,
1573,
1577,
1616,
1620,
1633,
1637,
2061,
2065,
2078,
2082,
2095,
2099,
2112,
2116,
2129,
2133,
2549,
2553,
2566,
2570,
2583,
2587,
2600,
2604,
2617,
2621,
2634,
2638,
2651,
2655,
2668,
2672,
2685,
2689,
2795,
2799,
2826,
2830,
5121,
5125,
5165,
5169,
5182,
5186,
5200,
5204,
5234,
5238,
5252,
5256,
5276,
5280,
6564,
6568,
6773,
6777,
9554,
9558,
12502,
12506,
12793,
12797,
14505,
14509,
14527,
14531,
14563,
14567,
16820,
16824,
16838,
16842,
17084,
],
'project:kubernetes/staging/src/k8s.io/client-go/pkg/api/v1/conversion.go':[
261,
272,
285,
294,
312,
327,
336,
351,
368,
396,
433,
462,
513,
532,
555,
592,
658,
676,
692,
709,
],
'project:kubernetes/staging/src/k8s.io/client-go/pkg/api/v1/defaults.go':[
30,
41,
45,
49,
68,
75,
80,
99,
126,
156,
178,
192,
198,
204,
210,
215,
221,
229,
234,
239,
257,
268,
276,
281,
286,
295,
300,
331,
348,
360,
],
'project:kubernetes/staging/src/k8s.io/client-go/pkg/apis/admissionregistration/v1alpha1/defaults.go':[
27,
34,
],
'project:kubernetes/staging/src/k8s.io/client-go/pkg/apis/apps/v1beta1/conversion.go':[
87,
128,
168,
179,
191,
210,
237,
264,
292,
305,
318,
328,
],
'project:kubernetes/staging/src/k8s.io/client-go/pkg/apis/apps/v1beta1/defaults.go':[
29,
71,
],
'project:kubernetes/staging/src/k8s.io/client-go/pkg/apis/autoscaling/v1/conversion.go':[
45,
116,
191,
212,
236,
255,
],
'project:kubernetes/staging/src/k8s.io/client-go/pkg/apis/autoscaling/v1/defaults.go':[
27,
],
'project:kubernetes/staging/src/k8s.io/client-go/pkg/apis/autoscaling/v2alpha1/defaults.go':[
29,
],
'project:kubernetes/staging/src/k8s.io/client-go/pkg/apis/batch/v1/conversion.go':[
50,
68,
],
'project:kubernetes/staging/src/k8s.io/client-go/pkg/apis/batch/v1/defaults.go':[
27,
],
'project:kubernetes/staging/src/k8s.io/client-go/pkg/apis/batch/v2alpha1/defaults.go':[
27,
],
'project:kubernetes/staging/src/k8s.io/client-go/pkg/apis/certificates/v1beta1/defaults.go':[
24,
],
'project:kubernetes/staging/src/k8s.io/client-go/pkg/apis/extensions/v1beta1/conversion.go':[
85,
104,
131,
159,
186,
199,
212,
228,
238,
248,
255,
266,
278,
283,
288,
301,
314,
332,
350,
370,
390,
401,
412,
423,
],
'project:kubernetes/staging/src/k8s.io/client-go/pkg/apis/extensions/v1beta1/defaults.go':[
30,
65,
105,
125,
],
'project:kubernetes/staging/src/k8s.io/client-go/pkg/apis/networking/v1/conversion.go':[
45,
50,
55,
68,
81,
99,
117,
137,
157,
168,
179,
190,
],
'project:kubernetes/staging/src/k8s.io/client-go/pkg/apis/networking/v1/defaults.go':[
28,
],
'project:kubernetes/staging/src/k8s.io/client-go/pkg/apis/rbac/v1alpha1/conversion.go':[
29,
60,
],
'project:kubernetes/staging/src/k8s.io/client-go/pkg/apis/rbac/v1alpha1/defaults.go':[
27,
32,
37,
],
'project:kubernetes/staging/src/k8s.io/client-go/pkg/apis/rbac/v1beta1/defaults.go':[
27,
32,
37,
],
'project:kubernetes/vendor/github.com/Microsoft/go-winio/zsyscall_windows.go':[
152,
174,
196,
247,
280,
420,
441,
462,
],
'project:kubernetes/vendor/github.com/abbot/go-http-auth/users.go':[
43,
99,
],
'project:kubernetes/vendor/github.com/boltdb/bolt/bucket.go':[
473,
],
'project:kubernetes/vendor/github.com/boltdb/bolt/db.go':[
1024,
],
'project:kubernetes/vendor/github.com/boltdb/bolt/freelist.go':[
36,
41,
],
'project:kubernetes/vendor/github.com/coreos/etcd/etcdserver/etcdserverpb/rpc.pb.gw.go':[
30,
43,
56,
69,
82,
95,
147,
160,
173,
225,
238,
251,
264,
277,
290,
303,
316,
329,
342,
363,
376,
389,
402,
415,
428,
441,
454,
467,
480,
493,
506,
519,
532,
545,
558,
],
'project:kubernetes/vendor/github.com/go-openapi/spec/bindata.go':[
271,
],
'project:kubernetes/vendor/github.com/gogo/protobuf/proto/decode.go':[
600,
614,
624,
633,
643,
652,
662,
671,
681,
691,
702,
729,
739,
763,
774,
798,
809,
820,
893,
904,
936,
941,
946,
],
'project:kubernetes/vendor/github.com/gogo/protobuf/proto/decode_gogo.go':[
36,
62,
93,
125,
139,
156,
],
'project:kubernetes/vendor/github.com/gogo/protobuf/proto/duration_gogo.go':[
63,
72,
81,
92,
101,
112,
128,
135,
147,
161,
179,
190,
],
'project:kubernetes/vendor/github.com/gogo/protobuf/proto/encode.go':[
314,
328,
338,
346,
355,
366,
377,
388,
401,
412,
423,
434,
446,
457,
468,
479,
491,
502,
512,
523,
543,
566,
588,
604,
617,
634,
644,
662,
675,
685,
695,
705,
716,
730,
745,
764,
784,
798,
814,
832,
850,
863,
877,
895,
913,
926,
940,
950,
961,
996,
1022,
1049,
1067,
1076,
1093,
1115,
1120,
1126,
1172,
1227,
1278,
1304,
1309,
],
'project:kubernetes/vendor/github.com/gogo/protobuf/proto/encode_gogo.go':[
51,
60,
70,
81,
86,
94,
102,
110,
119,
127,
136,
143,
151,
175,
197,
233,
259,
277,
289,
303,
315,
335,
],
'project:kubernetes/vendor/github.com/gogo/protobuf/proto/extensions_gogo.go':[
280,
],
'project:kubernetes/vendor/github.com/gogo/protobuf/proto/pointer_reflect.go':[
57,
62,
83,
98,
103,
108,
113,
118,
123,
128,
133,
138,
143,
148,
153,
158,
163,
168,
200,
205,
240,
254,
265,
283,
297,
344,
353,
384,
388,
401,
410,
425,
438,
482,
],
'project:kubernetes/vendor/github.com/gogo/protobuf/proto/pointer_reflect_gogo.go':[
37,
45,
49,
53,
57,
61,
65,
69,
73,
],
'project:kubernetes/vendor/github.com/gogo/protobuf/proto/pointer_unsafe.go':[
61,
67,
89,
94,
99,
104,
109,
114,
119,
124,
129,
133,
138,
143,
148,
153,
168,
173,
183,
188,
196,
201,
206,
218,
225,
234,
238,
242,
249,
253,
257,
268,
],
'project:kubernetes/vendor/github.com/gogo/protobuf/proto/pointer_unsafe_gogo.go':[
40,
46,
69,
89,
93,
97,
101,
105,
109,
],
'project:kubernetes/vendor/github.com/gogo/protobuf/proto/timestamp_gogo.go':[
63,
72,
81,
92,
103,
117,
136,
146,
161,
178,
199,
213,
],
'project:kubernetes/vendor/github.com/gogo/protobuf/vanity/file.go':[
143,
],
'project:kubernetes/vendor/github.com/golang/protobuf/proto/decode.go':[
592,
606,
616,
625,
635,
644,
654,
663,
673,
683,
694,
721,
731,
755,
766,
790,
801,
812,
885,
896,
928,
933,
938,
],
'project:kubernetes/vendor/github.com/golang/protobuf/proto/encode.go':[
314,
328,
338,
346,
355,
366,
377,
388,
401,
412,
423,
434,
446,
457,
468,
479,
491,
502,
512,
523,
543,
566,
588,
604,
617,
634,
644,
662,
675,
685,
695,
705,
716,
730,
745,
764,
784,
798,
814,
832,
850,
863,
877,
895,
913,
926,
940,
950,
961,
996,
1022,
1049,
1067,
1076,
1086,
1108,
1113,
1119,
1165,
1220,
1271,
1297,
1302,
],
'project:kubernetes/vendor/github.com/golang/protobuf/proto/pointer_reflect.go':[
57,
62,
83,
98,
103,
108,
113,
118,
123,
128,
133,
138,
143,
148,
153,
158,
163,
168,
200,
205,
240,
254,
265,
283,
297,
344,
353,
384,
388,
401,
410,
425,
438,
482,
],
'project:kubernetes/vendor/github.com/golang/protobuf/proto/pointer_unsafe.go':[
61,
67,
89,
94,
99,
104,
109,
114,
119,
124,
129,
133,
138,
143,
148,
153,
168,
173,
183,
188,
196,
201,
206,
218,
225,
234,
238,
242,
249,
253,
257,
268,
],
'project:kubernetes/vendor/github.com/google/cadvisor/api/versions.go':[
134,
184,
253,
303,
462,
],
'project:kubernetes/vendor/github.com/google/cadvisor/pages/static/assets.go':[
439,
],
'project:kubernetes/vendor/github.com/google/cadvisor/pages/templates.go':[
253,
],
'project:kubernetes/vendor/github.com/google/certificate-transparency/go/asn1/asn1.go':[
518,
551,
],
'project:kubernetes/vendor/github.com/jteeuwen/go-bindata/release.go':[
100,
137,
174,
201,
214,
250,
277,
304,
328,
354,
],
'project:kubernetes/vendor/github.com/kr/pty/ioctl_bsd.go':[
17,
21,
25,
29,
33,
37,
],
'project:kubernetes/vendor/github.com/kr/pty/pty_freebsd.go':[
10,
],
'project:kubernetes/vendor/github.com/lpabon/godbc/godbc.go':[
64,
],
'project:kubernetes/vendor/github.com/mesos/mesos-go/detector/standalone.go':[
116,
194,
],
'project:kubernetes/vendor/github.com/onsi/gomega/gomega_dsl.go':[
103,
],
'project:kubernetes/vendor/github.com/vmware/govmomi/vim25/methods/methods.go':[
254,
274,
354,
554,
674,
694,
734,
754,
834,
874,
1154,
1174,
1194,
1314,
1334,
1354,
1374,
1394,
1474,
1514,
1534,
1554,
1654,
1674,
1694,
1814,
1854,
1874,
1934,
1954,
1974,
2034,
2054,
2094,
2234,
2254,
2374,
2734,
2754,
2774,
2794,
2814,
2954,
2974,
3074,
3094,
3114,
3134,
3174,
3214,
3274,
3314,
3514,
3554,
3854,
3874,
3914,
3954,
4054,
4094,
4194,
4214,
4374,
4434,
4474,
4514,
4614,
4674,
4774,
4814,
5314,
5334,
5374,
5654,
5714,
5734,
5754,
5834,
5874,
5914,
6154,
6214,
6234,
6254,
6314,
6334,
6354,
6434,
6454,
6474,
6994,
7014,
7034,
7054,
7074,
7174,
7214,
7314,
7334,
7354,
7414,
7434,
7474,
7494,
7574,
7614,
7694,
7714,
7734,
7754,
7774,
7794,
7814,
7854,
8814,
9814,
10194,
10254,
10274,
10294,
10374,
10394,
10414,
10434,
10454,
10494,
10514,
10614,
10634,
10654,
10974,
11074,
11174,
11194,
11234,
11334,
11354,
11374,
11814,
11994,
12294,
12314,
12334,
12354,
12394,
12814,
13034,
13054,
13134,
13154,
13194,
13214,
13654,
13694,
13714,
13734,
13794,
13814,
13854,
13874,
13914,
13934,
13954,
14034,
14054,
14074,
14134,
14154,
14194,
14214,
14314,
14334,
14414,
14594,
14614,
14814,
15734,
15754,
15834,
15854,
15874,
15894,
16134,
],
'project:kubernetes/vendor/github.com/xanzy/go-cloudstack/cloudstack/HostService.go':[
1567,
],
'project:kubernetes/vendor/golang.org/x/crypto/poly1305/sum_arm.go':[
13,
],
'project:kubernetes/vendor/golang.org/x/sys/unix/syscall_linux_mips64x.go':[
176,
],
'project:kubernetes/vendor/golang.org/x/sys/windows/zsyscall_windows.go':[
423,
445,
479,
1890,
1917,
1945,
1967,
],
'project:kubernetes/vendor/golang.org/x/text/unicode/norm/input.go':[
32,
],
'project:kubernetes/vendor/gopkg.in/yaml.v2/apic.go':[
8,
28,
37,
42,
52,
57,
67,
76,
84,
95,
100,
106,
112,
121,
130,
138,
143,
151,
159,
164,
255,
264,
272,
284,
317,
331,
343,
351,
363,
371,
],
'project:kubernetes/vendor/gopkg.in/yaml.v2/emitterc.go':[
27,
79,
89,
106,
113,
136,
173,
196,
211,
272,
311,
425,
431,
456,
504,
558,
578,
602,
630,
648,
673,
683,
707,
724,
741,
746,
755,
764,
798,
847,
862,
891,
912,
920,
944,
967,
984,
1133,
1189,
1201,
1221,
1236,
1245,
1259,
1313,
1370,
1429,
1550,
1592,
1629,
],
'project:kubernetes/vendor/gopkg.in/yaml.v2/parserc.go':[
46,
54,
62,
76,
83,
93,
175,
199,
283,
306,
360,
580,
632,
676,
734,
771,
834,
855,
879,
905,
971,
996,
1014,
1076,
],
'project:kubernetes/vendor/gopkg.in/yaml.v2/readerc.go':[
8,
25,
56,
91,
],
'project:kubernetes/vendor/gopkg.in/yaml.v2/scannerc.go':[
498,
538,
571,
600,
609,
626,
665,
842,
867,
900,
916,
926,
937,
966,
990,
1016,
1047,
1071,
1105,
1136,
1168,
1193,
1235,
1274,
1339,
1358,
1377,
1396,
1415,
1434,
1499,
1600,
1636,
1677,
1713,
1771,
1829,
1914,
1959,
2016,
2062,
2250,
2304,
2560,
],
'project:kubernetes/vendor/gopkg.in/yaml.v2/writerc.go':[
4,
11,
],
'project:kubernetes/vendor/gopkg.in/yaml.v2/yamlh.go':[
280,
281,
282,
],
'project:kubernetes/vendor/gopkg.in/yaml.v2/yamlprivateh.go':[
26,
31,
36,
41,
46,
58,
63,
76,
81,
86,
91,
96,
102,
110,
115,
128,
142,
],
'project:kubernetes/vendor/k8s.io/apiextensions-apiserver/pkg/apis/apiextensions/v1beta1/defaults.go':[
32,
36,
],
'project:kubernetes/vendor/k8s.io/apimachinery/pkg/apis/meta/internalversion/conversion.go':[
27,
41,
55,
66,
],
'project:kubernetes/vendor/k8s.io/apimachinery/pkg/apis/meta/v1/conversion.go':[
74,
83,
89,
98,
104,
113,
119,
128,
138,
147,
158,
166,
172,
178,
185,
193,
202,
211,
219,
228,
233,
244,
253,
],
'project:kubernetes/vendor/k8s.io/apimachinery/pkg/apis/meta/v1/watch.go':[
40,
53,
57,
71,
],
'project:kubernetes/vendor/k8s.io/apimachinery/pkg/conversion/converter.go':[
125,
],
'project:kubernetes/vendor/k8s.io/apimachinery/pkg/runtime/conversion.go':[
49,
57,
73,
87,
],
'project:kubernetes/vendor/k8s.io/apimachinery/pkg/runtime/embedded.go':[
91,
112,
],
'project:kubernetes/vendor/k8s.io/apiserver/pkg/server/routes/data/swagger/datafile.go':[
117,
121,
158,
162,
300,
304,
1573,
1577,
1616,
1620,
1633,
1637,
2061,
2065,
2078,
2082,
2095,
2099,
2112,
2116,
2129,
2133,
2549,
2553,
2566,
2570,
2583,
2587,
2600,
2604,
2617,
2621,
2634,
2638,
2651,
2655,
2668,
2672,
2685,
2689,
2795,
2799,
2826,
2830,
5121,
5125,
5165,
5169,
5182,
5186,
5200,
5204,
5234,
5238,
5252,
5256,
5276,
5280,
6564,
6568,
6773,
6777,
9554,
9558,
12502,
12506,
12793,
12797,
14505,
14509,
14527,
14531,
14563,
14567,
16820,
16824,
16838,
16842,
17084,
],
'project:kubernetes/vendor/k8s.io/client-go/pkg/api/v1/conversion.go':[
261,
272,
285,
294,
312,
327,
336,
351,
368,
396,
433,
462,
513,
532,
555,
592,
658,
676,
692,
709,
],
'project:kubernetes/vendor/k8s.io/client-go/pkg/api/v1/defaults.go':[
30,
41,
45,
49,
68,
75,
80,
99,
126,
156,
178,
192,
198,
204,
210,
215,
221,
229,
234,
239,
257,
268,
276,
281,
286,
295,
300,
331,
348,
360,
],
'project:kubernetes/vendor/k8s.io/client-go/pkg/apis/admissionregistration/v1alpha1/defaults.go':[
27,
34,
],
'project:kubernetes/vendor/k8s.io/client-go/pkg/apis/apps/v1beta1/conversion.go':[
87,
128,
168,
179,
191,
210,
237,
264,
292,
305,
318,
328,
],
'project:kubernetes/vendor/k8s.io/client-go/pkg/apis/apps/v1beta1/defaults.go':[
29,
71,
],
'project:kubernetes/vendor/k8s.io/client-go/pkg/apis/autoscaling/v1/conversion.go':[
45,
116,
191,
212,
236,
255,
],
'project:kubernetes/vendor/k8s.io/client-go/pkg/apis/autoscaling/v1/defaults.go':[
27,
],
'project:kubernetes/vendor/k8s.io/client-go/pkg/apis/autoscaling/v2alpha1/defaults.go':[
29,
],
'project:kubernetes/vendor/k8s.io/client-go/pkg/apis/batch/v1/conversion.go':[
50,
68,
],
'project:kubernetes/vendor/k8s.io/client-go/pkg/apis/batch/v1/defaults.go':[
27,
],
'project:kubernetes/vendor/k8s.io/client-go/pkg/apis/batch/v2alpha1/defaults.go':[
27,
],
'project:kubernetes/vendor/k8s.io/client-go/pkg/apis/certificates/v1beta1/defaults.go':[
24,
],
'project:kubernetes/vendor/k8s.io/client-go/pkg/apis/extensions/v1beta1/conversion.go':[
85,
104,
131,
159,
186,
199,
212,
228,
238,
248,
255,
266,
278,
283,
288,
301,
314,
332,
350,
370,
390,
401,
412,
423,
],
'project:kubernetes/vendor/k8s.io/client-go/pkg/apis/extensions/v1beta1/defaults.go':[
30,
65,
105,
125,
],
'project:kubernetes/vendor/k8s.io/client-go/pkg/apis/networking/v1/conversion.go':[
45,
50,
55,
68,
81,
99,
117,
137,
157,
168,
179,
190,
],
'project:kubernetes/vendor/k8s.io/client-go/pkg/apis/networking/v1/defaults.go':[
28,
],
'project:kubernetes/vendor/k8s.io/client-go/pkg/apis/rbac/v1alpha1/conversion.go':[
29,
60,
],
'project:kubernetes/vendor/k8s.io/client-go/pkg/apis/rbac/v1alpha1/defaults.go':[
27,
32,
37,
],
'project:kubernetes/vendor/k8s.io/client-go/pkg/apis/rbac/v1beta1/defaults.go':[
27,
32,
37,
],
}
