{
'project:kubernetes/cmd/libs/go2idl/client-gen/generators/client_generator.go':[
68,
],
'project:kubernetes/federation/pkg/kubefed/init/init.go':[
449,
557,
684,
858,
],
'project:kubernetes/federation/pkg/kubefed/join.go':[
321,
344,
537,
646,
],
'project:kubernetes/pkg/api/unversioned/time.go':[
55,
],
'project:kubernetes/pkg/apis/meta/v1/time.go':[
59,
],
'project:kubernetes/pkg/cloudprovider/providers/aws/aws_loadbalancer.go':[
65,
],
'project:kubernetes/pkg/cloudprovider/providers/gce/gce.go':[
245,
],
'project:kubernetes/pkg/cloudprovider/providers/gce/gce_loadbalancer_external.go':[
474,
783,
],
'project:kubernetes/pkg/cloudprovider/providers/gce/gce_loadbalancer_internal.go':[
309,
451,
],
'project:kubernetes/pkg/controller/daemon/daemoncontroller.go':[
855,
],
'project:kubernetes/pkg/controller/node/nodecontroller.go':[
199,
],
'project:kubernetes/pkg/controller/podautoscaler/horizontal.go':[
101,
],
'project:kubernetes/pkg/controller/volume/attachdetach/attach_detach_controller.go':[
81,
],
'project:kubernetes/pkg/controller/volume/attachdetach/reconciler/reconciler.go':[
60,
],
'project:kubernetes/pkg/kubeapiserver/default_storage_factory_builder.go':[
35,
],
'project:kubernetes/pkg/kubectl/cmd/apply.go':[
507,
],
'project:kubernetes/pkg/kubectl/cmd/attach.go':[
98,
],
'project:kubernetes/pkg/kubectl/cmd/delete.go':[
247,
],
'project:kubernetes/pkg/kubectl/cmd/exec.go':[
103,
],
'project:kubernetes/pkg/kubectl/rolling_updater.go':[
313,
346,
682,
],
'project:kubernetes/pkg/kubelet/container/testing/fake_runtime.go':[
314,
],
'project:kubernetes/pkg/kubelet/container/testing/runtime_mock.go':[
93,
],
'project:kubernetes/pkg/kubelet/dockershim/docker_service.go':[
149,
],
'project:kubernetes/pkg/kubelet/dockershim/docker_streaming.go':[
48,
53,
],
'project:kubernetes/pkg/kubelet/dockershim/exec.go':[
66,
137,
],
'project:kubernetes/pkg/kubelet/eviction/eviction_manager.go':[
96,
],
'project:kubernetes/pkg/kubelet/images/image_manager.go':[
76,
],
'project:kubernetes/pkg/kubelet/kubelet_pods.go':[
1443,
1461,
],
'project:kubernetes/pkg/kubelet/kuberuntime/kuberuntime_container.go':[
56,
81,
],
'project:kubernetes/pkg/kubelet/kuberuntime/kuberuntime_manager.go':[
122,
],
'project:kubernetes/pkg/kubelet/rkt/rkt.go':[
223,
557,
2156,
],
'project:kubernetes/pkg/kubelet/server/portforward/httpstream.go':[
36,
],
'project:kubernetes/pkg/kubelet/server/portforward/portforward.go':[
41,
],
'project:kubernetes/pkg/kubelet/server/portforward/websocket.go':[
96,
],
'project:kubernetes/pkg/kubelet/server/remotecommand/attach.go':[
41,
],
'project:kubernetes/pkg/kubelet/server/remotecommand/exec.go':[
44,
],
'project:kubernetes/pkg/kubelet/server/server.go':[
121,
],
'project:kubernetes/pkg/kubelet/server/streaming/server.go':[
334,
338,
],
'project:kubernetes/pkg/kubelet/volumemanager/populator/desired_state_of_world_populator.go':[
78,
],
'project:kubernetes/pkg/kubelet/volumemanager/reconciler/reconciler.go':[
90,
],
'project:kubernetes/pkg/kubelet/volumemanager/volume_manager.go':[
147,
],
'project:kubernetes/pkg/kubemark/hollow_kubelet.go':[
50,
],
'project:kubernetes/pkg/kubemark/hollow_proxy.go':[
63,
],
'project:kubernetes/pkg/proxy/iptables/proxier.go':[
445,
],
'project:kubernetes/pkg/proxy/userspace/proxier.go':[
156,
164,
185,
986,
1033,
],
'project:kubernetes/pkg/proxy/winuserspace/proxysocket.go':[
361,
565,
594,
],
'project:kubernetes/plugin/cmd/kube-scheduler/app/configurator.go':[
76,
],
'project:kubernetes/plugin/pkg/admission/initialresources/gcm.go':[
87,
],
'project:kubernetes/plugin/pkg/admission/initialresources/hawkular.go':[
88,
],
'project:kubernetes/plugin/pkg/admission/initialresources/influxdb.go':[
48,
],
'project:kubernetes/plugin/pkg/scheduler/factory/factory.go':[
106,
],
'project:kubernetes/staging/src/k8s.io/apimachinery/pkg/apis/meta/v1/micro_time.go':[
59,
],
'project:kubernetes/staging/src/k8s.io/apimachinery/pkg/apis/meta/v1/time.go':[
59,
],
'project:kubernetes/staging/src/k8s.io/apimachinery/pkg/runtime/serializer/versioning/versioning.go':[
54,
],
'project:kubernetes/staging/src/k8s.io/apiserver/pkg/admission/attributes.go':[
37,
],
'project:kubernetes/staging/src/k8s.io/apiserver/pkg/endpoints/handlers/proxy.go':[
217,
],
'project:kubernetes/staging/src/k8s.io/apiserver/pkg/endpoints/handlers/rest.go':[
613,
],
'project:kubernetes/staging/src/k8s.io/apiserver/pkg/endpoints/installer.go':[
863,
],
'project:kubernetes/staging/src/k8s.io/apiserver/pkg/registry/generic/storage_decorator.go':[
43,
],
'project:kubernetes/staging/src/k8s.io/apiserver/pkg/registry/rest/resttest/resttest.go':[
221,
],
'project:kubernetes/staging/src/k8s.io/apiserver/pkg/storage/cacher.go':[
519,
],
'project:kubernetes/staging/src/k8s.io/apiserver/pkg/storage/etcd/etcd_helper.go':[
477,
],
'project:kubernetes/staging/src/k8s.io/apiserver/pkg/storage/etcd/etcd_watcher.go':[
108,
],
'project:kubernetes/staging/src/k8s.io/apiserver/pkg/storage/etcd3/store.go':[
255,
],
'project:kubernetes/staging/src/k8s.io/client-go/rest/request.go':[
122,
],
'project:kubernetes/test/e2e/common/autoscaling_utils.go':[
102,
108,
120,
420,
],
'project:kubernetes/test/e2e/framework/framework.go':[
450,
],
'project:kubernetes/test/e2e/framework/networking_utils.go':[
174,
],
'project:kubernetes/test/e2e/perf/density.go':[
817,
],
'project:kubernetes/test/e2e/perf/load.go':[
404,
],
'project:kubernetes/test/e2e_node/remote/node_conformance.go':[
261,
],
'project:kubernetes/test/e2e_node/remote/node_e2e.go':[
186,
],
'project:kubernetes/test/e2e_node/remote/remote.go':[
66,
],
'project:kubernetes/test/e2e_node/services/server.go':[
71,
],
'project:kubernetes/test/utils/deployment.go':[
145,
],
'project:kubernetes/test/utils/runners.go':[
773,
],
'project:samples/TooManyParameters.go':[
4,
],
}
