{
'project:kubernetes/federation/pkg/federation-controller/util/planner/planner.go':[
154,
],
}
