{
'project:kubernetes/cmd/kubelet/app/auth.go':[
89,
],
'project:kubernetes/cmd/kubelet/app/server.go':[
1005,
],
'project:kubernetes/cmd/libs/go2idl/conversion-gen/generators/conversion.go':[
352,
354,
792,
841,
857,
870,
887,
],
'project:kubernetes/cmd/libs/go2idl/go-to-protobuf/protobuf/generator.go':[
114,
307,
310,
320,
336,
449,
476,
507,
521,
569,
],
'project:kubernetes/cmd/libs/go2idl/go-to-protobuf/protobuf/package.go':[
151,
],
'project:kubernetes/cmd/libs/go2idl/go-to-protobuf/protobuf/parser.go':[
116,
155,
187,
200,
215,
230,
258,
307,
334,
],
'project:kubernetes/cmd/libs/go2idl/openapi-gen/generators/openapi.go':[
340,
468,
],
'project:kubernetes/federation/pkg/dnsprovider/providers/coredns/rrchangeset.go':[
83,
110,
],
'project:kubernetes/federation/pkg/federation-controller/ingress/ingress_controller.go':[
776,
810,
818,
],
'project:kubernetes/federation/pkg/federation-controller/service/dns/dns.go':[
205,
],
'project:kubernetes/federation/pkg/federation-controller/service/servicecontroller.go':[
553,
],
'project:kubernetes/federation/pkg/federation-controller/util/federated_updater.go':[
121,
],
'project:kubernetes/pkg/api/pod/util.go':[
65,
135,
],
'project:kubernetes/pkg/api/testing/fuzzer.go':[
700,
],
'project:kubernetes/pkg/api/v1/pod/util.go':[
36,
153,
223,
],
'project:kubernetes/pkg/api/validation/schema.go':[
383,
391,
],
'project:kubernetes/pkg/api/validation/validation.go':[
2146,
2814,
2832,
3640,
3651,
3662,
3678,
],
'project:kubernetes/pkg/apis/apps/validation/validation.go':[
81,
90,
],
'project:kubernetes/pkg/apis/rbac/helpers.go':[
217,
],
'project:kubernetes/pkg/apis/rbac/v1alpha1/helpers.go':[
77,
],
'project:kubernetes/pkg/apis/rbac/v1beta1/helpers.go':[
77,
],
'project:kubernetes/pkg/apis/rbac/validation/validation.go':[
198,
211,
220,
],
'project:kubernetes/pkg/client/conditions/conditions.go':[
45,
82,
101,
121,
],
'project:kubernetes/pkg/client/leaderelection/resourcelock/interface.go':[
81,
90,
],
'project:kubernetes/pkg/client/unversioned/conditions.go':[
162,
199,
218,
238,
],
'project:kubernetes/pkg/cloudprovider/providers/aws/aws.go':[
1712,
],
'project:kubernetes/pkg/cloudprovider/providers/openstack/openstack.go':[
599,
],
'project:kubernetes/pkg/controller/client_builder.go':[
151,
],
'project:kubernetes/pkg/controller/daemon/daemoncontroller.go':[
741,
1128,
1141,
],
'project:kubernetes/pkg/controller/daemon/update.go':[
129,
],
'project:kubernetes/pkg/controller/deployment/progress.go':[
104,
127,
],
'project:kubernetes/pkg/controller/deployment/sync.go':[
331,
360,
],
'project:kubernetes/pkg/controller/deployment/util/deployment_util.go':[
901,
],
'project:kubernetes/pkg/controller/garbagecollector/garbagecollector.go':[
336,
347,
375,
],
'project:kubernetes/pkg/controller/garbagecollector/graph_builder.go':[
475,
495,
515,
],
'project:kubernetes/pkg/controller/node/nodecontroller.go':[
808,
816,
],
'project:kubernetes/pkg/controller/node/testutil/test_utils.go':[
302,
],
'project:kubernetes/pkg/controller/podautoscaler/horizontal.go':[
249,
265,
280,
450,
],
'project:kubernetes/pkg/controller/resourcequota/replenishment_controller.go':[
114,
127,
139,
150,
161,
172,
],
'project:kubernetes/pkg/controller/serviceaccount/tokens_controller.go':[
247,
288,
298,
],
'project:kubernetes/pkg/controller/statefulset/stateful_pod_control.go':[
189,
],
'project:kubernetes/pkg/controller/volume/attachdetach/populator/desired_state_of_world_populator.go':[
129,
],
'project:kubernetes/pkg/controller/volume/persistentvolume/pv_controller.go':[
972,
],
'project:kubernetes/pkg/kubeapiserver/authorizer/config.go':[
108,
125,
134,
145,
],
'project:kubernetes/pkg/kubectl/cmd/apply.go':[
576,
],
'project:kubernetes/pkg/kubectl/cmd/apply_set_last_applied.go':[
226,
],
'project:kubernetes/pkg/kubectl/cmd/apply_view_last_applied.go':[
139,
],
'project:kubernetes/pkg/kubectl/cmd/auth/cani.go':[
122,
],
'project:kubernetes/pkg/kubectl/cmd/config/navigation_step_parser.go':[
46,
64,
],
'project:kubernetes/pkg/kubectl/cmd/config/set.go':[
139,
174,
199,
210,
],
'project:kubernetes/pkg/kubectl/cmd/create_clusterrolebinding.go':[
71,
],
'project:kubernetes/pkg/kubectl/cmd/create_configmap.go':[
92,
],
'project:kubernetes/pkg/kubectl/cmd/create_pdb.go':[
84,
],
'project:kubernetes/pkg/kubectl/cmd/create_rolebinding.go':[
71,
],
'project:kubernetes/pkg/kubectl/cmd/create_secret.go':[
104,
185,
],
'project:kubernetes/pkg/kubectl/cmd/create_service.go':[
94,
150,
206,
267,
],
'project:kubernetes/pkg/kubectl/cmd/logs.go':[
231,
],
'project:kubernetes/pkg/kubectl/cmd/run.go':[
360,
],
'project:kubernetes/pkg/kubectl/cmd/testdata/edit/record.go':[
92,
99,
108,
],
'project:kubernetes/pkg/kubectl/cmd/util/editor/editoptions.go':[
173,
335,
552,
568,
689,
],
'project:kubernetes/pkg/kubectl/cmd/util/factory_client_access.go':[
517,
588,
],
'project:kubernetes/pkg/kubectl/cmd/util/helpers.go':[
142,
153,
155,
171,
211,
224,
266,
758,
],
'project:kubernetes/pkg/kubectl/cmd/version.go':[
78,
92,
],
'project:kubernetes/pkg/kubectl/resource/builder.go':[
135,
402,
],
'project:kubernetes/pkg/kubectl/rolling_updater.go':[
527,
],
'project:kubernetes/pkg/kubectl/sorting_printer.go':[
86,
101,
187,
201,
211,
],
'project:kubernetes/pkg/kubelet/cm/cgroup_manager_linux.go':[
129,
],
'project:kubernetes/pkg/kubelet/config/config.go':[
164,
188,
270,
280,
292,
],
'project:kubernetes/pkg/kubelet/config/file.go':[
93,
142,
],
'project:kubernetes/pkg/kubelet/config/file_linux.go':[
118,
],
'project:kubernetes/pkg/kubelet/kubelet.go':[
578,
1881,
],
'project:kubernetes/pkg/kubelet/kubelet_pods.go':[
450,
485,
548,
557,
584,
1010,
1105,
1136,
1169,
1294,
1503,
1523,
1557,
],
'project:kubernetes/pkg/kubelet/lifecycle/handlers.go':[
56,
65,
],
'project:kubernetes/pkg/kubelet/network/hostport/hostport.go':[
112,
],
'project:kubernetes/pkg/kubelet/pleg/generic.go':[
154,
],
'project:kubernetes/pkg/kubelet/prober/prober.go':[
188,
],
'project:kubernetes/pkg/kubelet/server/remotecommand/httpstream.go':[
370,
],
'project:kubernetes/pkg/kubelet/util/csr/csr.go':[
95,
],
'project:kubernetes/pkg/printers/customcolumn.go':[
206,
],
'project:kubernetes/pkg/printers/internalversion/describe.go':[
229,
237,
1255,
1309,
1354,
2611,
],
'project:kubernetes/pkg/printers/internalversion/printers.go':[
295,
715,
1724,
],
'project:kubernetes/pkg/printers/json.go':[
41,
85,
],
'project:kubernetes/pkg/printers/jsonpath.go':[
47,
61,
],
'project:kubernetes/pkg/printers/printers.go':[
55,
66,
81,
92,
113,
],
'project:kubernetes/pkg/proxy/iptables/proxier.go':[
1717,
],
'project:kubernetes/pkg/proxy/userspace/proxysocket.go':[
61,
],
'project:kubernetes/pkg/proxy/winuserspace/proxysocket.go':[
94,
],
'project:kubernetes/pkg/quota/evaluator/core/pods.go':[
205,
],
'project:kubernetes/pkg/registry/core/pod/strategy.go':[
295,
365,
381,
394,
454,
],
'project:kubernetes/pkg/registry/core/service/ipallocator/controller/repair.go':[
144,
],
'project:kubernetes/pkg/registry/core/service/portallocator/controller/repair.go':[
127,
],
'project:kubernetes/pkg/registry/core/service/rest.go':[
311,
324,
],
'project:kubernetes/pkg/registry/extensions/rest/thirdparty_controller.go':[
81,
],
'project:kubernetes/pkg/registry/extensions/thirdpartyresourcedata/codec.go':[
348,
478,
517,
567,
],
'project:kubernetes/pkg/registry/rbac/reconciliation/reconcile_role.go':[
128,
139,
],
'project:kubernetes/pkg/registry/rbac/reconciliation/reconcile_rolebindings.go':[
124,
140,
151,
],
'project:kubernetes/pkg/registry/rbac/validation/rule.go':[
210,
],
'project:kubernetes/pkg/serviceaccount/jwt.go':[
147,
221,
],
'project:kubernetes/pkg/util/iptables/iptables.go':[
605,
],
'project:kubernetes/pkg/volume/glusterfs/glusterfs.go':[
937,
949,
979,
989,
],
'project:kubernetes/pkg/volume/nfs/nfs.go':[
197,
],
'project:kubernetes/pkg/volume/util.go':[
104,
109,
],
'project:kubernetes/pkg/volume/vsphere_volume/vsphere_volume_util.go':[
204,
212,
220,
228,
236,
244,
],
'project:kubernetes/plugin/pkg/admission/initialization/initialization.go':[
141,
188,
],
'project:kubernetes/plugin/pkg/admission/noderestriction/admission.go':[
100,
122,
161,
187,
206,
],
'project:kubernetes/plugin/pkg/scheduler/algorithm/predicates/predicates.go':[
550,
],
'project:kubernetes/plugin/pkg/scheduler/factory/factory.go':[
267,
317,
],
'project:kubernetes/plugin/pkg/scheduler/schedulercache/cache.go':[
170,
225,
262,
289,
],
'project:kubernetes/staging/src/k8s.io/apiextensions-apiserver/pkg/apiserver/customresource_handler.go':[
178,
186,
194,
426,
],
'project:kubernetes/staging/src/k8s.io/apimachinery/pkg/api/errors/errors.go':[
293,
439,
461,
],
'project:kubernetes/staging/src/k8s.io/apimachinery/pkg/api/meta/help.go':[
105,
133,
],
'project:kubernetes/staging/src/k8s.io/apimachinery/pkg/api/meta/meta.go':[
99,
],
'project:kubernetes/staging/src/k8s.io/apimachinery/pkg/api/meta/restmapper.go':[
224,
237,
269,
279,
330,
],
'project:kubernetes/staging/src/k8s.io/apimachinery/pkg/api/resource/amount.go':[
116,
132,
176,
187,
],
'project:kubernetes/staging/src/k8s.io/apimachinery/pkg/api/resource/math.go':[
67,
158,
],
'project:kubernetes/staging/src/k8s.io/apimachinery/pkg/api/resource/quantity.go':[
300,
429,
],
'project:kubernetes/staging/src/k8s.io/apimachinery/pkg/api/resource/quantity_proto.go':[
121,
159,
202,
219,
240,
],
'project:kubernetes/staging/src/k8s.io/apimachinery/pkg/api/resource/suffix.go':[
143,
161,
],
'project:kubernetes/staging/src/k8s.io/apimachinery/pkg/api/testing/valuefuzz.go':[
35,
53,
68,
],
'project:kubernetes/staging/src/k8s.io/apimachinery/pkg/api/validation/objectmeta.go':[
334,
],
'project:kubernetes/staging/src/k8s.io/apimachinery/pkg/apis/meta/v1/helpers.go':[
113,
],
'project:kubernetes/staging/src/k8s.io/apimachinery/pkg/apis/meta/v1/unstructured/unstructured.go':[
609,
],
'project:kubernetes/staging/src/k8s.io/apimachinery/pkg/conversion/cloner.go':[
175,
190,
203,
214,
227,
],
'project:kubernetes/staging/src/k8s.io/apimachinery/pkg/conversion/converter.go':[
598,
622,
635,
648,
671,
],
'project:kubernetes/staging/src/k8s.io/apimachinery/pkg/conversion/unstructured/converter.go':[
148,
171,
179,
438,
445,
452,
],
'project:kubernetes/staging/src/k8s.io/apimachinery/pkg/labels/selector.go':[
131,
189,
456,
567,
678,
702,
713,
],
'project:kubernetes/staging/src/k8s.io/apimachinery/pkg/runtime/helper.go':[
159,
],
'project:kubernetes/staging/src/k8s.io/apimachinery/pkg/runtime/serializer/json/json.go':[
130,
],
'project:kubernetes/staging/src/k8s.io/apimachinery/pkg/runtime/serializer/protobuf/protobuf.go':[
138,
149,
176,
186,
197,
214,
357,
368,
409,
422,
],
'project:kubernetes/staging/src/k8s.io/apimachinery/pkg/runtime/serializer/recognizer/recognizer.go':[
68,
93,
],
'project:kubernetes/staging/src/k8s.io/apimachinery/pkg/runtime/swagger_doc_generator.go':[
75,
],
'project:kubernetes/staging/src/k8s.io/apimachinery/pkg/util/diff/diff.go':[
134,
152,
169,
197,
225,
],
'project:kubernetes/staging/src/k8s.io/apimachinery/pkg/util/intstr/intstr.go':[
168,
],
'project:kubernetes/staging/src/k8s.io/apimachinery/pkg/util/json/json.go':[
41,
],
'project:kubernetes/staging/src/k8s.io/apimachinery/pkg/util/jsonmergepatch/patch.go':[
116,
],
'project:kubernetes/staging/src/k8s.io/apimachinery/pkg/util/mergepatch/util.go':[
94,
96,
111,
113,
],
'project:kubernetes/staging/src/k8s.io/apimachinery/pkg/util/strategicpatch/patch.go':[
273,
310,
465,
555,
581,
734,
1425,
1794,
2082,
2090,
],
'project:kubernetes/staging/src/k8s.io/apimachinery/pkg/util/validation/field/errors.go':[
51,
],
'project:kubernetes/staging/src/k8s.io/apimachinery/pkg/util/validation/validation.go':[
46,
],
'project:kubernetes/staging/src/k8s.io/apimachinery/pkg/watch/streamwatcher.go':[
104,
],
'project:kubernetes/staging/src/k8s.io/apimachinery/third_party/forked/golang/reflect/deep_equal.go':[
149,
158,
184,
191,
292,
301,
317,
335,
342,
],
'project:kubernetes/staging/src/k8s.io/apiserver/pkg/endpoints/filters/impersonation.go':[
82,
],
'project:kubernetes/staging/src/k8s.io/apiserver/pkg/endpoints/handlers/patch.go':[
51,
],
'project:kubernetes/staging/src/k8s.io/apiserver/pkg/endpoints/handlers/response.go':[
49,
74,
107,
133,
],
'project:kubernetes/staging/src/k8s.io/apiserver/pkg/endpoints/handlers/responsewriters/status.go':[
36,
51,
],
'project:kubernetes/staging/src/k8s.io/apiserver/pkg/endpoints/handlers/rest.go':[
659,
672,
698,
741,
],
'project:kubernetes/staging/src/k8s.io/apiserver/pkg/endpoints/installer.go':[
280,
388,
439,
587,
618,
650,
666,
683,
706,
728,
747,
766,
787,
796,
898,
913,
],
'project:kubernetes/staging/src/k8s.io/apiserver/pkg/registry/generic/registry/decorated_watcher.go':[
53,
],
'project:kubernetes/staging/src/k8s.io/apiserver/pkg/registry/generic/registry/store.go':[
368,
383,
837,
],
'project:kubernetes/staging/src/k8s.io/apiserver/pkg/server/handler.go':[
135,
147,
],
'project:kubernetes/staging/src/k8s.io/apiserver/pkg/server/openapi/openapi.go':[
390,
],
'project:kubernetes/staging/src/k8s.io/apiserver/pkg/storage/cacher.go':[
729,
862,
869,
876,
],
'project:kubernetes/staging/src/k8s.io/apiserver/pkg/storage/etcd/etcd_watcher.go':[
275,
286,
],
'project:kubernetes/staging/src/k8s.io/apiserver/pkg/storage/etcd3/watcher.go':[
275,
283,
291,
325,
332,
],
'project:kubernetes/staging/src/k8s.io/apiserver/pkg/util/proxy/dial.go':[
43,
],
'project:kubernetes/staging/src/k8s.io/apiserver/pkg/util/proxy/proxy.go':[
107,
116,
],
'project:kubernetes/staging/src/k8s.io/apiserver/pkg/util/proxy/transport.go':[
176,
207,
],
'project:kubernetes/staging/src/k8s.io/apiserver/pkg/util/wsstream/conn.go':[
278,
329,
],
'project:kubernetes/staging/src/k8s.io/apiserver/plugin/pkg/authenticator/token/oidc/oidc.go':[
240,
],
'project:kubernetes/staging/src/k8s.io/client-go/pkg/apis/rbac/helpers.go':[
216,
],
'project:kubernetes/staging/src/k8s.io/client-go/pkg/apis/rbac/v1alpha1/helpers.go':[
76,
],
'project:kubernetes/staging/src/k8s.io/client-go/pkg/apis/rbac/v1beta1/helpers.go':[
76,
],
'project:kubernetes/staging/src/k8s.io/client-go/rest/request.go':[
535,
548,
757,
959,
],
'project:kubernetes/staging/src/k8s.io/client-go/testing/actions.go':[
228,
],
'project:kubernetes/staging/src/k8s.io/client-go/testing/fixture.go':[
87,
106,
],
'project:kubernetes/staging/src/k8s.io/client-go/third_party/forked/golang/template/funcs.go':[
120,
134,
],
'project:kubernetes/staging/src/k8s.io/client-go/tools/cache/controller.go':[
301,
368,
],
'project:kubernetes/staging/src/k8s.io/client-go/tools/cache/shared_informer.go':[
343,
],
'project:kubernetes/staging/src/k8s.io/client-go/tools/record/event.go':[
196,
],
'project:kubernetes/staging/src/k8s.io/client-go/tools/remotecommand/v4.go':[
91,
],
'project:kubernetes/staging/src/k8s.io/client-go/util/jsonpath/jsonpath.go':[
216,
],
'project:kubernetes/test/e2e/cluster-logging/sd_utils.go':[
209,
],
'project:kubernetes/test/e2e/cluster_upgrade.go':[
216,
226,
],
'project:kubernetes/test/e2e/common/autoscaling_utils.go':[
318,
325,
332,
463,
],
'project:kubernetes/test/e2e/common/init_container.go':[
262,
297,
397,
],
'project:kubernetes/test/e2e/deployment.go':[
1234,
1244,
1261,
1279,
],
'project:kubernetes/test/e2e/e2e.go':[
71,
110,
],
'project:kubernetes/test/e2e/framework/metrics_util.go':[
319,
],
'project:kubernetes/test/e2e/framework/service_util.go':[
1339,
1346,
],
'project:kubernetes/test/e2e/framework/util.go':[
1443,
3884,
5420,
5432,
],
'project:kubernetes/test/e2e/service_accounts.go':[
95,
],
'project:kubernetes/test/e2e/stackdriver_monitoring.go':[
124,
],
'project:kubernetes/test/e2e_node/image_list.go':[
103,
],
'project:kubernetes/test/e2e_node/system/package_validator.go':[
302,
],
'project:kubernetes/test/list/main.go':[
187,
204,
],
'project:kubernetes/third_party/forked/etcd221/wal/repair.go':[
44,
48,
60,
],
'project:kubernetes/third_party/forked/etcd221/wal/wal.go':[
254,
263,
],
'project:kubernetes/third_party/forked/etcd237/wal/repair.go':[
44,
48,
60,
],
'project:kubernetes/third_party/forked/etcd237/wal/wal.go':[
252,
261,
],
'project:kubernetes/third_party/forked/golang/expansion/expand.go':[
86,
],
'project:kubernetes/third_party/forked/golang/reflect/deep_equal.go':[
149,
158,
184,
191,
292,
301,
317,
335,
342,
],
'project:kubernetes/third_party/forked/golang/template/funcs.go':[
120,
134,
],
}
