{
  'project:samples/RedundantParentheses.go':[
    4,
  ],
}
