{
'project:samples/NoIdenticalConditions.go':[
6,
],
}
