{
'project:kubernetes/cmd/libs/go2idl/conversion-gen/generators/conversion.go':[
353,
],
'project:kubernetes/cmd/libs/go2idl/go-to-protobuf/protobuf/generator.go':[
309,
450,
],
'project:kubernetes/cmd/libs/go2idl/go-to-protobuf/protobuf/parser.go':[
132,
189,
199,
204,
216,
229,
313,
340,
],
'project:kubernetes/pkg/api/v1/conversion.go':[
39,
44,
50,
55,
61,
66,
72,
77,
83,
88,
94,
99,
105,
110,
116,
121,
],
'project:kubernetes/pkg/apis/rbac/helpers.go':[
231,
],
'project:kubernetes/pkg/client/conditions/conditions.go':[
46,
65,
83,
102,
122,
],
'project:kubernetes/pkg/client/unversioned/conditions.go':[
163,
182,
200,
219,
239,
],
'project:kubernetes/pkg/controller/daemon/daemoncontroller.go':[
1131,
],
'project:kubernetes/pkg/controller/garbagecollector/garbagecollector.go':[
380,
],
'project:kubernetes/pkg/controller/serviceaccount/tokens_controller.go':[
301,
],
'project:kubernetes/pkg/kubectl/cmd/util/helpers.go':[
154,
156,
212,
226,
],
'project:kubernetes/pkg/kubectl/sorting_printer.go':[
212,
],
'project:kubernetes/pkg/kubelet/kubelet_pods.go':[
1012,
],
'project:kubernetes/pkg/kubelet/pleg/generic.go':[
155,
],
'project:kubernetes/pkg/printers/internalversion/describe.go':[
244,
],
'project:kubernetes/pkg/printers/jsonpath.go':[
49,
],
'project:kubernetes/pkg/registry/rbac/reconciliation/reconcile_rolebindings.go':[
127,
],
'project:kubernetes/pkg/serviceaccount/jwt.go':[
148,
],
'project:kubernetes/pkg/volume/util.go':[
108,
],
'project:kubernetes/plugin/pkg/admission/noderestriction/admission.go':[
101,
],
'project:kubernetes/staging/src/k8s.io/apimachinery/pkg/api/errors/errors.go':[
463,
],
'project:kubernetes/staging/src/k8s.io/apimachinery/pkg/api/meta/help.go':[
134,
],
'project:kubernetes/staging/src/k8s.io/apimachinery/pkg/api/resource/amount.go':[
122,
138,
],
'project:kubernetes/staging/src/k8s.io/apimachinery/pkg/api/resource/quantity.go':[
302,
],
'project:kubernetes/staging/src/k8s.io/apimachinery/pkg/api/testing/valuefuzz.go':[
72,
],
'project:kubernetes/staging/src/k8s.io/apimachinery/pkg/api/validation/objectmeta.go':[
336,
],
'project:kubernetes/staging/src/k8s.io/apimachinery/pkg/conversion/converter.go':[
642,
],
'project:kubernetes/staging/src/k8s.io/apimachinery/pkg/conversion/unstructured/converter.go':[
158,
160,
166,
173,
180,
],
'project:kubernetes/staging/src/k8s.io/apimachinery/pkg/labels/selector.go':[
574,
705,
],
'project:kubernetes/staging/src/k8s.io/apimachinery/pkg/util/diff/diff.go':[
154,
],
'project:kubernetes/staging/src/k8s.io/apimachinery/pkg/util/jsonmergepatch/patch.go':[
117,
],
'project:kubernetes/staging/src/k8s.io/apimachinery/pkg/util/mergepatch/util.go':[
95,
112,
],
'project:kubernetes/staging/src/k8s.io/apimachinery/pkg/util/strategicpatch/patch.go':[
2084,
2091,
],
'project:kubernetes/staging/src/k8s.io/apimachinery/pkg/util/validation/field/errors.go':[
63,
],
'project:kubernetes/staging/src/k8s.io/apiserver/pkg/endpoints/handlers/response.go':[
125,
],
'project:kubernetes/staging/src/k8s.io/apiserver/pkg/endpoints/handlers/responsewriters/status.go':[
42,
53,
],
'project:kubernetes/staging/src/k8s.io/apiserver/pkg/endpoints/handlers/rest.go':[
671,
],
'project:kubernetes/staging/src/k8s.io/apiserver/pkg/endpoints/installer.go':[
634,
905,
],
'project:kubernetes/staging/src/k8s.io/apiserver/pkg/storage/etcd3/watcher.go':[
301,
],
'project:kubernetes/staging/src/k8s.io/client-go/pkg/api/v1/conversion.go':[
39,
44,
50,
55,
61,
66,
72,
77,
83,
88,
94,
99,
105,
110,
116,
121,
],
'project:kubernetes/staging/src/k8s.io/client-go/pkg/apis/rbac/helpers.go':[
230,
],
'project:kubernetes/staging/src/k8s.io/client-go/third_party/forked/golang/template/funcs.go':[
122,
],
'project:kubernetes/third_party/forked/etcd221/wal/repair.go':[
47,
],
'project:kubernetes/third_party/forked/etcd237/wal/repair.go':[
47,
],
'project:kubernetes/third_party/forked/golang/template/funcs.go':[
122,
],
'project:kubernetes/vendor/github.com/Azure/go-ansiterm/csi_entry_state.go':[
35,
],
'project:kubernetes/vendor/github.com/PuerkitoBio/urlesc/urlesc.go':[
43,
],
'project:kubernetes/vendor/github.com/appc/spec/schema/types/resource/amount.go':[
121,
137,
],
'project:kubernetes/vendor/github.com/appc/spec/schema/types/resource/quantity.go':[
300,
],
'project:kubernetes/vendor/github.com/asaskevich/govalidator/validator.go':[
729,
759,
],
'project:kubernetes/vendor/github.com/aws/aws-sdk-go/aws/awsutil/prettify.go':[
105,
],
'project:kubernetes/vendor/github.com/aws/aws-sdk-go/aws/awsutil/string_value.go':[
83,
],
'project:kubernetes/vendor/github.com/aws/aws-sdk-go/private/protocol/json/jsonutil/build.go':[
196,
],
'project:kubernetes/vendor/github.com/aws/aws-sdk-go/private/protocol/json/jsonutil/unmarshal.go':[
177,
190,
203,
],
'project:kubernetes/vendor/github.com/aws/aws-sdk-go/private/protocol/rest/unmarshal.go':[
72,
],
'project:kubernetes/vendor/github.com/cloudflare/cfssl/csr/csr.go':[
83,
104,
115,
],
'project:kubernetes/vendor/github.com/cloudflare/cfssl/errors/error.go':[
221,
230,
253,
277,
291,
305,
321,
329,
345,
360,
369,
403,
],
'project:kubernetes/vendor/github.com/cloudflare/cfssl/helpers/helpers.go':[
454,
465,
],
'project:kubernetes/vendor/github.com/cloudflare/cfssl/signer/signer.go':[
131,
142,
],
'project:kubernetes/vendor/github.com/coreos/etcd/etcdserver/api/v2http/client.go':[
209,
238,
259,
284,
648,
],
'project:kubernetes/vendor/github.com/coreos/etcd/etcdserver/api/v2http/http.go':[
62,
],
'project:kubernetes/vendor/github.com/coreos/etcd/etcdserver/apply.go':[
552,
570,
],
'project:kubernetes/vendor/github.com/coreos/etcd/etcdserver/server.go':[
1568,
],
'project:kubernetes/vendor/github.com/coreos/etcd/raft/raft.go':[
698,
834,
879,
1014,
],
'project:kubernetes/vendor/github.com/coreos/etcd/rafthttp/stream.go':[
474,
],
'project:kubernetes/vendor/github.com/coreos/etcd/rafthttp/util.go':[
112,
],
'project:kubernetes/vendor/github.com/coreos/etcd/wal/repair.go':[
43,
],
'project:kubernetes/vendor/github.com/evanphx/json-patch/merge.go':[
287,
],
'project:kubernetes/vendor/github.com/exponent-io/jsonpath/decoder.go':[
108,
133,
143,
],
'project:kubernetes/vendor/github.com/garyburd/redigo/redis/conn.go':[
423,
],
'project:kubernetes/vendor/github.com/garyburd/redigo/redis/scan.go':[
144,
165,
187,
194,
282,
294,
],
'project:kubernetes/vendor/github.com/ghodss/yaml/yaml.go':[
133,
148,
253,
],
'project:kubernetes/vendor/github.com/go-ini/ini/struct.go':[
149,
],
'project:kubernetes/vendor/github.com/go-openapi/validate/type.go':[
90,
],
'project:kubernetes/vendor/github.com/godbus/dbus/auth.go':[
148,
],
'project:kubernetes/vendor/github.com/godbus/dbus/decoder.go':[
79,
],
'project:kubernetes/vendor/github.com/godbus/dbus/encoder.go':[
152,
],
'project:kubernetes/vendor/github.com/gogo/protobuf/plugin/marshalto/marshalto.go':[
879,
909,
],
'project:kubernetes/vendor/github.com/gogo/protobuf/plugin/size/size.go':[
367,
391,
],
'project:kubernetes/vendor/github.com/gogo/protobuf/proto/clone.go':[
156,
200,
],
'project:kubernetes/vendor/github.com/gogo/protobuf/proto/lib.go':[
751,
],
'project:kubernetes/vendor/github.com/gogo/protobuf/proto/properties.go':[
468,
516,
570,
602,
621,
],
'project:kubernetes/vendor/github.com/gogo/protobuf/proto/text_parser.go':[
918,
974,
],
'project:kubernetes/vendor/github.com/gogo/protobuf/protoc-gen-gogo/generator/generator.go':[
2336,
],
'project:kubernetes/vendor/github.com/golang/protobuf/proto/clone.go':[
151,
195,
],
'project:kubernetes/vendor/github.com/golang/protobuf/proto/lib.go':[
751,
],
'project:kubernetes/vendor/github.com/golang/protobuf/proto/properties.go':[
383,
431,
485,
517,
536,
],
'project:kubernetes/vendor/github.com/golang/protobuf/proto/text_parser.go':[
800,
856,
],
'project:kubernetes/vendor/github.com/google/cadvisor/api/versions.go':[
214,
],
'project:kubernetes/vendor/github.com/google/cadvisor/manager/manager.go':[
1083,
],
'project:kubernetes/vendor/github.com/google/certificate-transparency/go/asn1/asn1.go':[
616,
853,
],
'project:kubernetes/vendor/github.com/google/certificate-transparency/go/asn1/marshal.go':[
455,
],
'project:kubernetes/vendor/github.com/google/certificate-transparency/go/x509/x509.go':[
953,
961,
1460,
],
'project:kubernetes/vendor/github.com/gophercloud/gophercloud/openstack/compute/v2/flavors/results.go':[
70,
],
'project:kubernetes/vendor/github.com/gophercloud/gophercloud/openstack/compute/v2/servers/results.go':[
194,
],
'project:kubernetes/vendor/github.com/gophercloud/gophercloud/openstack/networking/v2/extensions/lbaas_v2/monitors/requests.go':[
132,
136,
],
'project:kubernetes/vendor/github.com/gophercloud/gophercloud/params.go':[
322,
],
'project:kubernetes/vendor/github.com/gophercloud/gophercloud/provider_client.go':[
225,
],
'project:kubernetes/vendor/github.com/gorilla/websocket/conn.go':[
676,
],
'project:kubernetes/vendor/github.com/hashicorp/hcl/decoder.go':[
160,
253,
461,
],
'project:kubernetes/vendor/github.com/hashicorp/hcl/hcl/scanner/scanner.go':[
161,
],
'project:kubernetes/vendor/github.com/hashicorp/hcl/hcl/strconv/quote.go':[
177,
],
'project:kubernetes/vendor/github.com/hashicorp/hcl/json/scanner/scanner.go':[
161,
],
'project:kubernetes/vendor/github.com/imdario/mergo/merge.go':[
49,
],
'project:kubernetes/vendor/github.com/jmespath/go-jmespath/interpreter.go':[
42,
56,
],
'project:kubernetes/vendor/github.com/miekg/dns/clientconfig.go':[
73,
],
'project:kubernetes/vendor/github.com/miekg/dns/dnssec.go':[
339,
],
'project:kubernetes/vendor/github.com/miekg/dns/dnssec_keygen.go':[
66,
],
'project:kubernetes/vendor/github.com/miekg/dns/dnssec_keyscan.go':[
105,
],
'project:kubernetes/vendor/github.com/miekg/dns/dnssec_privkey.go':[
56,
],
'project:kubernetes/vendor/github.com/miekg/dns/format.go':[
31,
],
'project:kubernetes/vendor/github.com/miekg/dns/msg.go':[
333,
],
'project:kubernetes/vendor/github.com/miekg/dns/msg_generate.go':[
150,
259,
],
'project:kubernetes/vendor/github.com/miekg/dns/scan.go':[
214,
282,
392,
425,
437,
548,
773,
],
'project:kubernetes/vendor/github.com/miekg/dns/scan_rr.go':[
85,
990,
],
'project:kubernetes/vendor/github.com/miekg/dns/tlsa.go':[
18,
26,
36,
],
'project:kubernetes/vendor/github.com/miekg/dns/types_generate.go':[
198,
],
'project:kubernetes/vendor/github.com/mitchellh/mapstructure/decode_hooks.go':[
131,
],
'project:kubernetes/vendor/github.com/mitchellh/mapstructure/mapstructure.go':[
293,
],
'project:kubernetes/vendor/github.com/onsi/ginkgo/ginkgo/nodot/nodot.go':[
184,
],
'project:kubernetes/vendor/github.com/onsi/ginkgo/reporters/stenographer/support/go-colorable/colorable_windows.go':[
486,
504,
527,
],
'project:kubernetes/vendor/github.com/pelletier/go-toml/queryparser.go':[
111,
125,
],
'project:kubernetes/vendor/github.com/pkg/errors/stack.go':[
54,
85,
106,
],
'project:kubernetes/vendor/github.com/pkg/sftp/client.go':[
825,
1062,
],
'project:kubernetes/vendor/github.com/pkg/sftp/packet.go':[
55,
],
'project:kubernetes/vendor/github.com/prometheus/common/expfmt/text_parse.go':[
409,
428,
],
'project:kubernetes/vendor/github.com/rackspace/gophercloud/params.go':[
148,
],
'project:kubernetes/vendor/github.com/russross/blackfriday/inline.go':[
291,
316,
391,
431,
],
'project:kubernetes/vendor/github.com/samuel/go-zookeeper/zk/structs.go':[
445,
536,
],
'project:kubernetes/vendor/github.com/spf13/pflag/flag.go':[
440,
],
'project:kubernetes/vendor/github.com/square/go-jose/json/decode.go':[
392,
790,
797,
823,
857,
1117,
],
'project:kubernetes/vendor/github.com/stretchr/objx/accessors.go':[
107,
],
'project:kubernetes/vendor/github.com/stretchr/testify/assert/assertions.go':[
371,
],
'project:kubernetes/vendor/github.com/ugorji/go/codec/binc.go':[
686,
802,
],
'project:kubernetes/vendor/github.com/ugorji/go/codec/cbor.go':[
490,
],
'project:kubernetes/vendor/github.com/ugorji/go/codec/gen.go':[
623,
1732,
],
'project:kubernetes/vendor/github.com/ugorji/go/codec/json.go':[
695,
707,
721,
729,
738,
1092,
1098,
1111,
],
'project:kubernetes/vendor/github.com/ugorji/go/codec/msgpack.go':[
337,
405,
469,
],
'project:kubernetes/vendor/github.com/vishvananda/netlink/filter_linux.go':[
114,
121,
167,
180,
],
'project:kubernetes/vendor/github.com/vishvananda/netlink/link_linux.go':[
490,
493,
520,
],
'project:kubernetes/vendor/github.com/vishvananda/netlink/qdisc_linux.go':[
117,
130,
],
'project:kubernetes/vendor/github.com/vmware/govmomi/vim25/mo/retrieve.go':[
31,
],
'project:kubernetes/vendor/github.com/vmware/govmomi/vim25/xml/marshal.go':[
758,
792,
822,
],
'project:kubernetes/vendor/github.com/vmware/govmomi/vim25/xml/read.go':[
489,
655,
],
'project:kubernetes/vendor/github.com/vmware/govmomi/vim25/xml/xml.go':[
604,
666,
],
'project:kubernetes/vendor/golang.org/x/crypto/pkcs12/pkcs12.go':[
153,
],
'project:kubernetes/vendor/golang.org/x/crypto/ssh/keys.go':[
705,
],
'project:kubernetes/vendor/golang.org/x/crypto/ssh/messages.go':[
375,
462,
],
'project:kubernetes/vendor/golang.org/x/crypto/ssh/terminal/terminal.go':[
486,
],
'project:kubernetes/vendor/golang.org/x/net/html/foreign.go':[
51,
],
'project:kubernetes/vendor/golang.org/x/net/html/parse.go':[
501,
530,
540,
577,
595,
639,
660,
705,
728,
759,
779,
797,
892,
982,
1214,
1222,
1272,
1283,
1316,
1334,
1381,
1391,
1415,
1433,
1467,
1483,
1518,
1536,
1572,
1604,
1639,
1712,
1725,
1762,
1769,
1831,
1866,
1883,
],
'project:kubernetes/vendor/golang.org/x/net/html/render.go':[
105,
],
'project:kubernetes/vendor/golang.org/x/net/html/token.go':[
936,
],
'project:kubernetes/vendor/golang.org/x/net/http2/gotrack.go':[
96,
],
'project:kubernetes/vendor/golang.org/x/net/http2/server.go':[
949,
],
'project:kubernetes/vendor/golang.org/x/net/trace/trace.go':[
216,
],
'project:kubernetes/vendor/golang.org/x/text/cases/map.go':[
358,
488,
],
'project:kubernetes/vendor/golang.org/x/text/unicode/bidi/core.go':[
331,
],
'project:kubernetes/vendor/google.golang.org/grpc/rpc_util.go':[
401,
],
'project:kubernetes/vendor/gopkg.in/gcfg.v1/scanner/scanner.go':[
311,
],
'project:kubernetes/vendor/gopkg.in/yaml.v2/decode.go':[
382,
413,
436,
442,
],
'project:kubernetes/vendor/gopkg.in/yaml.v2/readerc.go':[
171,
198,
227,
],
'project:kubernetes/vendor/k8s.io/apimachinery/pkg/api/errors/errors.go':[
463,
],
'project:kubernetes/vendor/k8s.io/apimachinery/pkg/api/meta/help.go':[
134,
],
'project:kubernetes/vendor/k8s.io/apimachinery/pkg/api/resource/amount.go':[
122,
138,
],
'project:kubernetes/vendor/k8s.io/apimachinery/pkg/api/resource/quantity.go':[
302,
],
'project:kubernetes/vendor/k8s.io/apimachinery/pkg/api/testing/valuefuzz.go':[
72,
],
'project:kubernetes/vendor/k8s.io/apimachinery/pkg/api/validation/objectmeta.go':[
336,
],
'project:kubernetes/vendor/k8s.io/apimachinery/pkg/conversion/converter.go':[
642,
],
'project:kubernetes/vendor/k8s.io/apimachinery/pkg/conversion/unstructured/converter.go':[
158,
160,
166,
173,
180,
],
'project:kubernetes/vendor/k8s.io/apimachinery/pkg/labels/selector.go':[
574,
705,
],
'project:kubernetes/vendor/k8s.io/apimachinery/pkg/util/diff/diff.go':[
154,
],
'project:kubernetes/vendor/k8s.io/apimachinery/pkg/util/jsonmergepatch/patch.go':[
117,
],
'project:kubernetes/vendor/k8s.io/apimachinery/pkg/util/mergepatch/util.go':[
95,
112,
],
'project:kubernetes/vendor/k8s.io/apimachinery/pkg/util/strategicpatch/patch.go':[
2084,
2091,
],
'project:kubernetes/vendor/k8s.io/apimachinery/pkg/util/validation/field/errors.go':[
63,
],
'project:kubernetes/vendor/k8s.io/apiserver/pkg/endpoints/handlers/response.go':[
125,
],
'project:kubernetes/vendor/k8s.io/apiserver/pkg/endpoints/handlers/responsewriters/status.go':[
42,
53,
],
'project:kubernetes/vendor/k8s.io/apiserver/pkg/endpoints/handlers/rest.go':[
671,
],
'project:kubernetes/vendor/k8s.io/apiserver/pkg/endpoints/installer.go':[
634,
905,
],
'project:kubernetes/vendor/k8s.io/apiserver/pkg/storage/etcd3/watcher.go':[
301,
],
'project:kubernetes/vendor/k8s.io/client-go/pkg/api/v1/conversion.go':[
39,
44,
50,
55,
61,
66,
72,
77,
83,
88,
94,
99,
105,
110,
116,
121,
],
'project:kubernetes/vendor/k8s.io/client-go/pkg/apis/rbac/helpers.go':[
230,
],
'project:kubernetes/vendor/k8s.io/client-go/third_party/forked/golang/template/funcs.go':[
122,
],
'project:kubernetes/vendor/k8s.io/gengo/parser/parse.go':[
725,
],
}
