{
'project:samples/SelfAssignement.go':[
7,
9,
],
}
