{
'project:kubernetes/cmd/cloud-controller-manager/app/controllermanager.go':[
69,
197,
],
'project:kubernetes/cmd/hyperkube/federation-apiserver.go':[
33,
],
'project:kubernetes/cmd/hyperkube/federation-controller-manager.go':[
32,
],
'project:kubernetes/cmd/hyperkube/kube-apiserver.go':[
35,
],
'project:kubernetes/cmd/hyperkube/kube-controller-manager.go':[
34,
],
'project:kubernetes/cmd/hyperkube/kubectl.go':[
36,
],
'project:kubernetes/cmd/kube-apiserver/app/aggregator.go':[
175,
179,
],
'project:kubernetes/cmd/kube-apiserver/app/server.go':[
102,
],
'project:kubernetes/cmd/kube-controller-manager/app/controllermanager.go':[
88,
],
'project:kubernetes/cmd/kube-proxy/app/server.go':[
339,
647,
],
'project:kubernetes/cmd/kubeadm/app/apis/kubeadm/fuzzer/fuzzer.go':[
26,
],
'project:kubernetes/cmd/kubeadm/app/apis/kubeadm/validation/validation.go':[
215,
],
'project:kubernetes/cmd/kubeadm/app/cmd/cmd.go':[
30,
],
'project:kubernetes/cmd/kubeadm/app/cmd/init.go':[
80,
],
'project:kubernetes/cmd/kubeadm/app/cmd/join.go':[
137,
],
'project:kubernetes/cmd/kubeadm/app/cmd/phases/certs.go':[
56,
],
'project:kubernetes/cmd/kubeadm/app/cmd/phases/kubeconfig.go':[
49,
66,
],
'project:kubernetes/cmd/kubeadm/app/cmd/phases/validate.go':[
33,
],
'project:kubernetes/cmd/kubeadm/app/cmd/reset.go':[
43,
],
'project:kubernetes/cmd/kubeadm/app/cmd/token.go':[
78,
138,
157,
188,
],
'project:kubernetes/cmd/kubeadm/app/cmd/version.go':[
43,
],
'project:kubernetes/cmd/kubeadm/app/master/manifests.go':[
190,
],
'project:kubernetes/cmd/kubeadm/app/util/error.go':[
62,
],
'project:kubernetes/cmd/kubelet/app/server.go':[
126,
347,
651,
],
'project:kubernetes/cmd/kubelet/app/server_unsupported.go':[
23,
],
'project:kubernetes/cmd/libs/go2idl/client-gen/generators/client_generator.go':[
126,
143,
188,
],
'project:kubernetes/cmd/libs/go2idl/client-gen/generators/fake/fake_client_generator.go':[
80,
107,
],
'project:kubernetes/cmd/libs/go2idl/conversion-gen/generators/conversion.go':[
83,
299,
304,
],
'project:kubernetes/cmd/libs/go2idl/go-to-protobuf/protobuf/import_tracker.go':[
32,
],
'project:kubernetes/cmd/libs/go2idl/go-to-protobuf/protobuf/parser.go':[
357,
],
'project:kubernetes/cmd/libs/go2idl/informer-gen/generators/packages.go':[
226,
253,
260,
282,
294,
308,
335,
],
'project:kubernetes/cmd/libs/go2idl/lister-gen/generators/lister.go':[
132,
156,
],
'project:kubernetes/cmd/libs/go2idl/openapi-gen/generators/openapi.go':[
133,
136,
],
'project:kubernetes/cmd/mungedocs/headers.go':[
59,
],
'project:kubernetes/cmd/mungedocs/kubectl_dash_f.go':[
28,
],
'project:kubernetes/cmd/mungedocs/mungedocs.go':[
152,
],
'project:kubernetes/cmd/mungedocs/preformatted.go':[
23,
46,
],
'project:kubernetes/cmd/mungedocs/toc.go':[
36,
],
'project:kubernetes/cmd/mungedocs/whitespace.go':[
20,
],
'project:kubernetes/examples/explorer/explorer.go':[
54,
62,
67,
70,
],
'project:kubernetes/examples/guestbook-go/main.go':[
51,
56,
],
'project:kubernetes/federation/cmd/federation-apiserver/app/server.go':[
69,
],
'project:kubernetes/federation/cmd/federation-controller-manager/app/controllermanager.go':[
71,
],
'project:kubernetes/federation/pkg/dnsprovider/providers/aws/route53/route53.go':[
54,
],
'project:kubernetes/federation/pkg/dnsprovider/providers/aws/route53/rrsets.go':[
39,
61,
],
'project:kubernetes/federation/pkg/dnsprovider/providers/aws/route53/zones.go':[
37,
],
'project:kubernetes/federation/pkg/dnsprovider/tests/commontests.go':[
164,
],
'project:kubernetes/federation/pkg/federation-controller/deployment/deploymentcontroller.go':[
112,
130,
133,
139,
152,
],
'project:kubernetes/federation/pkg/federation-controller/ingress/ingress_controller.go':[
166,
],
'project:kubernetes/federation/pkg/federation-controller/namespace/namespace_controller.go':[
133,
152,
],
'project:kubernetes/federation/pkg/federation-controller/replicaset/replicasetcontroller.go':[
114,
132,
135,
141,
154,
],
'project:kubernetes/federation/pkg/federation-controller/service/servicecontroller.go':[
140,
],
'project:kubernetes/federation/pkg/federation-controller/sync/controller.go':[
146,
168,
],
'project:kubernetes/federation/pkg/federation-controller/util/test/test_helper.go':[
168,
179,
295,
],
'project:kubernetes/federation/pkg/kubefed/init/init.go':[
557,
],
'project:kubernetes/federation/pkg/kubefed/join.go':[
537,
],
'project:kubernetes/federation/pkg/kubefed/kubefed.go':[
34,
75,
],
'project:kubernetes/pkg/api/testing/fuzzer.go':[
111,
117,
121,
429,
465,
468,
503,
583,
620,
683,
717,
736,
745,
754,
],
'project:kubernetes/pkg/api/v1/conversion.go':[
285,
327,
709,
],
'project:kubernetes/pkg/api/validation/validation.go':[
214,
870,
2956,
],
'project:kubernetes/pkg/apis/abac/v0/conversion.go':[
31,
],
'project:kubernetes/pkg/apis/admissionregistration/validation/validation.go':[
174,
244,
],
'project:kubernetes/pkg/apis/apps/v1beta1/conversion.go':[
168,
179,
191,
210,
],
'project:kubernetes/pkg/apis/autoscaling/v1/conversion.go':[
236,
255,
],
'project:kubernetes/pkg/apis/batch/validation/validation.go':[
155,
],
'project:kubernetes/pkg/apis/certificates/validation/validation.go':[
44,
],
'project:kubernetes/pkg/apis/extensions/v1beta1/conversion.go':[
85,
104,
390,
401,
],
'project:kubernetes/pkg/apis/networking/v1/conversion.go':[
157,
168,
],
'project:kubernetes/pkg/apis/rbac/validation/validation.go':[
29,
],
'project:kubernetes/pkg/client/clientset_generated/clientset/typed/core/v1/event_expansion.go':[
145,
],
'project:kubernetes/pkg/client/clientset_generated/internalclientset/typed/core/internalversion/event_expansion.go':[
146,
],
'project:kubernetes/pkg/controller/bootstrap/tokencleaner.go':[
94,
],
'project:kubernetes/pkg/controller/cloud/nodecontroller.go':[
252,
],
'project:kubernetes/pkg/controller/cronjob/cronjob_controller.go':[
364,
],
'project:kubernetes/pkg/controller/endpoint/endpoints_controller.go':[
85,
],
'project:kubernetes/pkg/controller/job/jobcontroller.go':[
105,
],
'project:kubernetes/pkg/controller/namespace/namespace_controller.go':[
89,
],
'project:kubernetes/pkg/controller/node/controller_utils.go':[
335,
],
'project:kubernetes/pkg/controller/node/timed_workers.go':[
84,
],
'project:kubernetes/pkg/controller/volume/attachdetach/testing/testvolumespec.go':[
67,
127,
],
'project:kubernetes/pkg/controller/volume/persistentvolume/pv_controller_base.go':[
100,
111,
],
'project:kubernetes/pkg/kubectl/cmd/apiversions.go':[
44,
],
'project:kubernetes/pkg/kubectl/cmd/apply_set_last_applied.go':[
91,
],
'project:kubernetes/pkg/kubectl/cmd/auth/cani.go':[
95,
],
'project:kubernetes/pkg/kubectl/cmd/certificates.go':[
38,
],
'project:kubernetes/pkg/kubectl/cmd/clusterinfo.go':[
51,
],
'project:kubernetes/pkg/kubectl/cmd/clusterinfo_dump.go':[
42,
],
'project:kubernetes/pkg/kubectl/cmd/cmd.go':[
387,
],
'project:kubernetes/pkg/kubectl/cmd/config/create_authinfo.go':[
107,
],
'project:kubernetes/pkg/kubectl/cmd/config/create_cluster.go':[
70,
],
'project:kubernetes/pkg/kubectl/cmd/config/create_context.go':[
61,
],
'project:kubernetes/pkg/kubectl/cmd/config/current_context.go':[
52,
],
'project:kubernetes/pkg/kubectl/cmd/config/delete_cluster.go':[
42,
],
'project:kubernetes/pkg/kubectl/cmd/config/delete_context.go':[
42,
],
'project:kubernetes/pkg/kubectl/cmd/config/get_clusters.go':[
44,
],
'project:kubernetes/pkg/kubectl/cmd/config/set.go':[
62,
],
'project:kubernetes/pkg/kubectl/cmd/config/unset.go':[
50,
],
'project:kubernetes/pkg/kubectl/cmd/config/use_context.go':[
52,
],
'project:kubernetes/pkg/kubectl/cmd/config/view.go':[
70,
],
'project:kubernetes/pkg/kubectl/cmd/convert.go':[
70,
],
'project:kubernetes/pkg/kubectl/cmd/logs.go':[
96,
],
'project:kubernetes/pkg/kubectl/cmd/options.go':[
41,
],
'project:kubernetes/pkg/kubectl/cmd/proxy.go':[
78,
],
'project:kubernetes/pkg/kubectl/cmd/rollout/rollout_status.go':[
150,
],
'project:kubernetes/pkg/kubectl/cmd/templates/templater.go':[
75,
],
'project:kubernetes/pkg/kubectl/cmd/util/editor/editoptions.go':[
362,
371,
503,
593,
605,
],
'project:kubernetes/pkg/kubectl/cmd/version.go':[
52,
],
'project:kubernetes/pkg/kubectl/rolling_updater.go':[
696,
],
'project:kubernetes/pkg/kubectl/stop.go':[
224,
],
'project:kubernetes/pkg/kubectl/util/util.go':[
29,
],
'project:kubernetes/pkg/kubelet/cadvisor/cadvisor_unsupported.go':[
34,
],
'project:kubernetes/pkg/kubelet/cadvisor/cadvisor_windows.go':[
33,
],
'project:kubernetes/pkg/kubelet/cm/cgroup_manager_unsupported.go':[
73,
77,
],
'project:kubernetes/pkg/kubelet/cm/container_manager_unsupported.go':[
75,
],
'project:kubernetes/pkg/kubelet/cm/container_manager_windows.go':[
41,
],
'project:kubernetes/pkg/kubelet/cm/helpers_unsupported.go':[
33,
38,
43,
52,
],
'project:kubernetes/pkg/kubelet/cm/util/cgroups_unsupported.go':[
21,
],
'project:kubernetes/pkg/kubelet/config/file.go':[
52,
],
'project:kubernetes/pkg/kubelet/container/pty_unsupported.go':[
26,
],
'project:kubernetes/pkg/kubelet/dockershim/docker_image.go':[
141,
],
'project:kubernetes/pkg/kubelet/eviction/threshold_notifier_unsupported.go':[
25,
],
'project:kubernetes/pkg/kubelet/network/kubenet/kubenet_unsupported.go':[
33,
],
'project:kubernetes/pkg/kubelet/pod_workers.go':[
320,
],
'project:kubernetes/pkg/kubelet/rkt/log.go':[
40,
],
'project:kubernetes/pkg/kubelet/rkt/rkt.go':[
233,
],
'project:kubernetes/pkg/kubelet/server/portforward/httpstream.go':[
75,
],
'project:kubernetes/pkg/kubelet/server/portforward/websocket.go':[
96,
],
'project:kubernetes/pkg/kubelet/util/util_linux.go':[
54,
],
'project:kubernetes/pkg/kubelet/util/util_unsupported.go':[
27,
31,
],
'project:kubernetes/pkg/kubelet/util/util_windows.go':[
43,
],
'project:kubernetes/pkg/master/tunneler/ssh.go':[
53,
],
'project:kubernetes/pkg/printers/internalversion/describe.go':[
1275,
],
'project:kubernetes/pkg/printers/internalversion/printers.go':[
1963,
],
'project:kubernetes/pkg/proxy/iptables/proxier.go':[
769,
],
'project:kubernetes/pkg/proxy/userspace/rlimit_windows.go':[
21,
],
'project:kubernetes/pkg/proxy/winuserspace/proxier.go':[
141,
155,
],
'project:kubernetes/pkg/quota/generic/evaluator.go':[
61,
],
'project:kubernetes/pkg/registry/autoscaling/horizontalpodautoscaler/strategy.go':[
89,
],
'project:kubernetes/pkg/registry/core/limitrange/strategy.go':[
79,
],
'project:kubernetes/pkg/registry/core/node/strategy.go':[
176,
],
'project:kubernetes/pkg/registry/core/podtemplate/strategy.go':[
87,
],
'project:kubernetes/pkg/registry/extensions/thirdpartyresource/strategy.go':[
100,
],
'project:kubernetes/pkg/registry/extensions/thirdpartyresourcedata/strategy.go':[
98,
],
'project:kubernetes/pkg/registry/rbac/clusterrole/policybased/storage.go':[
60,
],
'project:kubernetes/pkg/registry/rbac/clusterrole/strategy.go':[
125,
],
'project:kubernetes/pkg/registry/rbac/clusterrolebinding/policybased/storage.go':[
71,
],
'project:kubernetes/pkg/registry/rbac/clusterrolebinding/strategy.go':[
125,
],
'project:kubernetes/pkg/registry/rbac/role/policybased/storage.go':[
60,
],
'project:kubernetes/pkg/registry/rbac/role/strategy.go':[
125,
],
'project:kubernetes/pkg/registry/rbac/rolebinding/policybased/storage.go':[
77,
],
'project:kubernetes/pkg/registry/rbac/rolebinding/strategy.go':[
125,
],
'project:kubernetes/pkg/security/podsecuritypolicy/selinux/runasany.go':[
31,
],
'project:kubernetes/pkg/security/podsecuritypolicy/user/nonroot.go':[
31,
],
'project:kubernetes/pkg/security/podsecuritypolicy/user/runasany.go':[
31,
],
'project:kubernetes/pkg/util/async/runner.go':[
33,
],
'project:kubernetes/pkg/util/bandwidth/unsupported.go':[
30,
],
'project:kubernetes/pkg/util/configz/configz.go':[
71,
],
'project:kubernetes/pkg/util/flock/flock_other.go':[
22,
],
'project:kubernetes/pkg/util/iptables/iptables_unsupported.go':[
26,
30,
],
'project:kubernetes/pkg/util/oom/oom_fake.go':[
23,
29,
33,
],
'project:kubernetes/pkg/util/oom/oom_unsupported.go':[
34,
38,
],
'project:kubernetes/pkg/util/procfs/procfs_unsupported.go':[
39,
45,
],
'project:kubernetes/pkg/util/resourcecontainer/resource_container_unsupported.go':[
25,
],
'project:kubernetes/pkg/util/rlimit/rlimit_unsupported.go':[
25,
],
'project:kubernetes/pkg/util/term/setsize_unsupported.go':[
25,
],
'project:kubernetes/pkg/util/umask_windows.go':[
25,
],
'project:kubernetes/pkg/volume/flexvolume/driver-call.go':[
166,
],
'project:kubernetes/pkg/volume/util/atomic_writer.go':[
315,
],
'project:kubernetes/pkg/volume/util/fs_unsupported.go':[
28,
32,
36,
],
'project:kubernetes/pkg/volume/util/operationexecutor/operation_generator.go':[
731,
],
'project:kubernetes/pkg/volume/volume_unsupported.go':[
21,
],
'project:kubernetes/plugin/cmd/kube-scheduler/app/server.go':[
59,
],
'project:kubernetes/plugin/pkg/admission/admit/admission.go':[
27,
],
'project:kubernetes/plugin/pkg/admission/alwayspullimages/admission.go':[
37,
],
'project:kubernetes/plugin/pkg/admission/antiaffinity/admission.go':[
31,
],
'project:kubernetes/plugin/pkg/admission/defaulttolerationseconds/admission.go':[
43,
],
'project:kubernetes/plugin/pkg/admission/deny/admission.go':[
28,
],
'project:kubernetes/plugin/pkg/admission/exec/admission.go':[
34,
40,
],
'project:kubernetes/plugin/pkg/admission/gc/gc_admission.go':[
35,
],
'project:kubernetes/plugin/pkg/admission/initialization/initialization.go':[
43,
],
'project:kubernetes/plugin/pkg/admission/initialresources/admission.go':[
50,
],
'project:kubernetes/plugin/pkg/admission/initialresources/influxdb.go':[
39,
],
'project:kubernetes/plugin/pkg/admission/limitranger/admission.go':[
48,
],
'project:kubernetes/plugin/pkg/admission/namespace/autoprovision/admission.go':[
35,
],
'project:kubernetes/plugin/pkg/admission/namespace/exists/admission.go':[
35,
],
'project:kubernetes/plugin/pkg/admission/noderestriction/admission.go':[
41,
144,
149,
],
'project:kubernetes/plugin/pkg/admission/persistentvolume/label/admission.go':[
37,
],
'project:kubernetes/plugin/pkg/admission/podpreset/admission.go':[
46,
],
'project:kubernetes/plugin/pkg/admission/resourcequota/apis/resourcequota/v1alpha1/defaults.go':[
25,
],
'project:kubernetes/plugin/pkg/admission/security/podsecuritypolicy/admission.go':[
49,
177,
],
'project:kubernetes/plugin/pkg/admission/securitycontext/scdeny/admission.go':[
30,
],
'project:kubernetes/plugin/pkg/admission/serviceaccount/admission.go':[
58,
154,
],
'project:kubernetes/plugin/pkg/admission/storageclass/setdefault/admission.go':[
43,
],
'project:kubernetes/plugin/pkg/admission/webhook/admission.go':[
69,
],
'project:kubernetes/plugin/pkg/scheduler/algorithm/predicates/predicates.go':[
184,
694,
705,
1235,
1243,
1249,
1290,
],
'project:kubernetes/plugin/pkg/scheduler/algorithm/priorities/image_locality.go':[
32,
],
'project:kubernetes/plugin/pkg/scheduler/algorithm/priorities/metadata.go':[
32,
],
'project:kubernetes/plugin/pkg/scheduler/algorithm/priorities/node_affinity.go':[
78,
],
'project:kubernetes/plugin/pkg/scheduler/algorithm/priorities/node_prefer_avoid_pods.go':[
29,
],
'project:kubernetes/plugin/pkg/scheduler/algorithm/priorities/taint_toleration.go':[
77,
],
'project:kubernetes/plugin/pkg/scheduler/algorithm/types.go':[
61,
],
'project:kubernetes/plugin/pkg/scheduler/algorithmprovider/defaults/defaults.go':[
59,
],
'project:kubernetes/plugin/pkg/scheduler/factory/factory.go':[
176,
],
'project:kubernetes/plugin/pkg/scheduler/factory/plugins.go':[
136,
235,
],
'project:kubernetes/staging/src/k8s.io/apiextensions-apiserver/pkg/cmd/server/start.go':[
60,
],
'project:kubernetes/staging/src/k8s.io/apimachinery/pkg/api/testing/fuzzer.go':[
50,
56,
],
'project:kubernetes/staging/src/k8s.io/apimachinery/pkg/api/testing/roundtrip.go':[
218,
],
'project:kubernetes/staging/src/k8s.io/apimachinery/pkg/apis/meta/internalversion/conversion.go':[
55,
66,
],
'project:kubernetes/staging/src/k8s.io/apimachinery/pkg/apis/meta/internalversion/register.go':[
51,
],
'project:kubernetes/staging/src/k8s.io/apimachinery/pkg/apis/meta/v1/conversion.go':[
74,
83,
89,
98,
104,
113,
119,
128,
138,
147,
158,
166,
172,
178,
185,
193,
202,
211,
219,
228,
233,
244,
],
'project:kubernetes/staging/src/k8s.io/apimachinery/pkg/apis/meta/v1/types.go':[
776,
781,
],
'project:kubernetes/staging/src/k8s.io/apimachinery/pkg/apis/meta/v1/watch.go':[
40,
57,
],
'project:kubernetes/staging/src/k8s.io/apimachinery/pkg/conversion/cloner.go':[
45,
],
'project:kubernetes/staging/src/k8s.io/apimachinery/pkg/conversion/converter.go':[
125,
],
'project:kubernetes/staging/src/k8s.io/apimachinery/pkg/runtime/conversion.go':[
49,
57,
73,
87,
],
'project:kubernetes/staging/src/k8s.io/apimachinery/pkg/runtime/embedded.go':[
91,
112,
],
'project:kubernetes/staging/src/k8s.io/apimachinery/pkg/util/httpstream/httpstream.go':[
41,
],
'project:kubernetes/staging/src/k8s.io/apimachinery/pkg/util/runtime/runtime.go':[
69,
],
'project:kubernetes/staging/src/k8s.io/apimachinery/pkg/watch/watch.go':[
97,
],
'project:kubernetes/staging/src/k8s.io/apimachinery/third_party/forked/golang/json/fields.go':[
368,
],
'project:kubernetes/staging/src/k8s.io/apiserver/pkg/admission/plugin/namespace/lifecycle/admission.go':[
55,
],
'project:kubernetes/staging/src/k8s.io/apiserver/pkg/admission/plugins.go':[
45,
],
'project:kubernetes/staging/src/k8s.io/apiserver/pkg/apis/example/fuzzer/fuzzer.go':[
67,
],
'project:kubernetes/staging/src/k8s.io/apiserver/pkg/apis/example/v1/conversion.go':[
23,
],
'project:kubernetes/staging/src/k8s.io/apiserver/pkg/apis/example/v1/defaults.go':[
23,
],
'project:kubernetes/staging/src/k8s.io/apiserver/pkg/authentication/request/anonymous/anonymous.go':[
33,
],
'project:kubernetes/staging/src/k8s.io/apiserver/pkg/authentication/serviceaccount/util.go':[
63,
],
'project:kubernetes/staging/src/k8s.io/apiserver/pkg/endpoints/filters/authentication.go':[
87,
93,
],
'project:kubernetes/staging/src/k8s.io/apiserver/pkg/endpoints/handlers/patch.go':[
110,
],
'project:kubernetes/staging/src/k8s.io/apiserver/pkg/endpoints/handlers/responsewriters/errors.go':[
40,
],
'project:kubernetes/staging/src/k8s.io/apiserver/pkg/endpoints/handlers/responsewriters/writers.go':[
89,
],
'project:kubernetes/staging/src/k8s.io/apiserver/pkg/endpoints/handlers/rest.go':[
830,
],
'project:kubernetes/staging/src/k8s.io/apiserver/pkg/endpoints/installer.go':[
863,
],
'project:kubernetes/staging/src/k8s.io/apiserver/pkg/registry/generic/registry/storage_factory.go':[
36,
],
'project:kubernetes/staging/src/k8s.io/apiserver/pkg/registry/generic/registry/store.go':[
211,
680,
1230,
],
'project:kubernetes/staging/src/k8s.io/apiserver/pkg/registry/generic/storage_decorator.go':[
44,
],
'project:kubernetes/staging/src/k8s.io/apiserver/pkg/registry/rest/resttest/resttest.go':[
630,
],
'project:kubernetes/staging/src/k8s.io/apiserver/pkg/server/filters/longrunning.go':[
28,
],
'project:kubernetes/staging/src/k8s.io/apiserver/pkg/server/filters/timeout.go':[
70,
],
'project:kubernetes/staging/src/k8s.io/apiserver/pkg/server/healthz/healthz.go':[
57,
],
'project:kubernetes/staging/src/k8s.io/apiserver/pkg/server/httplog/log.go':[
114,
],
'project:kubernetes/staging/src/k8s.io/apiserver/pkg/server/openapi/openapi_aggregator.go':[
46,
],
'project:kubernetes/staging/src/k8s.io/apiserver/pkg/util/flag/flags.go':[
28,
36,
],
'project:kubernetes/staging/src/k8s.io/apiserver/pkg/util/wsstream/conn.go':[
108,
],
'project:kubernetes/staging/src/k8s.io/client-go/discovery/discovery_client.go':[
316,
],
'project:kubernetes/staging/src/k8s.io/client-go/examples/workqueue/main.go':[
181,
],
'project:kubernetes/staging/src/k8s.io/client-go/kubernetes/typed/core/v1/event_expansion.go':[
145,
],
'project:kubernetes/staging/src/k8s.io/client-go/pkg/api/v1/conversion.go':[
285,
327,
709,
],
'project:kubernetes/staging/src/k8s.io/client-go/pkg/apis/apps/v1beta1/conversion.go':[
168,
179,
191,
210,
],
'project:kubernetes/staging/src/k8s.io/client-go/pkg/apis/autoscaling/v1/conversion.go':[
236,
255,
],
'project:kubernetes/staging/src/k8s.io/client-go/pkg/apis/extensions/v1beta1/conversion.go':[
85,
104,
390,
401,
],
'project:kubernetes/staging/src/k8s.io/client-go/pkg/apis/networking/v1/conversion.go':[
157,
168,
],
'project:kubernetes/staging/src/k8s.io/client-go/pkg/util/umask_windows.go':[
25,
],
'project:kubernetes/staging/src/k8s.io/client-go/plugin/pkg/client/auth/azure/azure.go':[
277,
],
'project:kubernetes/staging/src/k8s.io/client-go/rest/client.go':[
192,
],
'project:kubernetes/staging/src/k8s.io/client-go/testing/fixture.go':[
393,
],
'project:kubernetes/staging/src/k8s.io/client-go/tools/clientcmd/client_config.go':[
190,
],
'project:kubernetes/staging/src/k8s.io/client-go/tools/record/events_cache.go':[
66,
],
'project:kubernetes/staging/src/k8s.io/kube-aggregator/pkg/apis/apiregistration/validation/validation.go':[
34,
],
'project:kubernetes/staging/src/k8s.io/kube-aggregator/pkg/cmd/server/start.go':[
65,
],
'project:kubernetes/staging/src/k8s.io/sample-apiserver/pkg/cmd/server/start.go':[
59,
],
'project:kubernetes/test/e2e/autoscaling/cluster_size_autoscaling.go':[
613,
],
'project:kubernetes/test/e2e/cluster-logging/utils.go':[
141,
],
'project:kubernetes/test/e2e/common/downward_api.go':[
220,
],
'project:kubernetes/test/e2e/common/empty_dir.go':[
130,
189,
240,
],
'project:kubernetes/test/e2e/common/events.go':[
65,
],
'project:kubernetes/test/e2e/daemon_restart.go':[
232,
],
'project:kubernetes/test/e2e/dns.go':[
45,
],
'project:kubernetes/test/e2e/e2e.go':[
229,
],
'project:kubernetes/test/e2e/examples.go':[
377,
],
'project:kubernetes/test/e2e/framework/framework.go':[
661,
],
'project:kubernetes/test/e2e/framework/kubelet_stats.go':[
262,
],
'project:kubernetes/test/e2e/framework/networking_utils.go':[
836,
],
'project:kubernetes/test/e2e/framework/service_util.go':[
1287,
1335,
1336,
],
'project:kubernetes/test/e2e/framework/statefulset_utils.go':[
360,
],
'project:kubernetes/test/e2e/framework/util.go':[
663,
680,
694,
706,
2420,
5292,
],
'project:kubernetes/test/e2e/garbage_collector.go':[
70,
116,
],
'project:kubernetes/test/e2e/kubectl.go':[
245,
309,
1738,
1952,
],
'project:kubernetes/test/e2e/monitoring.go':[
232,
],
'project:kubernetes/test/e2e/network_partition.go':[
178,
549,
],
'project:kubernetes/test/e2e/networking_perf.go':[
89,
],
'project:kubernetes/test/e2e/perf/density.go':[
625,
],
'project:kubernetes/test/e2e/service_latency.go':[
300,
],
'project:kubernetes/test/e2e/storage/persistent_volumes-disruptive.go':[
156,
174,
],
'project:kubernetes/test/e2e/storage/volume_provisioning.go':[
688,
],
'project:kubernetes/test/e2e/storage/vsphere_volume_placement.go':[
329,
],
'project:kubernetes/test/e2e/ubernetes_lite.go':[
74,
190,
380,
],
'project:kubernetes/test/e2e_federation/namespace.go':[
244,
255,
],
'project:kubernetes/test/e2e_node/remote/remote.go':[
163,
],
'project:kubernetes/test/e2e_node/util.go':[
94,
122,
],
'project:kubernetes/test/images/clusterapi-tester/main.go':[
60,
],
'project:kubernetes/test/images/fakegitserver/gitserver.go':[
24,
],
'project:kubernetes/test/images/n-way-http/server.go':[
42,
48,
],
'project:kubernetes/test/images/netexec/netexec.go':[
97,
121,
128,
137,
350,
],
'project:kubernetes/test/images/network-tester/webserver.go':[
204,
],
'project:kubernetes/test/images/porter/porter.go':[
59,
69,
],
'project:kubernetes/test/integration/federation/framework/controller.go':[
33,
],
'project:kubernetes/test/integration/framework/master_utils.go':[
158,
431,
443,
],
'project:kubernetes/test/utils/runners.go':[
774,
1003,
],
'project:kubernetes/third_party/forked/etcd221/pkg/fileutil/perallocate_unsupported.go':[
26,
],
'project:kubernetes/third_party/forked/etcd237/pkg/fileutil/perallocate_unsupported.go':[
26,
],
'project:kubernetes/third_party/forked/gonum/graph/simple/directed_acyclic.go':[
34,
47,
63,
76,
],
'project:kubernetes/third_party/forked/gonum/graph/simple/undirected.go':[
83,
162,
185,
],
'project:samples/RedundantParentheses.go':[
3,
],
'project:samples/TooManyParameters.go':[
4,
7,
],
}
