{
'project:kubernetes/cluster/images/etcd/rollback/rollback.go':[
272,
],
'project:kubernetes/cmd/cloud-controller-manager/app/controllermanager.go':[
69,
],
'project:kubernetes/cmd/kube-apiserver/app/server.go':[
102,
],
'project:kubernetes/cmd/kube-controller-manager/app/controllermanager.go':[
88,
],
'project:kubernetes/cmd/kubelet/app/server.go':[
126,
],
'project:kubernetes/federation/client/clientset_generated/federation_clientset/import_known_versions.go':[
24,
],
'project:kubernetes/federation/cmd/federation-apiserver/app/server.go':[
69,
],
'project:kubernetes/federation/cmd/federation-controller-manager/app/controllermanager.go':[
71,
],
'project:kubernetes/federation/registry/cluster/strategy.go':[
80,
],
'project:kubernetes/pkg/client/metrics/metrics.go':[
57,
61,
],
'project:kubernetes/pkg/cloudprovider/providers/aws/aws.go':[
913,
],
'project:kubernetes/pkg/cloudprovider/providers/azure/azure.go':[
355,
],
'project:kubernetes/pkg/cloudprovider/providers/cloudstack/cloudstack.go':[
86,
],
'project:kubernetes/pkg/cloudprovider/providers/fake/fake.go':[
87,
],
'project:kubernetes/pkg/cloudprovider/providers/mesos/mesos.go':[
94,
],
'project:kubernetes/pkg/cloudprovider/providers/openstack/openstack.go':[
269,
],
'project:kubernetes/pkg/cloudprovider/providers/ovirt/ovirt.go':[
121,
],
'project:kubernetes/pkg/cloudprovider/providers/photon/photon.go':[
297,
],
'project:kubernetes/pkg/cloudprovider/providers/rackspace/rackspace.go':[
222,
],
'project:kubernetes/pkg/cloudprovider/providers/vsphere/vsphere.go':[
240,
],
'project:kubernetes/pkg/controller/node/testutil/test_utils.go':[
361,
],
'project:kubernetes/pkg/controller/podautoscaler/rate_limitters.go':[
46,
],
'project:kubernetes/pkg/kubectl/cmd/templates/markdown.go':[
123,
124,
125,
126,
127,
],
'project:kubernetes/pkg/kubectl/cmd/testing/fake.go':[
211,
448,
455,
458,
],
'project:kubernetes/pkg/kubelet/configmap/configmap_manager.go':[
70,
73,
],
'project:kubernetes/pkg/kubelet/configmap/fake_manager.go':[
36,
39,
],
'project:kubernetes/pkg/kubelet/container/testing/fake_cache.go':[
42,
45,
48,
],
'project:kubernetes/pkg/kubelet/dockershim/securitycontext/fake.go':[
32,
34,
],
'project:kubernetes/pkg/kubelet/network/hostport/fake_iptables.go':[
327,
330,
],
'project:kubernetes/pkg/kubelet/network/plugins.go':[
229,
],
'project:kubernetes/pkg/kubelet/prober/testing/fake_manager.go':[
27,
28,
29,
30,
],
'project:kubernetes/pkg/kubelet/secret/fake_manager.go':[
36,
39,
],
'project:kubernetes/pkg/kubelet/secret/secret_manager.go':[
70,
73,
],
'project:kubernetes/pkg/kubemark/hollow_proxy.go':[
50,
54,
55,
56,
57,
58,
59,
60,
61,
],
'project:kubernetes/pkg/proxy/userspace/proxier.go':[
513,
],
'project:kubernetes/pkg/proxy/userspace/roundrobin.go':[
357,
],
'project:kubernetes/pkg/proxy/winuserspace/proxier.go':[
448,
],
'project:kubernetes/pkg/proxy/winuserspace/roundrobin.go':[
346,
],
'project:kubernetes/pkg/registry/admissionregistration/externaladmissionhookconfiguration/strategy.go':[
76,
],
'project:kubernetes/pkg/registry/admissionregistration/initializerconfiguration/strategy.go':[
76,
],
'project:kubernetes/pkg/registry/apps/controllerrevision/strategy.go':[
56,
],
'project:kubernetes/pkg/registry/apps/statefulset/strategy.go':[
89,
],
'project:kubernetes/pkg/registry/autoscaling/horizontalpodautoscaler/strategy.go':[
64,
],
'project:kubernetes/pkg/registry/batch/cronjob/strategy.go':[
76,
],
'project:kubernetes/pkg/registry/batch/job/strategy.go':[
132,
],
'project:kubernetes/pkg/registry/certificates/certificates/strategy.go':[
100,
156,
],
'project:kubernetes/pkg/registry/core/configmap/strategy.go':[
66,
],
'project:kubernetes/pkg/registry/core/endpoint/strategy.go':[
51,
55,
],
'project:kubernetes/pkg/registry/core/event/strategy.go':[
47,
50,
59,
],
'project:kubernetes/pkg/registry/core/limitrange/strategy.go':[
54,
63,
],
'project:kubernetes/pkg/registry/core/namespace/strategy.go':[
89,
],
'project:kubernetes/pkg/registry/core/node/strategy.go':[
82,
133,
],
'project:kubernetes/pkg/registry/core/persistentvolume/strategy.go':[
62,
],
'project:kubernetes/pkg/registry/core/persistentvolumeclaim/strategy.go':[
60,
],
'project:kubernetes/pkg/registry/core/pod/strategy.go':[
88,
],
'project:kubernetes/pkg/registry/core/podtemplate/strategy.go':[
60,
],
'project:kubernetes/pkg/registry/core/replicationcontroller/strategy.go':[
96,
],
'project:kubernetes/pkg/registry/core/resourcequota/strategy.go':[
69,
],
'project:kubernetes/pkg/registry/core/secret/strategy.go':[
54,
61,
68,
],
'project:kubernetes/pkg/registry/core/service/strategy.go':[
69,
],
'project:kubernetes/pkg/registry/core/serviceaccount/strategy.go':[
57,
],
'project:kubernetes/pkg/registry/extensions/daemonset/strategy.go':[
107,
],
'project:kubernetes/pkg/registry/extensions/deployment/strategy.go':[
72,
],
'project:kubernetes/pkg/registry/extensions/ingress/strategy.go':[
83,
],
'project:kubernetes/pkg/registry/extensions/networkpolicy/strategy.go':[
76,
],
'project:kubernetes/pkg/registry/extensions/podsecuritypolicy/strategy.go':[
62,
65,
68,
],
'project:kubernetes/pkg/registry/extensions/replicaset/strategy.go':[
95,
],
'project:kubernetes/pkg/registry/extensions/thirdpartyresource/strategy.go':[
55,
63,
70,
],
'project:kubernetes/pkg/registry/extensions/thirdpartyresourcedata/strategy.go':[
53,
61,
68,
],
'project:kubernetes/pkg/registry/networking/networkpolicy/strategy.go':[
76,
],
'project:kubernetes/pkg/registry/policy/poddisruptionbudget/strategy.go':[
81,
],
'project:kubernetes/pkg/registry/settings/podpreset/strategy.go':[
71,
],
'project:kubernetes/pkg/registry/storage/storageclass/strategy.go':[
60,
],
'project:kubernetes/pkg/util/async/bounded_frequency_runner.go':[
57,
],
'project:kubernetes/pkg/util/iptables/testing/fake.go':[
96,
98,
],
'project:kubernetes/plugin/cmd/kube-scheduler/app/server.go':[
59,
],
'project:kubernetes/plugin/pkg/admission/resourcequota/apis/resourcequota/v1alpha1/defaults.go':[
25,
],
'project:kubernetes/staging/src/k8s.io/apiextensions-apiserver/pkg/registry/customresource/strategy.go':[
59,
62,
77,
],
'project:kubernetes/staging/src/k8s.io/apiextensions-apiserver/pkg/registry/customresourcedefinition/strategy.go':[
48,
51,
66,
103,
],
'project:kubernetes/staging/src/k8s.io/apimachinery/pkg/apis/meta/v1/unstructured/unstructured.go':[
60,
61,
],
'project:kubernetes/staging/src/k8s.io/apimachinery/pkg/runtime/schema/interfaces.go':[
37,
],
'project:kubernetes/staging/src/k8s.io/apimachinery/pkg/watch/watch.go':[
76,
],
'project:kubernetes/staging/src/k8s.io/apiserver/pkg/storage/etcd/etcd_watcher.go':[
173,
],
'project:kubernetes/staging/src/k8s.io/client-go/tools/cache/mutation_detector.go':[
52,
54,
],
'project:kubernetes/staging/src/k8s.io/client-go/tools/cache/shared_informer.go':[
161,
],
'project:kubernetes/staging/src/k8s.io/client-go/tools/metrics/metrics.go':[
57,
61,
],
'project:kubernetes/staging/src/k8s.io/client-go/tools/record/fake.go':[
45,
],
'project:kubernetes/staging/src/k8s.io/client-go/util/flowcontrol/throttle.go':[
91,
112,
114,
],
'project:kubernetes/staging/src/k8s.io/client-go/util/workqueue/default_rate_limiters.go':[
62,
],
'project:kubernetes/staging/src/k8s.io/client-go/util/workqueue/metrics.go':[
53,
54,
55,
],
'project:kubernetes/staging/src/k8s.io/kube-aggregator/pkg/registry/apiservice/strategy.go':[
76,
114,
],
'project:kubernetes/staging/src/k8s.io/sample-apiserver/pkg/registry/wardle/strategy.go':[
47,
50,
66,
],
'project:kubernetes/test/e2e/framework/service_util.go':[
1335,
1336,
],
'project:kubernetes/test/e2e/scheduling/priorities.go':[
69,
],
'project:kubernetes/test/images/net/main.go':[
161,
],
'project:samples/TooManyParameters.go':[
7,
],
}
