{
'project:samples/NoHardcodedCredentialsCheck.go':[
4,
],
}
