mode: set
fuzzy/dir/cover.go:3.27,4.11 1 1
fuzzy/dir/cover.go:4.11,5.12 1 1
fuzzy/dir/cover.go:5.12,5.28 1 1
fuzzy/dir/cover.go:5.28,5.46 1 0
fuzzy/dir/cover.go:6.3,11.3 1 0
doesntexists.go:6.3,11.3 1 0
