mode: set
github.com\SonarSource\sonar-go\sonar-go-plugin\src\test\resources\coverage\cover.go:3.27,4.11 1 1
github.com\SonarSource\sonar-go\sonar-go-plugin\src\test\resources\coverage\cover.go:4.11,5.12 1 1
github.com\SonarSource\sonar-go\sonar-go-plugin\src\test\resources\coverage\cover.go:5.12,5.28 1 1
github.com\SonarSource\sonar-go\sonar-go-plugin\src\test\resources\coverage\cover.go:5.28,5.46 1 0
github.com\SonarSource\sonar-go\sonar-go-plugin\src\test\resources\coverage\cover.go:6.3,8.3 1 0
